B2B conference benchmark: 120 run(s), objective=IdleRange(P*)
Canonical instances: 20 (family=all, SHA-256 deduplicated)
Domain mode(s): full, reduced
MaxSAT backend: uwrmaxsat
SAT backend: cadical
Instance forumt-14crafe.original: P×G=pairwise+direct
[1/120] forumt-14crafe.original | full | incremental | P=pairwise | G=direct | imp12+
[IncrementalSAT] initial IdleRange(P*)=6
[IncrementalSAT] IdleRange(P*) <= 2: SAT
[IncrementalSAT] IdleRange(P*) <= 0: UNSAT
[IncrementalSAT] IdleRange(P*) <= 1: UNSAT
    SAT | IdleRange(P*)=2 | time=0.22404s | config=F-PW-DE-ST-IRP-IS-CD-IC12P
[2/120] forumt-14crafe.original | full | multiple | P=pairwise | G=direct | imp12+
[MultipleSAT] initial IdleRange(P*)=6
[MultipleSAT] IdleRange(P*) <= 2: SAT
[MultipleSAT] IdleRange(P*) <= 0: UNSAT
[MultipleSAT] IdleRange(P*) <= 1: UNSAT
    SAT | IdleRange(P*)=2 | time=0.299264s | config=F-PW-DE-ST-IRP-NIS-CD-IC12P
[3/120] forumt-14crafe.original | full | maxsat | P=pairwise | G=direct | imp12+
[MaxSAT/UWrMaxSAT] running /home/dclng566/solver-build/uwrmaxsat/build/release/bin/uwrmaxsat with timeout=7199.6s
[MaxSAT/UWrMaxSAT] optimum IdleRange(P*)=2 (cost=2)
[MaxSAT/UWrMaxSAT] process exit code=30
    SAT | IdleRange(P*)=2 | time=0.504271s | config=F-PW-DE-ST-IRP-UW-IC12P
[4/120] forumt-14crafe.original | reduced | incremental | P=pairwise | G=direct | imp12+
[IncrementalSAT] initial IdleRange(P*)=8
[IncrementalSAT] IdleRange(P*) <= 3: SAT
[IncrementalSAT] IdleRange(P*) <= 1: UNSAT
[IncrementalSAT] IdleRange(P*) <= 2: SAT
    SAT | IdleRange(P*)=2 | time=0.279273s | config=R-PW-DE-ST-IRP-IS-CD-IC12P
[5/120] forumt-14crafe.original | reduced | multiple | P=pairwise | G=direct | imp12+
[MultipleSAT] initial IdleRange(P*)=8
[MultipleSAT] IdleRange(P*) <= 3: SAT
[MultipleSAT] IdleRange(P*) <= 1: UNSAT
[MultipleSAT] IdleRange(P*) <= 2: SAT
    SAT | IdleRange(P*)=2 | time=0.308745s | config=R-PW-DE-ST-IRP-NIS-CD-IC12P
[6/120] forumt-14crafe.original | reduced | maxsat | P=pairwise | G=direct | imp12+
[MaxSAT/UWrMaxSAT] running /home/dclng566/solver-build/uwrmaxsat/build/release/bin/uwrmaxsat with timeout=7199.61s
[MaxSAT/UWrMaxSAT] optimum IdleRange(P*)=2 (cost=2)
[MaxSAT/UWrMaxSAT] process exit code=30
    SAT | IdleRange(P*)=2 | time=0.438345s | config=R-PW-DE-ST-IRP-UW-IC12P
    Excel: /home/dclng566/projects/Business-Meeting-Scheduling-Problem/output/ic12p-gcp-ic12p-20260723T023309Z/main/excel_data_table03_origin/forumt-14crafe.original.xlsx
Instance tic-12crafc.original: P×G=pairwise+direct
[7/120] tic-12crafc.original | full | incremental | P=pairwise | G=direct | imp12+
[IncrementalSAT] initial IdleRange(P*)=6
[IncrementalSAT] IdleRange(P*) <= 2: SAT
[IncrementalSAT] IdleRange(P*) <= 0: SAT
    SAT | IdleRange(P*)=0 | time=0.076353s | config=F-PW-DE-ST-IRP-IS-CD-IC12P
[8/120] tic-12crafc.original | full | multiple | P=pairwise | G=direct | imp12+
[MultipleSAT] initial IdleRange(P*)=6
[MultipleSAT] IdleRange(P*) <= 2: SAT
[MultipleSAT] IdleRange(P*) <= 0: SAT
    SAT | IdleRange(P*)=0 | time=0.110792s | config=F-PW-DE-ST-IRP-NIS-CD-IC12P
[9/120] tic-12crafc.original | full | maxsat | P=pairwise | G=direct | imp12+
[MaxSAT/UWrMaxSAT] running /home/dclng566/solver-build/uwrmaxsat/build/release/bin/uwrmaxsat with timeout=7199.69s
[MaxSAT/UWrMaxSAT] optimum IdleRange(P*)=0 (cost=0)
[MaxSAT/UWrMaxSAT] process exit code=30
    SAT | IdleRange(P*)=0 | time=0.175176s | config=F-PW-DE-ST-IRP-UW-IC12P
[10/120] tic-12crafc.original | reduced | incremental | P=pairwise | G=direct | imp12+
[IncrementalSAT] initial IdleRange(P*)=6
[IncrementalSAT] IdleRange(P*) <= 2: SAT
[IncrementalSAT] IdleRange(P*) <= 0: SAT
    SAT | IdleRange(P*)=0 | time=0.075801s | config=R-PW-DE-ST-IRP-IS-CD-IC12P
[11/120] tic-12crafc.original | reduced | multiple | P=pairwise | G=direct | imp12+
[MultipleSAT] initial IdleRange(P*)=6
[MultipleSAT] IdleRange(P*) <= 2: SAT
[MultipleSAT] IdleRange(P*) <= 0: SAT
    SAT | IdleRange(P*)=0 | time=0.110253s | config=R-PW-DE-ST-IRP-NIS-CD-IC12P
[12/120] tic-12crafc.original | reduced | maxsat | P=pairwise | G=direct | imp12+
[MaxSAT/UWrMaxSAT] running /home/dclng566/solver-build/uwrmaxsat/build/release/bin/uwrmaxsat with timeout=7199.69s
[MaxSAT/UWrMaxSAT] optimum IdleRange(P*)=0 (cost=0)
[MaxSAT/UWrMaxSAT] process exit code=30
    SAT | IdleRange(P*)=0 | time=0.173313s | config=R-PW-DE-ST-IRP-UW-IC12P
    Excel: /home/dclng566/projects/Business-Meeting-Scheduling-Problem/output/ic12p-gcp-ic12p-20260723T023309Z/main/excel_data_table03_origin/tic-12crafc.original.xlsx
Instance forum-13.original: P×G=pairwise+direct
[13/120] forum-13.original | full | incremental | P=pairwise | G=direct | imp12+
[IncrementalSAT] initial IdleRange(P*)=12
[IncrementalSAT] IdleRange(P*) <= 5: SAT
[IncrementalSAT] IdleRange(P*) <= 2: SAT
[IncrementalSAT] IdleRange(P*) <= 0: SAT
    SAT | IdleRange(P*)=0 | time=0.536181s | config=F-PW-DE-ST-IRP-IS-CD-IC12P
[14/120] forum-13.original | full | multiple | P=pairwise | G=direct | imp12+
[MultipleSAT] initial IdleRange(P*)=12
[MultipleSAT] IdleRange(P*) <= 5: SAT
[MultipleSAT] IdleRange(P*) <= 2: SAT
[MultipleSAT] IdleRange(P*) <= 0: SAT
    SAT | IdleRange(P*)=0 | time=0.724082s | config=F-PW-DE-ST-IRP-NIS-CD-IC12P
[15/120] forum-13.original | full | maxsat | P=pairwise | G=direct | imp12+
[MaxSAT/UWrMaxSAT] running /home/dclng566/solver-build/uwrmaxsat/build/release/bin/uwrmaxsat with timeout=7199.52s
[MaxSAT/UWrMaxSAT] optimum IdleRange(P*)=0 (cost=0)
[MaxSAT/UWrMaxSAT] process exit code=30
    SAT | IdleRange(P*)=0 | time=0.688667s | config=F-PW-DE-ST-IRP-UW-IC12P
[16/120] forum-13.original | reduced | incremental | P=pairwise | G=direct | imp12+
[IncrementalSAT] initial IdleRange(P*)=12
[IncrementalSAT] IdleRange(P*) <= 5: SAT
[IncrementalSAT] IdleRange(P*) <= 2: SAT
[IncrementalSAT] IdleRange(P*) <= 0: SAT
    SAT | IdleRange(P*)=0 | time=0.495594s | config=R-PW-DE-ST-IRP-IS-CD-IC12P
[17/120] forum-13.original | reduced | multiple | P=pairwise | G=direct | imp12+
[MultipleSAT] initial IdleRange(P*)=12
[MultipleSAT] IdleRange(P*) <= 5: SAT
[MultipleSAT] IdleRange(P*) <= 2: SAT
[MultipleSAT] IdleRange(P*) <= 0: SAT
    SAT | IdleRange(P*)=0 | time=0.578495s | config=R-PW-DE-ST-IRP-NIS-CD-IC12P
[18/120] forum-13.original | reduced | maxsat | P=pairwise | G=direct | imp12+
[MaxSAT/UWrMaxSAT] running /home/dclng566/solver-build/uwrmaxsat/build/release/bin/uwrmaxsat with timeout=7199.53s
[MaxSAT/UWrMaxSAT] optimum IdleRange(P*)=0 (cost=0)
[MaxSAT/UWrMaxSAT] process exit code=30
    SAT | IdleRange(P*)=0 | time=0.723486s | config=R-PW-DE-ST-IRP-UW-IC12P
    Excel: /home/dclng566/projects/Business-Meeting-Scheduling-Problem/output/ic12p-gcp-ic12p-20260723T023309Z/main/excel_data_table03_origin/forum-13.original.xlsx
Instance tic-13crafc.original: P×G=pairwise+direct
[19/120] tic-13crafc.original | full | incremental | P=pairwise | G=direct | imp12+
[IncrementalSAT] initial IdleRange(P*)=5
[IncrementalSAT] IdleRange(P*) <= 2: SAT
[IncrementalSAT] IdleRange(P*) <= 0: UNSAT
[IncrementalSAT] IdleRange(P*) <= 1: SAT
    SAT | IdleRange(P*)=1 | time=0.227218s | config=F-PW-DE-ST-IRP-IS-CD-IC12P
[20/120] tic-13crafc.original | full | multiple | P=pairwise | G=direct | imp12+
[MultipleSAT] initial IdleRange(P*)=5
[MultipleSAT] IdleRange(P*) <= 2: SAT
[MultipleSAT] IdleRange(P*) <= 0: UNSAT
[MultipleSAT] IdleRange(P*) <= 1: SAT
    SAT | IdleRange(P*)=1 | time=0.315632s | config=F-PW-DE-ST-IRP-NIS-CD-IC12P
[21/120] tic-13crafc.original | full | maxsat | P=pairwise | G=direct | imp12+
[MaxSAT/UWrMaxSAT] running /home/dclng566/solver-build/uwrmaxsat/build/release/bin/uwrmaxsat with timeout=7199.64s
[MaxSAT/UWrMaxSAT] optimum IdleRange(P*)=1 (cost=1)
[MaxSAT/UWrMaxSAT] process exit code=30
    SAT | IdleRange(P*)=1 | time=0.379199s | config=F-PW-DE-ST-IRP-UW-IC12P
[22/120] tic-13crafc.original | reduced | incremental | P=pairwise | G=direct | imp12+
[IncrementalSAT] initial IdleRange(P*)=5
[IncrementalSAT] IdleRange(P*) <= 2: SAT
[IncrementalSAT] IdleRange(P*) <= 0: UNSAT
[IncrementalSAT] IdleRange(P*) <= 1: SAT
    SAT | IdleRange(P*)=1 | time=0.22752s | config=R-PW-DE-ST-IRP-IS-CD-IC12P
[23/120] tic-13crafc.original | reduced | multiple | P=pairwise | G=direct | imp12+
[MultipleSAT] initial IdleRange(P*)=5
[MultipleSAT] IdleRange(P*) <= 2: SAT
[MultipleSAT] IdleRange(P*) <= 0: UNSAT
[MultipleSAT] IdleRange(P*) <= 1: SAT
    SAT | IdleRange(P*)=1 | time=0.316256s | config=R-PW-DE-ST-IRP-NIS-CD-IC12P
[24/120] tic-13crafc.original | reduced | maxsat | P=pairwise | G=direct | imp12+
[MaxSAT/UWrMaxSAT] running /home/dclng566/solver-build/uwrmaxsat/build/release/bin/uwrmaxsat with timeout=7199.64s
[MaxSAT/UWrMaxSAT] optimum IdleRange(P*)=1 (cost=1)
[MaxSAT/UWrMaxSAT] process exit code=30
    SAT | IdleRange(P*)=1 | time=0.381094s | config=R-PW-DE-ST-IRP-UW-IC12P
    Excel: /home/dclng566/projects/Business-Meeting-Scheduling-Problem/output/ic12p-gcp-ic12p-20260723T023309Z/main/excel_data_table03_origin/tic-13crafc.original.xlsx
Instance tic-14crafc.original: P×G=pairwise+direct
[25/120] tic-14crafc.original | full | incremental | P=pairwise | G=direct | imp12+
[IncrementalSAT] initial IdleRange(P*)=5
[IncrementalSAT] IdleRange(P*) <= 2: SAT
[IncrementalSAT] IdleRange(P*) <= 0: SAT
    SAT | IdleRange(P*)=0 | time=0.217878s | config=F-PW-DE-ST-IRP-IS-CD-IC12P
[26/120] tic-14crafc.original | full | multiple | P=pairwise | G=direct | imp12+
[MultipleSAT] initial IdleRange(P*)=5
[MultipleSAT] IdleRange(P*) <= 2: SAT
[MultipleSAT] IdleRange(P*) <= 0: SAT
    SAT | IdleRange(P*)=0 | time=0.311313s | config=F-PW-DE-ST-IRP-NIS-CD-IC12P
[27/120] tic-14crafc.original | full | maxsat | P=pairwise | G=direct | imp12+
[MaxSAT/UWrMaxSAT] running /home/dclng566/solver-build/uwrmaxsat/build/release/bin/uwrmaxsat with timeout=7199.61s
[MaxSAT/UWrMaxSAT] optimum IdleRange(P*)=0 (cost=0)
[MaxSAT/UWrMaxSAT] process exit code=30
    SAT | IdleRange(P*)=0 | time=0.447549s | config=F-PW-DE-ST-IRP-UW-IC12P
[28/120] tic-14crafc.original | reduced | incremental | P=pairwise | G=direct | imp12+
[IncrementalSAT] initial IdleRange(P*)=5
[IncrementalSAT] IdleRange(P*) <= 2: SAT
[IncrementalSAT] IdleRange(P*) <= 0: SAT
    SAT | IdleRange(P*)=0 | time=0.211564s | config=R-PW-DE-ST-IRP-IS-CD-IC12P
[29/120] tic-14crafc.original | reduced | multiple | P=pairwise | G=direct | imp12+
[MultipleSAT] initial IdleRange(P*)=5
[MultipleSAT] IdleRange(P*) <= 2: SAT
[MultipleSAT] IdleRange(P*) <= 0: SAT
    SAT | IdleRange(P*)=0 | time=0.3097s | config=R-PW-DE-ST-IRP-NIS-CD-IC12P
[30/120] tic-14crafc.original | reduced | maxsat | P=pairwise | G=direct | imp12+
[MaxSAT/UWrMaxSAT] running /home/dclng566/solver-build/uwrmaxsat/build/release/bin/uwrmaxsat with timeout=7199.6s
[MaxSAT/UWrMaxSAT] optimum IdleRange(P*)=0 (cost=0)
[MaxSAT/UWrMaxSAT] process exit code=30
    SAT | IdleRange(P*)=0 | time=0.453698s | config=R-PW-DE-ST-IRP-UW-IC12P
    Excel: /home/dclng566/projects/Business-Meeting-Scheduling-Problem/output/ic12p-gcp-ic12p-20260723T023309Z/main/excel_data_table03_origin/tic-14crafc.original.xlsx
Instance forum-13crafc.original: P×G=pairwise+direct
[31/120] forum-13crafc.original | full | incremental | P=pairwise | G=direct | imp12+
[IncrementalSAT] initial IdleRange(P*)=16
[IncrementalSAT] IdleRange(P*) <= 7: SAT
[IncrementalSAT] IdleRange(P*) <= 3: SAT
[IncrementalSAT] IdleRange(P*) <= 1: SAT
[IncrementalSAT] IdleRange(P*) <= 0: SAT
    SAT | IdleRange(P*)=0 | time=1.799102s | config=F-PW-DE-ST-IRP-IS-CD-IC12P
[32/120] forum-13crafc.original | full | multiple | P=pairwise | G=direct | imp12+
[MultipleSAT] initial IdleRange(P*)=16
[MultipleSAT] IdleRange(P*) <= 7: SAT
[MultipleSAT] IdleRange(P*) <= 3: SAT
[MultipleSAT] IdleRange(P*) <= 1: SAT
[MultipleSAT] IdleRange(P*) <= 0: SAT
    SAT | IdleRange(P*)=0 | time=1.172515s | config=F-PW-DE-ST-IRP-NIS-CD-IC12P
[33/120] forum-13crafc.original | full | maxsat | P=pairwise | G=direct | imp12+
[MaxSAT/UWrMaxSAT] running /home/dclng566/solver-build/uwrmaxsat/build/release/bin/uwrmaxsat with timeout=7199.51s
[MaxSAT/UWrMaxSAT] optimum IdleRange(P*)=0 (cost=0)
[MaxSAT/UWrMaxSAT] process exit code=30
    SAT | IdleRange(P*)=0 | time=0.77235s | config=F-PW-DE-ST-IRP-UW-IC12P
[34/120] forum-13crafc.original | reduced | incremental | P=pairwise | G=direct | imp12+
[IncrementalSAT] initial IdleRange(P*)=16
[IncrementalSAT] IdleRange(P*) <= 7: SAT
[IncrementalSAT] IdleRange(P*) <= 3: SAT
[IncrementalSAT] IdleRange(P*) <= 1: SAT
[IncrementalSAT] IdleRange(P*) <= 0: SAT
    SAT | IdleRange(P*)=0 | time=1.930393s | config=R-PW-DE-ST-IRP-IS-CD-IC12P
[35/120] forum-13crafc.original | reduced | multiple | P=pairwise | G=direct | imp12+
[MultipleSAT] initial IdleRange(P*)=16
[MultipleSAT] IdleRange(P*) <= 7: SAT
[MultipleSAT] IdleRange(P*) <= 3: SAT
[MultipleSAT] IdleRange(P*) <= 1: SAT
[MultipleSAT] IdleRange(P*) <= 0: SAT
    SAT | IdleRange(P*)=0 | time=0.971769s | config=R-PW-DE-ST-IRP-NIS-CD-IC12P
[36/120] forum-13crafc.original | reduced | maxsat | P=pairwise | G=direct | imp12+
[MaxSAT/UWrMaxSAT] running /home/dclng566/solver-build/uwrmaxsat/build/release/bin/uwrmaxsat with timeout=7199.54s
[MaxSAT/UWrMaxSAT] optimum IdleRange(P*)=0 (cost=0)
[MaxSAT/UWrMaxSAT] process exit code=30
    SAT | IdleRange(P*)=0 | time=0.685924s | config=R-PW-DE-ST-IRP-UW-IC12P
    Excel: /home/dclng566/projects/Business-Meeting-Scheduling-Problem/output/ic12p-gcp-ic12p-20260723T023309Z/main/excel_data_table03_origin/forum-13crafc.original.xlsx
Instance forumt-14crafc.original: P×G=pairwise+direct
[37/120] forumt-14crafc.original | full | incremental | P=pairwise | G=direct | imp12+
[IncrementalSAT] initial IdleRange(P*)=7
[IncrementalSAT] IdleRange(P*) <= 3: SAT
[IncrementalSAT] IdleRange(P*) <= 1: UNSAT
[IncrementalSAT] IdleRange(P*) <= 2: SAT
    SAT | IdleRange(P*)=2 | time=0.195308s | config=F-PW-DE-ST-IRP-IS-CD-IC12P
[38/120] forumt-14crafc.original | full | multiple | P=pairwise | G=direct | imp12+
[MultipleSAT] initial IdleRange(P*)=7
[MultipleSAT] IdleRange(P*) <= 3: SAT
[MultipleSAT] IdleRange(P*) <= 1: UNSAT
[MultipleSAT] IdleRange(P*) <= 2: SAT
    SAT | IdleRange(P*)=2 | time=0.297024s | config=F-PW-DE-ST-IRP-NIS-CD-IC12P
[39/120] forumt-14crafc.original | full | maxsat | P=pairwise | G=direct | imp12+
[MaxSAT/UWrMaxSAT] running /home/dclng566/solver-build/uwrmaxsat/build/release/bin/uwrmaxsat with timeout=7199.61s
[MaxSAT/UWrMaxSAT] optimum IdleRange(P*)=2 (cost=2)
[MaxSAT/UWrMaxSAT] process exit code=30
    SAT | IdleRange(P*)=2 | time=0.444315s | config=F-PW-DE-ST-IRP-UW-IC12P
[40/120] forumt-14crafc.original | reduced | incremental | P=pairwise | G=direct | imp12+
[IncrementalSAT] initial IdleRange(P*)=6
[IncrementalSAT] IdleRange(P*) <= 2: SAT
[IncrementalSAT] IdleRange(P*) <= 0: UNSAT
[IncrementalSAT] IdleRange(P*) <= 1: UNSAT
    SAT | IdleRange(P*)=2 | time=0.181679s | config=R-PW-DE-ST-IRP-IS-CD-IC12P
[41/120] forumt-14crafc.original | reduced | multiple | P=pairwise | G=direct | imp12+
[MultipleSAT] initial IdleRange(P*)=6
[MultipleSAT] IdleRange(P*) <= 2: SAT
[MultipleSAT] IdleRange(P*) <= 0: UNSAT
[MultipleSAT] IdleRange(P*) <= 1: UNSAT
    SAT | IdleRange(P*)=2 | time=0.283582s | config=R-PW-DE-ST-IRP-NIS-CD-IC12P
[42/120] forumt-14crafc.original | reduced | maxsat | P=pairwise | G=direct | imp12+
[MaxSAT/UWrMaxSAT] running /home/dclng566/solver-build/uwrmaxsat/build/release/bin/uwrmaxsat with timeout=7199.62s
[MaxSAT/UWrMaxSAT] optimum IdleRange(P*)=2 (cost=2)
[MaxSAT/UWrMaxSAT] process exit code=30
    SAT | IdleRange(P*)=2 | time=0.399359s | config=R-PW-DE-ST-IRP-UW-IC12P
    Excel: /home/dclng566/projects/Business-Meeting-Scheduling-Problem/output/ic12p-gcp-ic12p-20260723T023309Z/main/excel_data_table03_origin/forumt-14crafc.original.xlsx
Instance forum-14.original: P×G=pairwise+direct
[43/120] forum-14.original | full | incremental | P=pairwise | G=direct | imp12+
[IncrementalSAT] initial IdleRange(P*)=20
[IncrementalSAT] IdleRange(P*) <= 9: SAT
[IncrementalSAT] IdleRange(P*) <= 4: SAT
[IncrementalSAT] IdleRange(P*) <= 1: UNSAT
[IncrementalSAT] IdleRange(P*) <= 2: UNSAT
[IncrementalSAT] IdleRange(P*) <= 3: UNSAT
    SAT | IdleRange(P*)=4 | time=1.429265s | config=F-PW-DE-ST-IRP-IS-CD-IC12P
[44/120] forum-14.original | full | multiple | P=pairwise | G=direct | imp12+
[MultipleSAT] initial IdleRange(P*)=20
[MultipleSAT] IdleRange(P*) <= 9: SAT
[MultipleSAT] IdleRange(P*) <= 4: SAT
[MultipleSAT] IdleRange(P*) <= 1: UNSAT
[MultipleSAT] IdleRange(P*) <= 2: UNSAT
[MultipleSAT] IdleRange(P*) <= 3: UNSAT
    SAT | IdleRange(P*)=4 | time=2.163656s | config=F-PW-DE-ST-IRP-NIS-CD-IC12P
[45/120] forum-14.original | full | maxsat | P=pairwise | G=direct | imp12+
[MaxSAT/UWrMaxSAT] running /home/dclng566/solver-build/uwrmaxsat/build/release/bin/uwrmaxsat with timeout=7198.63s
[MaxSAT/UWrMaxSAT] optimum IdleRange(P*)=4 (cost=4)
[MaxSAT/UWrMaxSAT] process exit code=30
    SAT | IdleRange(P*)=4 | time=2.375983s | config=F-PW-DE-ST-IRP-UW-IC12P
[46/120] forum-14.original | reduced | incremental | P=pairwise | G=direct | imp12+
[IncrementalSAT] initial IdleRange(P*)=20
[IncrementalSAT] IdleRange(P*) <= 9: SAT
[IncrementalSAT] IdleRange(P*) <= 4: SAT
[IncrementalSAT] IdleRange(P*) <= 1: UNSAT
[IncrementalSAT] IdleRange(P*) <= 2: UNSAT
[IncrementalSAT] IdleRange(P*) <= 3: UNSAT
    SAT | IdleRange(P*)=4 | time=1.379998s | config=R-PW-DE-ST-IRP-IS-CD-IC12P
[47/120] forum-14.original | reduced | multiple | P=pairwise | G=direct | imp12+
[MultipleSAT] initial IdleRange(P*)=20
[MultipleSAT] IdleRange(P*) <= 9: SAT
[MultipleSAT] IdleRange(P*) <= 4: SAT
[MultipleSAT] IdleRange(P*) <= 1: UNSAT
[MultipleSAT] IdleRange(P*) <= 2: UNSAT
[MultipleSAT] IdleRange(P*) <= 3: UNSAT
    SAT | IdleRange(P*)=4 | time=1.894874s | config=R-PW-DE-ST-IRP-NIS-CD-IC12P
[48/120] forum-14.original | reduced | maxsat | P=pairwise | G=direct | imp12+
[MaxSAT/UWrMaxSAT] running /home/dclng566/solver-build/uwrmaxsat/build/release/bin/uwrmaxsat with timeout=7198.69s
[MaxSAT/UWrMaxSAT] optimum IdleRange(P*)=4 (cost=4)
[MaxSAT/UWrMaxSAT] process exit code=30
    SAT | IdleRange(P*)=4 | time=2.262403s | config=R-PW-DE-ST-IRP-UW-IC12P
    Excel: /home/dclng566/projects/Business-Meeting-Scheduling-Problem/output/ic12p-gcp-ic12p-20260723T023309Z/main/excel_data_table03_origin/forum-14.original.xlsx
Instance tic-14crafa.original: P×G=pairwise+direct
[49/120] tic-14crafa.original | full | incremental | P=pairwise | G=direct | imp12+
[IncrementalSAT] initial IdleRange(P*)=7
[IncrementalSAT] IdleRange(P*) <= 3: SAT
[IncrementalSAT] IdleRange(P*) <= 1: SAT
[IncrementalSAT] IdleRange(P*) <= 0: SAT
    SAT | IdleRange(P*)=0 | time=0.233561s | config=F-PW-DE-ST-IRP-IS-CD-IC12P
[50/120] tic-14crafa.original | full | multiple | P=pairwise | G=direct | imp12+
[MultipleSAT] initial IdleRange(P*)=7
[MultipleSAT] IdleRange(P*) <= 3: SAT
[MultipleSAT] IdleRange(P*) <= 1: SAT
[MultipleSAT] IdleRange(P*) <= 0: SAT
    SAT | IdleRange(P*)=0 | time=0.394462s | config=F-PW-DE-ST-IRP-NIS-CD-IC12P
[51/120] tic-14crafa.original | full | maxsat | P=pairwise | G=direct | imp12+
[MaxSAT/UWrMaxSAT] running /home/dclng566/solver-build/uwrmaxsat/build/release/bin/uwrmaxsat with timeout=7199.61s
[MaxSAT/UWrMaxSAT] optimum IdleRange(P*)=0 (cost=0)
[MaxSAT/UWrMaxSAT] process exit code=30
    SAT | IdleRange(P*)=0 | time=0.444448s | config=F-PW-DE-ST-IRP-UW-IC12P
[52/120] tic-14crafa.original | reduced | incremental | P=pairwise | G=direct | imp12+
[IncrementalSAT] initial IdleRange(P*)=7
[IncrementalSAT] IdleRange(P*) <= 3: SAT
[IncrementalSAT] IdleRange(P*) <= 1: SAT
[IncrementalSAT] IdleRange(P*) <= 0: SAT
    SAT | IdleRange(P*)=0 | time=0.234504s | config=R-PW-DE-ST-IRP-IS-CD-IC12P
[53/120] tic-14crafa.original | reduced | multiple | P=pairwise | G=direct | imp12+
[MultipleSAT] initial IdleRange(P*)=7
[MultipleSAT] IdleRange(P*) <= 3: SAT
[MultipleSAT] IdleRange(P*) <= 1: SAT
[MultipleSAT] IdleRange(P*) <= 0: SAT
    SAT | IdleRange(P*)=0 | time=0.400117s | config=R-PW-DE-ST-IRP-NIS-CD-IC12P
[54/120] tic-14crafa.original | reduced | maxsat | P=pairwise | G=direct | imp12+
[MaxSAT/UWrMaxSAT] running /home/dclng566/solver-build/uwrmaxsat/build/release/bin/uwrmaxsat with timeout=7199.61s
[MaxSAT/UWrMaxSAT] optimum IdleRange(P*)=0 (cost=0)
[MaxSAT/UWrMaxSAT] process exit code=30
    SAT | IdleRange(P*)=0 | time=0.443099s | config=R-PW-DE-ST-IRP-UW-IC12P
    Excel: /home/dclng566/projects/Business-Meeting-Scheduling-Problem/output/ic12p-gcp-ic12p-20260723T023309Z/main/excel_data_table03_origin/tic-14crafa.original.xlsx
Instance forum-13crafb.original: P×G=pairwise+direct
[55/120] forum-13crafb.original | full | incremental | P=pairwise | G=direct | imp12+
[IncrementalSAT] initial IdleRange(P*)=19
[IncrementalSAT] IdleRange(P*) <= 9: SAT
[IncrementalSAT] IdleRange(P*) <= 4: SAT
[IncrementalSAT] IdleRange(P*) <= 1: UNSAT
[IncrementalSAT] IdleRange(P*) <= 2: SAT
    SAT | IdleRange(P*)=2 | time=1.264449s | config=F-PW-DE-ST-IRP-IS-CD-IC12P
[56/120] forum-13crafb.original | full | multiple | P=pairwise | G=direct | imp12+
[MultipleSAT] initial IdleRange(P*)=19
[MultipleSAT] IdleRange(P*) <= 9: SAT
[MultipleSAT] IdleRange(P*) <= 4: SAT
[MultipleSAT] IdleRange(P*) <= 1: UNSAT
[MultipleSAT] IdleRange(P*) <= 2: SAT
    SAT | IdleRange(P*)=2 | time=1.059733s | config=F-PW-DE-ST-IRP-NIS-CD-IC12P
[57/120] forum-13crafb.original | full | maxsat | P=pairwise | G=direct | imp12+
[MaxSAT/UWrMaxSAT] running /home/dclng566/solver-build/uwrmaxsat/build/release/bin/uwrmaxsat with timeout=7199.41s
[MaxSAT/UWrMaxSAT] optimum IdleRange(P*)=2 (cost=2)
[MaxSAT/UWrMaxSAT] process exit code=30
    SAT | IdleRange(P*)=2 | time=1.80136s | config=F-PW-DE-ST-IRP-UW-IC12P
[58/120] forum-13crafb.original | reduced | incremental | P=pairwise | G=direct | imp12+
[IncrementalSAT] initial IdleRange(P*)=20
[IncrementalSAT] IdleRange(P*) <= 9: SAT
[IncrementalSAT] IdleRange(P*) <= 4: SAT
[IncrementalSAT] IdleRange(P*) <= 1: UNSAT
[IncrementalSAT] IdleRange(P*) <= 2: SAT
    SAT | IdleRange(P*)=2 | time=1.205338s | config=R-PW-DE-ST-IRP-IS-CD-IC12P
[59/120] forum-13crafb.original | reduced | multiple | P=pairwise | G=direct | imp12+
[MultipleSAT] initial IdleRange(P*)=20
[MultipleSAT] IdleRange(P*) <= 9: SAT
[MultipleSAT] IdleRange(P*) <= 4: SAT
[MultipleSAT] IdleRange(P*) <= 1: UNSAT
[MultipleSAT] IdleRange(P*) <= 2: SAT
    SAT | IdleRange(P*)=2 | time=0.952058s | config=R-PW-DE-ST-IRP-NIS-CD-IC12P
[60/120] forum-13crafb.original | reduced | maxsat | P=pairwise | G=direct | imp12+
[MaxSAT/UWrMaxSAT] running /home/dclng566/solver-build/uwrmaxsat/build/release/bin/uwrmaxsat with timeout=7199.44s
[MaxSAT/UWrMaxSAT] optimum IdleRange(P*)=2 (cost=2)
[MaxSAT/UWrMaxSAT] process exit code=30
    SAT | IdleRange(P*)=2 | time=1.59727s | config=R-PW-DE-ST-IRP-UW-IC12P
    Excel: /home/dclng566/projects/Business-Meeting-Scheduling-Problem/output/ic12p-gcp-ic12p-20260723T023309Z/main/excel_data_table03_origin/forum-13crafb.original.xlsx
Instance ticf-13crafc.original: P×G=pairwise+direct
[61/120] ticf-13crafc.original | full | incremental | P=pairwise | G=direct | imp12+
[IncrementalSAT] initial IdleRange(P*)=15
[IncrementalSAT] IdleRange(P*) <= 7: SAT
[IncrementalSAT] IdleRange(P*) <= 3: SAT
[IncrementalSAT] IdleRange(P*) <= 1: SAT
[IncrementalSAT] IdleRange(P*) <= 0: SAT
    SAT | IdleRange(P*)=0 | time=1.290902s | config=F-PW-DE-ST-IRP-IS-CD-IC12P
[62/120] ticf-13crafc.original | full | multiple | P=pairwise | G=direct | imp12+
[MultipleSAT] initial IdleRange(P*)=15
[MultipleSAT] IdleRange(P*) <= 7: SAT
[MultipleSAT] IdleRange(P*) <= 3: SAT
[MultipleSAT] IdleRange(P*) <= 1: SAT
[MultipleSAT] IdleRange(P*) <= 0: SAT
    SAT | IdleRange(P*)=0 | time=1.218133s | config=F-PW-DE-ST-IRP-NIS-CD-IC12P
[63/120] ticf-13crafc.original | full | maxsat | P=pairwise | G=direct | imp12+
[MaxSAT/UWrMaxSAT] running /home/dclng566/solver-build/uwrmaxsat/build/release/bin/uwrmaxsat with timeout=7199.51s
[MaxSAT/UWrMaxSAT] optimum IdleRange(P*)=0 (cost=0)
[MaxSAT/UWrMaxSAT] process exit code=30
    SAT | IdleRange(P*)=0 | time=0.858502s | config=F-PW-DE-ST-IRP-UW-IC12P
[64/120] ticf-13crafc.original | reduced | incremental | P=pairwise | G=direct | imp12+
[IncrementalSAT] initial IdleRange(P*)=15
[IncrementalSAT] IdleRange(P*) <= 7: SAT
[IncrementalSAT] IdleRange(P*) <= 3: SAT
[IncrementalSAT] IdleRange(P*) <= 1: SAT
[IncrementalSAT] IdleRange(P*) <= 0: SAT
    SAT | IdleRange(P*)=0 | time=2.05312s | config=R-PW-DE-ST-IRP-IS-CD-IC12P
[65/120] ticf-13crafc.original | reduced | multiple | P=pairwise | G=direct | imp12+
[MultipleSAT] initial IdleRange(P*)=15
[MultipleSAT] IdleRange(P*) <= 7: SAT
[MultipleSAT] IdleRange(P*) <= 3: SAT
[MultipleSAT] IdleRange(P*) <= 1: SAT
[MultipleSAT] IdleRange(P*) <= 0: SAT
    SAT | IdleRange(P*)=0 | time=0.847146s | config=R-PW-DE-ST-IRP-NIS-CD-IC12P
[66/120] ticf-13crafc.original | reduced | maxsat | P=pairwise | G=direct | imp12+
[MaxSAT/UWrMaxSAT] running /home/dclng566/solver-build/uwrmaxsat/build/release/bin/uwrmaxsat with timeout=7199.53s
[MaxSAT/UWrMaxSAT] optimum IdleRange(P*)=0 (cost=0)
[MaxSAT/UWrMaxSAT] process exit code=30
    SAT | IdleRange(P*)=0 | time=0.704102s | config=R-PW-DE-ST-IRP-UW-IC12P
    Excel: /home/dclng566/projects/Business-Meeting-Scheduling-Problem/output/ic12p-gcp-ic12p-20260723T023309Z/main/excel_data_table03_origin/ticf-13crafc.original.xlsx
Instance ticf-13crafb.original: P×G=pairwise+direct
[67/120] ticf-13crafb.original | full | incremental | P=pairwise | G=direct | imp12+
[IncrementalSAT] initial IdleRange(P*)=20
[IncrementalSAT] IdleRange(P*) <= 9: SAT
[IncrementalSAT] IdleRange(P*) <= 4: SAT
[IncrementalSAT] IdleRange(P*) <= 1: UNSAT
[IncrementalSAT] IdleRange(P*) <= 2: SAT
    SAT | IdleRange(P*)=2 | time=1.26329s | config=F-PW-DE-ST-IRP-IS-CD-IC12P
[68/120] ticf-13crafb.original | full | multiple | P=pairwise | G=direct | imp12+
[MultipleSAT] initial IdleRange(P*)=20
[MultipleSAT] IdleRange(P*) <= 9: SAT
[MultipleSAT] IdleRange(P*) <= 4: SAT
[MultipleSAT] IdleRange(P*) <= 1: UNSAT
[MultipleSAT] IdleRange(P*) <= 2: SAT
    SAT | IdleRange(P*)=2 | time=1.004232s | config=F-PW-DE-ST-IRP-NIS-CD-IC12P
[69/120] ticf-13crafb.original | full | maxsat | P=pairwise | G=direct | imp12+
[MaxSAT/UWrMaxSAT] running /home/dclng566/solver-build/uwrmaxsat/build/release/bin/uwrmaxsat with timeout=7199.41s
[MaxSAT/UWrMaxSAT] optimum IdleRange(P*)=2 (cost=2)
[MaxSAT/UWrMaxSAT] process exit code=30
    SAT | IdleRange(P*)=2 | time=2.15198s | config=F-PW-DE-ST-IRP-UW-IC12P
[70/120] ticf-13crafb.original | reduced | incremental | P=pairwise | G=direct | imp12+
[IncrementalSAT] initial IdleRange(P*)=20
[IncrementalSAT] IdleRange(P*) <= 9: SAT
[IncrementalSAT] IdleRange(P*) <= 4: SAT
[IncrementalSAT] IdleRange(P*) <= 1: UNSAT
[IncrementalSAT] IdleRange(P*) <= 2: SAT
    SAT | IdleRange(P*)=2 | time=1.180919s | config=R-PW-DE-ST-IRP-IS-CD-IC12P
[71/120] ticf-13crafb.original | reduced | multiple | P=pairwise | G=direct | imp12+
[MultipleSAT] initial IdleRange(P*)=20
[MultipleSAT] IdleRange(P*) <= 9: SAT
[MultipleSAT] IdleRange(P*) <= 4: SAT
[MultipleSAT] IdleRange(P*) <= 1: UNSAT
[MultipleSAT] IdleRange(P*) <= 2: SAT
    SAT | IdleRange(P*)=2 | time=0.934069s | config=R-PW-DE-ST-IRP-NIS-CD-IC12P
[72/120] ticf-13crafb.original | reduced | maxsat | P=pairwise | G=direct | imp12+
[MaxSAT/UWrMaxSAT] running /home/dclng566/solver-build/uwrmaxsat/build/release/bin/uwrmaxsat with timeout=7199.43s
[MaxSAT/UWrMaxSAT] optimum IdleRange(P*)=2 (cost=2)
[MaxSAT/UWrMaxSAT] process exit code=30
    SAT | IdleRange(P*)=2 | time=1.543657s | config=R-PW-DE-ST-IRP-UW-IC12P
    Excel: /home/dclng566/projects/Business-Meeting-Scheduling-Problem/output/ic12p-gcp-ic12p-20260723T023309Z/main/excel_data_table03_origin/ticf-13crafb.original.xlsx
Instance ticf-14crafa.original: P×G=pairwise+direct
[73/120] ticf-14crafa.original | full | incremental | P=pairwise | G=direct | imp12+
[IncrementalSAT] initial IdleRange(P*)=20
[IncrementalSAT] IdleRange(P*) <= 9: SAT
[IncrementalSAT] IdleRange(P*) <= 4: SAT
[IncrementalSAT] IdleRange(P*) <= 1: SAT
[IncrementalSAT] IdleRange(P*) <= 0: SAT
    SAT | IdleRange(P*)=0 | time=6.914958s | config=F-PW-DE-ST-IRP-IS-CD-IC12P
[74/120] ticf-14crafa.original | full | multiple | P=pairwise | G=direct | imp12+
[MultipleSAT] initial IdleRange(P*)=20
[MultipleSAT] IdleRange(P*) <= 9: SAT
[MultipleSAT] IdleRange(P*) <= 4: SAT
[MultipleSAT] IdleRange(P*) <= 1: SAT
[MultipleSAT] IdleRange(P*) <= 0: SAT
    SAT | IdleRange(P*)=0 | time=5.808838s | config=F-PW-DE-ST-IRP-NIS-CD-IC12P
[75/120] ticf-14crafa.original | full | maxsat | P=pairwise | G=direct | imp12+
[MaxSAT/UWrMaxSAT] running /home/dclng566/solver-build/uwrmaxsat/build/release/bin/uwrmaxsat with timeout=7198.54s
[MaxSAT/UWrMaxSAT] optimum IdleRange(P*)=0 (cost=0)
[MaxSAT/UWrMaxSAT] process exit code=30
    SAT | IdleRange(P*)=0 | time=5.461093s | config=F-PW-DE-ST-IRP-UW-IC12P
[76/120] ticf-14crafa.original | reduced | incremental | P=pairwise | G=direct | imp12+
[IncrementalSAT] initial IdleRange(P*)=20
[IncrementalSAT] IdleRange(P*) <= 9: SAT
[IncrementalSAT] IdleRange(P*) <= 4: SAT
[IncrementalSAT] IdleRange(P*) <= 1: SAT
[IncrementalSAT] IdleRange(P*) <= 0: SAT
    SAT | IdleRange(P*)=0 | time=4.794495s | config=R-PW-DE-ST-IRP-IS-CD-IC12P
[77/120] ticf-14crafa.original | reduced | multiple | P=pairwise | G=direct | imp12+
[MultipleSAT] initial IdleRange(P*)=20
[MultipleSAT] IdleRange(P*) <= 9: SAT
[MultipleSAT] IdleRange(P*) <= 4: SAT
[MultipleSAT] IdleRange(P*) <= 1: SAT
[MultipleSAT] IdleRange(P*) <= 0: SAT
    SAT | IdleRange(P*)=0 | time=3.725421s | config=R-PW-DE-ST-IRP-NIS-CD-IC12P
[78/120] ticf-14crafa.original | reduced | maxsat | P=pairwise | G=direct | imp12+
[MaxSAT/UWrMaxSAT] running /home/dclng566/solver-build/uwrmaxsat/build/release/bin/uwrmaxsat with timeout=7198.55s
[MaxSAT/UWrMaxSAT] optimum IdleRange(P*)=0 (cost=0)
[MaxSAT/UWrMaxSAT] process exit code=30
    SAT | IdleRange(P*)=0 | time=4.411098s | config=R-PW-DE-ST-IRP-UW-IC12P
    Excel: /home/dclng566/projects/Business-Meeting-Scheduling-Problem/output/ic12p-gcp-ic12p-20260723T023309Z/main/excel_data_table03_origin/ticf-14crafa.original.xlsx
Instance ticf-13crafa.original: P×G=pairwise+direct
[79/120] ticf-13crafa.original | full | incremental | P=pairwise | G=direct | imp12+
[IncrementalSAT] initial IdleRange(P*)=12
[IncrementalSAT] IdleRange(P*) <= 5: SAT
[IncrementalSAT] IdleRange(P*) <= 2: SAT
[IncrementalSAT] IdleRange(P*) <= 0: SAT
    SAT | IdleRange(P*)=0 | time=0.634401s | config=F-PW-DE-ST-IRP-IS-CD-IC12P
[80/120] ticf-13crafa.original | full | multiple | P=pairwise | G=direct | imp12+
[MultipleSAT] initial IdleRange(P*)=12
[MultipleSAT] IdleRange(P*) <= 5: SAT
[MultipleSAT] IdleRange(P*) <= 2: SAT
[MultipleSAT] IdleRange(P*) <= 0: SAT
    SAT | IdleRange(P*)=0 | time=0.60134s | config=F-PW-DE-ST-IRP-NIS-CD-IC12P
[81/120] ticf-13crafa.original | full | maxsat | P=pairwise | G=direct | imp12+
[MaxSAT/UWrMaxSAT] running /home/dclng566/solver-build/uwrmaxsat/build/release/bin/uwrmaxsat with timeout=7199.51s
[MaxSAT/UWrMaxSAT] optimum IdleRange(P*)=0 (cost=0)
[MaxSAT/UWrMaxSAT] process exit code=30
    SAT | IdleRange(P*)=0 | time=0.764666s | config=F-PW-DE-ST-IRP-UW-IC12P
[82/120] ticf-13crafa.original | reduced | incremental | P=pairwise | G=direct | imp12+
[IncrementalSAT] initial IdleRange(P*)=12
[IncrementalSAT] IdleRange(P*) <= 5: SAT
[IncrementalSAT] IdleRange(P*) <= 2: SAT
[IncrementalSAT] IdleRange(P*) <= 0: SAT
    SAT | IdleRange(P*)=0 | time=0.491283s | config=R-PW-DE-ST-IRP-IS-CD-IC12P
[83/120] ticf-13crafa.original | reduced | multiple | P=pairwise | G=direct | imp12+
[MultipleSAT] initial IdleRange(P*)=12
[MultipleSAT] IdleRange(P*) <= 5: SAT
[MultipleSAT] IdleRange(P*) <= 2: SAT
[MultipleSAT] IdleRange(P*) <= 0: SAT
    SAT | IdleRange(P*)=0 | time=0.660328s | config=R-PW-DE-ST-IRP-NIS-CD-IC12P
[84/120] ticf-13crafa.original | reduced | maxsat | P=pairwise | G=direct | imp12+
[MaxSAT/UWrMaxSAT] running /home/dclng566/solver-build/uwrmaxsat/build/release/bin/uwrmaxsat with timeout=7199.54s
[MaxSAT/UWrMaxSAT] optimum IdleRange(P*)=0 (cost=0)
[MaxSAT/UWrMaxSAT] process exit code=30
    SAT | IdleRange(P*)=0 | time=0.703506s | config=R-PW-DE-ST-IRP-UW-IC12P
    Excel: /home/dclng566/projects/Business-Meeting-Scheduling-Problem/output/ic12p-gcp-ic12p-20260723T023309Z/main/excel_data_table03_origin/ticf-13crafa.original.xlsx
Instance forumt-14.original: P×G=pairwise+direct
[85/120] forumt-14.original | full | incremental | P=pairwise | G=direct | imp12+
[IncrementalSAT] initial IdleRange(P*)=7
[IncrementalSAT] IdleRange(P*) <= 3: SAT
[IncrementalSAT] IdleRange(P*) <= 1: UNSAT
[IncrementalSAT] IdleRange(P*) <= 2: SAT
    SAT | IdleRange(P*)=2 | time=0.186822s | config=F-PW-DE-ST-IRP-IS-CD-IC12P
[86/120] forumt-14.original | full | multiple | P=pairwise | G=direct | imp12+
[MultipleSAT] initial IdleRange(P*)=7
[MultipleSAT] IdleRange(P*) <= 3: SAT
[MultipleSAT] IdleRange(P*) <= 1: UNSAT
[MultipleSAT] IdleRange(P*) <= 2: SAT
    SAT | IdleRange(P*)=2 | time=0.267741s | config=F-PW-DE-ST-IRP-NIS-CD-IC12P
[87/120] forumt-14.original | full | maxsat | P=pairwise | G=direct | imp12+
[MaxSAT/UWrMaxSAT] running /home/dclng566/solver-build/uwrmaxsat/build/release/bin/uwrmaxsat with timeout=7199.61s
[MaxSAT/UWrMaxSAT] optimum IdleRange(P*)=2 (cost=2)
[MaxSAT/UWrMaxSAT] process exit code=30
    SAT | IdleRange(P*)=2 | time=0.419651s | config=F-PW-DE-ST-IRP-UW-IC12P
[88/120] forumt-14.original | reduced | incremental | P=pairwise | G=direct | imp12+
[IncrementalSAT] initial IdleRange(P*)=7
[IncrementalSAT] IdleRange(P*) <= 3: SAT
[IncrementalSAT] IdleRange(P*) <= 1: UNSAT
[IncrementalSAT] IdleRange(P*) <= 2: SAT
    SAT | IdleRange(P*)=2 | time=0.178677s | config=R-PW-DE-ST-IRP-IS-CD-IC12P
[89/120] forumt-14.original | reduced | multiple | P=pairwise | G=direct | imp12+
[MultipleSAT] initial IdleRange(P*)=7
[MultipleSAT] IdleRange(P*) <= 3: SAT
[MultipleSAT] IdleRange(P*) <= 1: UNSAT
[MultipleSAT] IdleRange(P*) <= 2: SAT
    SAT | IdleRange(P*)=2 | time=0.260788s | config=R-PW-DE-ST-IRP-NIS-CD-IC12P
[90/120] forumt-14.original | reduced | maxsat | P=pairwise | G=direct | imp12+
[MaxSAT/UWrMaxSAT] running /home/dclng566/solver-build/uwrmaxsat/build/release/bin/uwrmaxsat with timeout=7199.62s
[MaxSAT/UWrMaxSAT] optimum IdleRange(P*)=2 (cost=2)
[MaxSAT/UWrMaxSAT] process exit code=30
    SAT | IdleRange(P*)=2 | time=0.398885s | config=R-PW-DE-ST-IRP-UW-IC12P
    Excel: /home/dclng566/projects/Business-Meeting-Scheduling-Problem/output/ic12p-gcp-ic12p-20260723T023309Z/main/excel_data_table03_origin/forumt-14.original.xlsx
Instance tic-14crafd.original: P×G=pairwise+direct
[91/120] tic-14crafd.original | full | incremental | P=pairwise | G=direct | imp12+
[IncrementalSAT] initial IdleRange(P*)=8
[IncrementalSAT] IdleRange(P*) <= 3: SAT
[IncrementalSAT] IdleRange(P*) <= 1: SAT
[IncrementalSAT] IdleRange(P*) <= 0: SAT
    SAT | IdleRange(P*)=0 | time=0.384037s | config=F-PW-DE-ST-IRP-IS-CD-IC12P
[92/120] tic-14crafd.original | full | multiple | P=pairwise | G=direct | imp12+
[MultipleSAT] initial IdleRange(P*)=8
[MultipleSAT] IdleRange(P*) <= 3: SAT
[MultipleSAT] IdleRange(P*) <= 1: SAT
[MultipleSAT] IdleRange(P*) <= 0: SAT
    SAT | IdleRange(P*)=0 | time=0.487753s | config=F-PW-DE-ST-IRP-NIS-CD-IC12P
[93/120] tic-14crafd.original | full | maxsat | P=pairwise | G=direct | imp12+
[MaxSAT/UWrMaxSAT] running /home/dclng566/solver-build/uwrmaxsat/build/release/bin/uwrmaxsat with timeout=7199.6s
[MaxSAT/UWrMaxSAT] optimum IdleRange(P*)=0 (cost=0)
[MaxSAT/UWrMaxSAT] process exit code=30
    SAT | IdleRange(P*)=0 | time=0.349471s | config=F-PW-DE-ST-IRP-UW-IC12P
[94/120] tic-14crafd.original | reduced | incremental | P=pairwise | G=direct | imp12+
[IncrementalSAT] initial IdleRange(P*)=8
[IncrementalSAT] IdleRange(P*) <= 3: SAT
[IncrementalSAT] IdleRange(P*) <= 1: SAT
[IncrementalSAT] IdleRange(P*) <= 0: SAT
    SAT | IdleRange(P*)=0 | time=0.371432s | config=R-PW-DE-ST-IRP-IS-CD-IC12P
[95/120] tic-14crafd.original | reduced | multiple | P=pairwise | G=direct | imp12+
[MultipleSAT] initial IdleRange(P*)=8
[MultipleSAT] IdleRange(P*) <= 3: SAT
[MultipleSAT] IdleRange(P*) <= 1: SAT
[MultipleSAT] IdleRange(P*) <= 0: SAT
    SAT | IdleRange(P*)=0 | time=0.483371s | config=R-PW-DE-ST-IRP-NIS-CD-IC12P
[96/120] tic-14crafd.original | reduced | maxsat | P=pairwise | G=direct | imp12+
[MaxSAT/UWrMaxSAT] running /home/dclng566/solver-build/uwrmaxsat/build/release/bin/uwrmaxsat with timeout=7199.61s
[MaxSAT/UWrMaxSAT] optimum IdleRange(P*)=0 (cost=0)
[MaxSAT/UWrMaxSAT] process exit code=30
    SAT | IdleRange(P*)=0 | time=0.349436s | config=R-PW-DE-ST-IRP-UW-IC12P
    Excel: /home/dclng566/projects/Business-Meeting-Scheduling-Problem/output/ic12p-gcp-ic12p-20260723T023309Z/main/excel_data_table03_origin/tic-14crafd.original.xlsx
Instance tic-13.original: P×G=pairwise+direct
[97/120] tic-13.original | full | incremental | P=pairwise | G=direct | imp12+
[IncrementalSAT] initial IdleRange(P*)=6
[IncrementalSAT] IdleRange(P*) <= 2: SAT
[IncrementalSAT] IdleRange(P*) <= 0: SAT
    SAT | IdleRange(P*)=0 | time=0.224571s | config=F-PW-DE-ST-IRP-IS-CD-IC12P
[98/120] tic-13.original | full | multiple | P=pairwise | G=direct | imp12+
[MultipleSAT] initial IdleRange(P*)=6
[MultipleSAT] IdleRange(P*) <= 2: SAT
[MultipleSAT] IdleRange(P*) <= 0: SAT
    SAT | IdleRange(P*)=0 | time=0.259242s | config=F-PW-DE-ST-IRP-NIS-CD-IC12P
[99/120] tic-13.original | full | maxsat | P=pairwise | G=direct | imp12+
[MaxSAT/UWrMaxSAT] running /home/dclng566/solver-build/uwrmaxsat/build/release/bin/uwrmaxsat with timeout=7199.64s
[MaxSAT/UWrMaxSAT] optimum IdleRange(P*)=0 (cost=0)
[MaxSAT/UWrMaxSAT] process exit code=30
    SAT | IdleRange(P*)=0 | time=0.264522s | config=F-PW-DE-ST-IRP-UW-IC12P
[100/120] tic-13.original | reduced | incremental | P=pairwise | G=direct | imp12+
[IncrementalSAT] initial IdleRange(P*)=6
[IncrementalSAT] IdleRange(P*) <= 2: SAT
[IncrementalSAT] IdleRange(P*) <= 0: SAT
    SAT | IdleRange(P*)=0 | time=0.225796s | config=R-PW-DE-ST-IRP-IS-CD-IC12P
[101/120] tic-13.original | reduced | multiple | P=pairwise | G=direct | imp12+
[MultipleSAT] initial IdleRange(P*)=6
[MultipleSAT] IdleRange(P*) <= 2: SAT
[MultipleSAT] IdleRange(P*) <= 0: SAT
    SAT | IdleRange(P*)=0 | time=0.257511s | config=R-PW-DE-ST-IRP-NIS-CD-IC12P
[102/120] tic-13.original | reduced | maxsat | P=pairwise | G=direct | imp12+
[MaxSAT/UWrMaxSAT] running /home/dclng566/solver-build/uwrmaxsat/build/release/bin/uwrmaxsat with timeout=7199.64s
[MaxSAT/UWrMaxSAT] optimum IdleRange(P*)=0 (cost=0)
[MaxSAT/UWrMaxSAT] process exit code=30
    SAT | IdleRange(P*)=0 | time=0.267839s | config=R-PW-DE-ST-IRP-UW-IC12P
    Excel: /home/dclng566/projects/Business-Meeting-Scheduling-Problem/output/ic12p-gcp-ic12p-20260723T023309Z/main/excel_data_table03_origin/tic-13.original.xlsx
Instance tic-13crafb.original: P×G=pairwise+direct
[103/120] tic-13crafb.original | full | incremental | P=pairwise | G=direct | imp12+
[IncrementalSAT] initial IdleRange(P*)=5
[IncrementalSAT] IdleRange(P*) <= 2: SAT
[IncrementalSAT] IdleRange(P*) <= 0: SAT
    SAT | IdleRange(P*)=0 | time=0.166768s | config=F-PW-DE-ST-IRP-IS-CD-IC12P
[104/120] tic-13crafb.original | full | multiple | P=pairwise | G=direct | imp12+
[MultipleSAT] initial IdleRange(P*)=5
[MultipleSAT] IdleRange(P*) <= 2: SAT
[MultipleSAT] IdleRange(P*) <= 0: SAT
    SAT | IdleRange(P*)=0 | time=0.235258s | config=F-PW-DE-ST-IRP-NIS-CD-IC12P
[105/120] tic-13crafb.original | full | maxsat | P=pairwise | G=direct | imp12+
[MaxSAT/UWrMaxSAT] running /home/dclng566/solver-build/uwrmaxsat/build/release/bin/uwrmaxsat with timeout=7199.64s
[MaxSAT/UWrMaxSAT] optimum IdleRange(P*)=0 (cost=0)
[MaxSAT/UWrMaxSAT] process exit code=30
    SAT | IdleRange(P*)=0 | time=0.26368s | config=F-PW-DE-ST-IRP-UW-IC12P
[106/120] tic-13crafb.original | reduced | incremental | P=pairwise | G=direct | imp12+
[IncrementalSAT] initial IdleRange(P*)=5
[IncrementalSAT] IdleRange(P*) <= 2: SAT
[IncrementalSAT] IdleRange(P*) <= 0: SAT
    SAT | IdleRange(P*)=0 | time=0.16585s | config=R-PW-DE-ST-IRP-IS-CD-IC12P
[107/120] tic-13crafb.original | reduced | multiple | P=pairwise | G=direct | imp12+
[MultipleSAT] initial IdleRange(P*)=5
[MultipleSAT] IdleRange(P*) <= 2: SAT
[MultipleSAT] IdleRange(P*) <= 0: SAT
    SAT | IdleRange(P*)=0 | time=0.229988s | config=R-PW-DE-ST-IRP-NIS-CD-IC12P
[108/120] tic-13crafb.original | reduced | maxsat | P=pairwise | G=direct | imp12+
[MaxSAT/UWrMaxSAT] running /home/dclng566/solver-build/uwrmaxsat/build/release/bin/uwrmaxsat with timeout=7199.63s
[MaxSAT/UWrMaxSAT] optimum IdleRange(P*)=0 (cost=0)
[MaxSAT/UWrMaxSAT] process exit code=30
    SAT | IdleRange(P*)=0 | time=0.264827s | config=R-PW-DE-ST-IRP-UW-IC12P
    Excel: /home/dclng566/projects/Business-Meeting-Scheduling-Problem/output/ic12p-gcp-ic12p-20260723T023309Z/main/excel_data_table03_origin/tic-13crafb.original.xlsx
Instance tic-12.original: P×G=pairwise+direct
[109/120] tic-12.original | full | incremental | P=pairwise | G=direct | imp12+
[IncrementalSAT] initial IdleRange(P*)=6
[IncrementalSAT] IdleRange(P*) <= 2: SAT
[IncrementalSAT] IdleRange(P*) <= 0: SAT
    SAT | IdleRange(P*)=0 | time=0.054074s | config=F-PW-DE-ST-IRP-IS-CD-IC12P
[110/120] tic-12.original | full | multiple | P=pairwise | G=direct | imp12+
[MultipleSAT] initial IdleRange(P*)=6
[MultipleSAT] IdleRange(P*) <= 2: SAT
[MultipleSAT] IdleRange(P*) <= 0: SAT
    SAT | IdleRange(P*)=0 | time=0.068108s | config=F-PW-DE-ST-IRP-NIS-CD-IC12P
[111/120] tic-12.original | full | maxsat | P=pairwise | G=direct | imp12+
[MaxSAT/UWrMaxSAT] running /home/dclng566/solver-build/uwrmaxsat/build/release/bin/uwrmaxsat with timeout=7199.71s
[MaxSAT/UWrMaxSAT] optimum IdleRange(P*)=0 (cost=0)
[MaxSAT/UWrMaxSAT] process exit code=30
    SAT | IdleRange(P*)=0 | time=0.117792s | config=F-PW-DE-ST-IRP-UW-IC12P
[112/120] tic-12.original | reduced | incremental | P=pairwise | G=direct | imp12+
[IncrementalSAT] initial IdleRange(P*)=6
[IncrementalSAT] IdleRange(P*) <= 2: SAT
[IncrementalSAT] IdleRange(P*) <= 0: SAT
    SAT | IdleRange(P*)=0 | time=0.052324s | config=R-PW-DE-ST-IRP-IS-CD-IC12P
[113/120] tic-12.original | reduced | multiple | P=pairwise | G=direct | imp12+
[MultipleSAT] initial IdleRange(P*)=6
[MultipleSAT] IdleRange(P*) <= 2: SAT
[MultipleSAT] IdleRange(P*) <= 0: SAT
    SAT | IdleRange(P*)=0 | time=0.070956s | config=R-PW-DE-ST-IRP-NIS-CD-IC12P
[114/120] tic-12.original | reduced | maxsat | P=pairwise | G=direct | imp12+
[MaxSAT/UWrMaxSAT] running /home/dclng566/solver-build/uwrmaxsat/build/release/bin/uwrmaxsat with timeout=7199.7s
[MaxSAT/UWrMaxSAT] optimum IdleRange(P*)=0 (cost=0)
[MaxSAT/UWrMaxSAT] process exit code=30
    SAT | IdleRange(P*)=0 | time=0.120818s | config=R-PW-DE-ST-IRP-UW-IC12P
    Excel: /home/dclng566/projects/Business-Meeting-Scheduling-Problem/output/ic12p-gcp-ic12p-20260723T023309Z/main/excel_data_table03_origin/tic-12.original.xlsx
Instance forumt-14crafd.original: P×G=pairwise+direct
[115/120] forumt-14crafd.original | full | incremental | P=pairwise | G=direct | imp12+
[IncrementalSAT] initial IdleRange(P*)=8
[IncrementalSAT] IdleRange(P*) <= 3: SAT
[IncrementalSAT] IdleRange(P*) <= 1: UNSAT
[IncrementalSAT] IdleRange(P*) <= 2: SAT
    SAT | IdleRange(P*)=2 | time=0.201435s | config=F-PW-DE-ST-IRP-IS-CD-IC12P
[116/120] forumt-14crafd.original | full | multiple | P=pairwise | G=direct | imp12+
[MultipleSAT] initial IdleRange(P*)=8
[MultipleSAT] IdleRange(P*) <= 3: SAT
[MultipleSAT] IdleRange(P*) <= 1: UNSAT
[MultipleSAT] IdleRange(P*) <= 2: SAT
    SAT | IdleRange(P*)=2 | time=0.27861s | config=F-PW-DE-ST-IRP-NIS-CD-IC12P
[117/120] forumt-14crafd.original | full | maxsat | P=pairwise | G=direct | imp12+
[MaxSAT/UWrMaxSAT] running /home/dclng566/solver-build/uwrmaxsat/build/release/bin/uwrmaxsat with timeout=7199.61s
[MaxSAT/UWrMaxSAT] optimum IdleRange(P*)=2 (cost=2)
[MaxSAT/UWrMaxSAT] process exit code=30
    SAT | IdleRange(P*)=2 | time=0.406453s | config=F-PW-DE-ST-IRP-UW-IC12P
[118/120] forumt-14crafd.original | reduced | incremental | P=pairwise | G=direct | imp12+
[IncrementalSAT] initial IdleRange(P*)=7
[IncrementalSAT] IdleRange(P*) <= 3: SAT
[IncrementalSAT] IdleRange(P*) <= 1: UNSAT
[IncrementalSAT] IdleRange(P*) <= 2: SAT
    SAT | IdleRange(P*)=2 | time=0.194013s | config=R-PW-DE-ST-IRP-IS-CD-IC12P
[119/120] forumt-14crafd.original | reduced | multiple | P=pairwise | G=direct | imp12+
[MultipleSAT] initial IdleRange(P*)=7
[MultipleSAT] IdleRange(P*) <= 3: SAT
[MultipleSAT] IdleRange(P*) <= 1: UNSAT
[MultipleSAT] IdleRange(P*) <= 2: SAT
    SAT | IdleRange(P*)=2 | time=0.281918s | config=R-PW-DE-ST-IRP-NIS-CD-IC12P
[120/120] forumt-14crafd.original | reduced | maxsat | P=pairwise | G=direct | imp12+
[MaxSAT/UWrMaxSAT] running /home/dclng566/solver-build/uwrmaxsat/build/release/bin/uwrmaxsat with timeout=7199.61s
[MaxSAT/UWrMaxSAT] optimum IdleRange(P*)=2 (cost=2)
[MaxSAT/UWrMaxSAT] process exit code=30
    SAT | IdleRange(P*)=2 | time=0.399888s | config=R-PW-DE-ST-IRP-UW-IC12P
    Excel: /home/dclng566/projects/Business-Meeting-Scheduling-Problem/output/ic12p-gcp-ic12p-20260723T023309Z/main/excel_data_table03_origin/forumt-14crafd.original.xlsx
Detailed CSV: /home/dclng566/projects/Business-Meeting-Scheduling-Problem/output/ic12p-gcp-ic12p-20260723T023309Z/main/data_table03_origin_detailed.csv
Aggregate CSV: /home/dclng566/projects/Business-Meeting-Scheduling-Problem/output/ic12p-gcp-ic12p-20260723T023309Z/main/data_table03_origin_aggregate.csv
Per-instance Excel directory: /home/dclng566/projects/Business-Meeting-Scheduling-Problem/output/ic12p-gcp-ic12p-20260723T023309Z/main/excel_data_table03_origin
Completed with errors=0, timeouts=0.
