Found 66 canonical input contents

============================================================
Processing: forum-13crafc.forb0007.dzn
Test number: 1
============================================================
Input parsing completed in 0.0003 seconds
Constraint building completed in 0.4520 seconds
Total variables: 131031
Total hard clauses: 362216
Total soft clauses: 19
Hard objective cap: disabled (added clauses: 0)
UWrMaxSAT optimum IdleRange(P*): 0
MaxSAT solving completed in 2.4838 seconds

============================================================
TOTAL RUNTIME: 3.1918 seconds (3.19s)
============================================================
Peak process-tree RSS: 198.125 MB
Excel exported to: /home/dclng566/projects/Business-Meeting-Scheduling-Problem/output/ic12p-gcp-ic12p-20260723T023309Z/org/excel_data_table06_forb/forum-13crafc.forb0007.xlsx
Result queued for CSV: OPTIMAL | IdleRange(P*)=0 | hard_objective_cap=disabled

============================================================
Processing: forumt-14crafd.forb0003.dzn
Test number: 2
============================================================
Input parsing completed in 0.0005 seconds
Constraint building completed in 0.1092 seconds
Total variables: 27779
Total hard clauses: 92756
Total soft clauses: 8
Hard objective cap: disabled (added clauses: 0)
MaxSAT solving completed in 0.0283 seconds

============================================================
TOTAL RUNTIME: 0.1984 seconds (0.20s)
============================================================
Peak process-tree RSS: 131.656 MB
Excel exported to: /home/dclng566/projects/Business-Meeting-Scheduling-Problem/output/ic12p-gcp-ic12p-20260723T023309Z/org/excel_data_table06_forb/forumt-14crafd.forb0003.xlsx
Result queued for CSV: UNSAT | IdleRange(P*)=N/A | hard_objective_cap=disabled

============================================================
Processing: ticf-13crafb.fixed020-Forb.dzn
Test number: 3
============================================================
Input parsing completed in 0.0006 seconds
Constraint building completed in 0.4692 seconds
Total variables: 136770
Total hard clauses: 396439
Total soft clauses: 20
Hard objective cap: disabled (added clauses: 0)
UWrMaxSAT optimum IdleRange(P*): 17
MaxSAT solving completed in 0.4118 seconds

============================================================
TOTAL RUNTIME: 1.1655 seconds (1.17s)
============================================================
Peak process-tree RSS: 227.410 MB
Excel exported to: /home/dclng566/projects/Business-Meeting-Scheduling-Problem/output/ic12p-gcp-ic12p-20260723T023309Z/org/excel_data_table06_forb/ticf-13crafb.fixed020-Forb.xlsx
Result queued for CSV: OPTIMAL | IdleRange(P*)=17 | hard_objective_cap=disabled

============================================================
Processing: tic-13crafb.forb0003.dzn
Test number: 4
============================================================
Input parsing completed in 0.0004 seconds
Constraint building completed in 0.0927 seconds
Total variables: 22825
Total hard clauses: 77262
Total soft clauses: 8
Hard objective cap: disabled (added clauses: 0)
UWrMaxSAT optimum IdleRange(P*): 0
MaxSAT solving completed in 0.0870 seconds

============================================================
TOTAL RUNTIME: 0.2351 seconds (0.24s)
============================================================
Peak process-tree RSS: 147.348 MB
Excel exported to: /home/dclng566/projects/Business-Meeting-Scheduling-Problem/output/ic12p-gcp-ic12p-20260723T023309Z/org/excel_data_table06_forb/tic-13crafb.forb0003.xlsx
Result queued for CSV: OPTIMAL | IdleRange(P*)=0 | hard_objective_cap=disabled

============================================================
Processing: forum-13crafc.fixed040-Forb.dzn
Test number: 5
============================================================
Input parsing completed in 0.0005 seconds
Constraint building completed in 0.4328 seconds
Total variables: 131031
Total hard clauses: 362324
Total soft clauses: 19
Hard objective cap: disabled (added clauses: 0)
UWrMaxSAT optimum IdleRange(P*): 12
MaxSAT solving completed in 0.3570 seconds

============================================================
TOTAL RUNTIME: 1.0467 seconds (1.05s)
============================================================
Peak process-tree RSS: 186.820 MB
Excel exported to: /home/dclng566/projects/Business-Meeting-Scheduling-Problem/output/ic12p-gcp-ic12p-20260723T023309Z/org/excel_data_table06_forb/forum-13crafc.fixed040-Forb.xlsx
Result queued for CSV: OPTIMAL | IdleRange(P*)=12 | hard_objective_cap=disabled

============================================================
Processing: forumt-14crafe.forb0007.dzn
Test number: 6
============================================================
Input parsing completed in 0.0004 seconds
Constraint building completed in 0.1013 seconds
Total variables: 27859
Total hard clauses: 92947
Total soft clauses: 8
Hard objective cap: disabled (added clauses: 0)
MaxSAT solving completed in 0.0277 seconds

============================================================
TOTAL RUNTIME: 0.1898 seconds (0.19s)
============================================================
Peak process-tree RSS: 137.906 MB
Excel exported to: /home/dclng566/projects/Business-Meeting-Scheduling-Problem/output/ic12p-gcp-ic12p-20260723T023309Z/org/excel_data_table06_forb/forumt-14crafe.forb0007.xlsx
Result queued for CSV: UNSAT | IdleRange(P*)=N/A | hard_objective_cap=disabled

============================================================
Processing: forumt-14crafd.fixed040-Forb.dzn
Test number: 7
============================================================
Input parsing completed in 0.0006 seconds
Constraint building completed in 0.0985 seconds
Total variables: 27779
Total hard clauses: 92934
Total soft clauses: 8
Hard objective cap: disabled (added clauses: 0)
MaxSAT solving completed in 0.0262 seconds

============================================================
TOTAL RUNTIME: 0.1852 seconds (0.19s)
============================================================
Peak process-tree RSS: 109.227 MB
Excel exported to: /home/dclng566/projects/Business-Meeting-Scheduling-Problem/output/ic12p-gcp-ic12p-20260723T023309Z/org/excel_data_table06_forb/forumt-14crafd.fixed040-Forb.xlsx
Result queued for CSV: UNSAT | IdleRange(P*)=N/A | hard_objective_cap=disabled

============================================================
Processing: tic-14crafd.fixed020-Forb.dzn
Test number: 8
============================================================
Input parsing completed in 0.0005 seconds
Constraint building completed in 0.0996 seconds
Total variables: 27779
Total hard clauses: 92793
Total soft clauses: 8
Hard objective cap: disabled (added clauses: 0)
UWrMaxSAT optimum IdleRange(P*): 3
MaxSAT solving completed in 0.1760 seconds

============================================================
TOTAL RUNTIME: 0.3423 seconds (0.34s)
============================================================
Peak process-tree RSS: 126.961 MB
Excel exported to: /home/dclng566/projects/Business-Meeting-Scheduling-Problem/output/ic12p-gcp-ic12p-20260723T023309Z/org/excel_data_table06_forb/tic-14crafd.fixed020-Forb.xlsx
Result queued for CSV: OPTIMAL | IdleRange(P*)=3 | hard_objective_cap=disabled

============================================================
Processing: forum-13crafb.fixed020-Forb.dzn
Test number: 9
============================================================
Input parsing completed in 0.0005 seconds
Constraint building completed in 0.4852 seconds
Total variables: 136770
Total hard clauses: 396557
Total soft clauses: 20
Hard objective cap: disabled (added clauses: 0)
UWrMaxSAT optimum IdleRange(P*): 17
MaxSAT solving completed in 0.4202 seconds

============================================================
TOTAL RUNTIME: 1.1862 seconds (1.19s)
============================================================
Peak process-tree RSS: 213.250 MB
Excel exported to: /home/dclng566/projects/Business-Meeting-Scheduling-Problem/output/ic12p-gcp-ic12p-20260723T023309Z/org/excel_data_table06_forb/forum-13crafb.fixed020-Forb.xlsx
Result queued for CSV: OPTIMAL | IdleRange(P*)=17 | hard_objective_cap=disabled

============================================================
Processing: tic-13crafc.forb0003.dzn
Test number: 10
============================================================
Input parsing completed in 0.0004 seconds
Constraint building completed in 0.0886 seconds
Total variables: 24375
Total hard clauses: 78855
Total soft clauses: 6
Hard objective cap: disabled (added clauses: 0)
MaxSAT solving completed in 0.0245 seconds

============================================================
TOTAL RUNTIME: 0.1646 seconds (0.16s)
============================================================
Peak process-tree RSS: 144.469 MB
Excel exported to: /home/dclng566/projects/Business-Meeting-Scheduling-Problem/output/ic12p-gcp-ic12p-20260723T023309Z/org/excel_data_table06_forb/tic-13crafc.forb0003.xlsx
Result queued for CSV: UNSAT | IdleRange(P*)=N/A | hard_objective_cap=disabled

============================================================
Processing: forum-13.fixed040-Forb.dzn
Test number: 11
============================================================
Input parsing completed in 0.0004 seconds
Constraint building completed in 0.4419 seconds
Total variables: 130863
Total hard clauses: 361946
Total soft clauses: 19
Hard objective cap: disabled (added clauses: 0)
UWrMaxSAT optimum IdleRange(P*): 12
MaxSAT solving completed in 0.3164 seconds

============================================================
TOTAL RUNTIME: 1.0141 seconds (1.01s)
============================================================
Peak process-tree RSS: 199.824 MB
Excel exported to: /home/dclng566/projects/Business-Meeting-Scheduling-Problem/output/ic12p-gcp-ic12p-20260723T023309Z/org/excel_data_table06_forb/forum-13.fixed040-Forb.xlsx
Result queued for CSV: OPTIMAL | IdleRange(P*)=12 | hard_objective_cap=disabled

============================================================
Processing: tic-13.fixed040-Forb.dzn
Test number: 12
============================================================
Input parsing completed in 0.0004 seconds
Constraint building completed in 0.0893 seconds
Total variables: 24215
Total hard clauses: 78577
Total soft clauses: 6
Hard objective cap: disabled (added clauses: 0)
UWrMaxSAT optimum IdleRange(P*): 4
MaxSAT solving completed in 0.0414 seconds

============================================================
TOTAL RUNTIME: 0.1868 seconds (0.19s)
============================================================
Peak process-tree RSS: 145.559 MB
Excel exported to: /home/dclng566/projects/Business-Meeting-Scheduling-Problem/output/ic12p-gcp-ic12p-20260723T023309Z/org/excel_data_table06_forb/tic-13.fixed040-Forb.xlsx
Result queued for CSV: OPTIMAL | IdleRange(P*)=4 | hard_objective_cap=disabled

============================================================
Processing: tic-13crafc.fixed040-Forb.dzn
Test number: 13
============================================================
Input parsing completed in 0.0004 seconds
Constraint building completed in 0.0832 seconds
Total variables: 24375
Total hard clauses: 78917
Total soft clauses: 6
Hard objective cap: disabled (added clauses: 0)
UWrMaxSAT optimum IdleRange(P*): 4
MaxSAT solving completed in 0.0425 seconds

============================================================
TOTAL RUNTIME: 0.1828 seconds (0.18s)
============================================================
Peak process-tree RSS: 121.305 MB
Excel exported to: /home/dclng566/projects/Business-Meeting-Scheduling-Problem/output/ic12p-gcp-ic12p-20260723T023309Z/org/excel_data_table06_forb/tic-13crafc.fixed040-Forb.xlsx
Result queued for CSV: OPTIMAL | IdleRange(P*)=4 | hard_objective_cap=disabled

============================================================
Processing: tic-14crafa.fixed040-Forb.dzn
Test number: 14
============================================================
Input parsing completed in 0.0004 seconds
Constraint building completed in 0.0991 seconds
Total variables: 27752
Total hard clauses: 92642
Total soft clauses: 7
Hard objective cap: disabled (added clauses: 0)
MaxSAT solving completed in 0.0248 seconds

============================================================
TOTAL RUNTIME: 0.1844 seconds (0.18s)
============================================================
Peak process-tree RSS: 108.895 MB
Excel exported to: /home/dclng566/projects/Business-Meeting-Scheduling-Problem/output/ic12p-gcp-ic12p-20260723T023309Z/org/excel_data_table06_forb/tic-14crafa.fixed040-Forb.xlsx
Result queued for CSV: UNSAT | IdleRange(P*)=N/A | hard_objective_cap=disabled

============================================================
Processing: tic-12crafc.fixed020-Forb.dzn
Test number: 15
============================================================
Input parsing completed in 0.0003 seconds
Constraint building completed in 0.0500 seconds
Total variables: 14900
Total hard clauses: 48572
Total soft clauses: 6
Hard objective cap: disabled (added clauses: 0)
UWrMaxSAT optimum IdleRange(P*): 4
MaxSAT solving completed in 0.0670 seconds

============================================================
TOTAL RUNTIME: 0.1516 seconds (0.15s)
============================================================
Peak process-tree RSS: 116.012 MB
Excel exported to: /home/dclng566/projects/Business-Meeting-Scheduling-Problem/output/ic12p-gcp-ic12p-20260723T023309Z/org/excel_data_table06_forb/tic-12crafc.fixed020-Forb.xlsx
Result queued for CSV: OPTIMAL | IdleRange(P*)=4 | hard_objective_cap=disabled

============================================================
Processing: tic-13.forb0007.dzn
Test number: 16
============================================================
Input parsing completed in 0.0003 seconds
Constraint building completed in 0.0837 seconds
Total variables: 24215
Total hard clauses: 78534
Total soft clauses: 6
Hard objective cap: disabled (added clauses: 0)
MaxSAT solving completed in 0.0230 seconds

============================================================
TOTAL RUNTIME: 0.1576 seconds (0.16s)
============================================================
Peak process-tree RSS: 103.961 MB
Excel exported to: /home/dclng566/projects/Business-Meeting-Scheduling-Problem/output/ic12p-gcp-ic12p-20260723T023309Z/org/excel_data_table06_forb/tic-13.forb0007.xlsx
Result queued for CSV: UNSAT | IdleRange(P*)=N/A | hard_objective_cap=disabled

============================================================
Processing: forum-13crafb.fixed040-Forb.dzn
Test number: 17
============================================================
Input parsing completed in 0.0004 seconds
Constraint building completed in 0.4945 seconds
Total variables: 136770
Total hard clauses: 396596
Total soft clauses: 20
Hard objective cap: disabled (added clauses: 0)
MaxSAT solving completed in 0.1157 seconds

============================================================
TOTAL RUNTIME: 0.8702 seconds (0.87s)
============================================================
Peak process-tree RSS: 179.613 MB
Excel exported to: /home/dclng566/projects/Business-Meeting-Scheduling-Problem/output/ic12p-gcp-ic12p-20260723T023309Z/org/excel_data_table06_forb/forum-13crafb.fixed040-Forb.xlsx
Result queued for CSV: UNSAT | IdleRange(P*)=N/A | hard_objective_cap=disabled

============================================================
Processing: forumt-14.forb0007.dzn
Test number: 18
============================================================
Input parsing completed in 0.0005 seconds
Constraint building completed in 0.1012 seconds
Total variables: 27752
Total hard clauses: 92578
Total soft clauses: 7
Hard objective cap: disabled (added clauses: 0)
MaxSAT solving completed in 0.0275 seconds

============================================================
TOTAL RUNTIME: 0.1889 seconds (0.19s)
============================================================
Peak process-tree RSS: 131.891 MB
Excel exported to: /home/dclng566/projects/Business-Meeting-Scheduling-Problem/output/ic12p-gcp-ic12p-20260723T023309Z/org/excel_data_table06_forb/forumt-14.forb0007.xlsx
Result queued for CSV: UNSAT | IdleRange(P*)=N/A | hard_objective_cap=disabled

============================================================
Processing: forumt-14crafc.fixed040-Forb.dzn
Test number: 19
============================================================
Input parsing completed in 0.0005 seconds
Constraint building completed in 0.1037 seconds
Total variables: 27972
Total hard clauses: 93200
Total soft clauses: 7
Hard objective cap: disabled (added clauses: 0)
MaxSAT solving completed in 0.0268 seconds

============================================================
TOTAL RUNTIME: 0.1917 seconds (0.19s)
============================================================
Peak process-tree RSS: 108.195 MB
Excel exported to: /home/dclng566/projects/Business-Meeting-Scheduling-Problem/output/ic12p-gcp-ic12p-20260723T023309Z/org/excel_data_table06_forb/forumt-14crafc.fixed040-Forb.xlsx
Result queued for CSV: UNSAT | IdleRange(P*)=N/A | hard_objective_cap=disabled

============================================================
Processing: tic-13crafb.forb0007.dzn
Test number: 20
============================================================
Input parsing completed in 0.0004 seconds
Constraint building completed in 0.0789 seconds
Total variables: 22825
Total hard clauses: 77281
Total soft clauses: 8
Hard objective cap: disabled (added clauses: 0)
MaxSAT solving completed in 0.0236 seconds

============================================================
TOTAL RUNTIME: 0.1521 seconds (0.15s)
============================================================
Peak process-tree RSS: 105.242 MB
Excel exported to: /home/dclng566/projects/Business-Meeting-Scheduling-Problem/output/ic12p-gcp-ic12p-20260723T023309Z/org/excel_data_table06_forb/tic-13crafb.forb0007.xlsx
Result queued for CSV: UNSAT | IdleRange(P*)=N/A | hard_objective_cap=disabled

============================================================
Processing: forumt-14crafe.fixed040-Forb.dzn
Test number: 21
============================================================
Input parsing completed in 0.0004 seconds
Constraint building completed in 0.1068 seconds
Total variables: 27859
Total hard clauses: 93104
Total soft clauses: 8
Hard objective cap: disabled (added clauses: 0)
MaxSAT solving completed in 0.0252 seconds

============================================================
TOTAL RUNTIME: 0.1924 seconds (0.19s)
============================================================
Peak process-tree RSS: 104.258 MB
Excel exported to: /home/dclng566/projects/Business-Meeting-Scheduling-Problem/output/ic12p-gcp-ic12p-20260723T023309Z/org/excel_data_table06_forb/forumt-14crafe.fixed040-Forb.xlsx
Result queued for CSV: UNSAT | IdleRange(P*)=N/A | hard_objective_cap=disabled

============================================================
Processing: tic-12.fixed040-Forb.dzn
Test number: 22
============================================================
Input parsing completed in 0.0004 seconds
Constraint building completed in 0.0232 seconds
Total variables: 5772
Total hard clauses: 21437
Total soft clauses: 6
Hard objective cap: disabled (added clauses: 0)
MaxSAT solving completed in 0.0067 seconds

============================================================
TOTAL RUNTIME: 0.0440 seconds (0.04s)
============================================================
Peak process-tree RSS: 104.258 MB
Excel exported to: /home/dclng566/projects/Business-Meeting-Scheduling-Problem/output/ic12p-gcp-ic12p-20260723T023309Z/org/excel_data_table06_forb/tic-12.fixed040-Forb.xlsx
Result queued for CSV: UNSAT | IdleRange(P*)=N/A | hard_objective_cap=disabled

============================================================
Processing: forum-13crafc.forb0003.dzn
Test number: 23
============================================================
Input parsing completed in 0.0003 seconds
Constraint building completed in 0.4333 seconds
Total variables: 131031
Total hard clauses: 362201
Total soft clauses: 19
Hard objective cap: disabled (added clauses: 0)
UWrMaxSAT optimum IdleRange(P*): 0
MaxSAT solving completed in 4.5473 seconds

============================================================
TOTAL RUNTIME: 5.2369 seconds (5.24s)
============================================================
Peak process-tree RSS: 225.723 MB
Excel exported to: /home/dclng566/projects/Business-Meeting-Scheduling-Problem/output/ic12p-gcp-ic12p-20260723T023309Z/org/excel_data_table06_forb/forum-13crafc.forb0003.xlsx
Result queued for CSV: OPTIMAL | IdleRange(P*)=0 | hard_objective_cap=disabled

============================================================
Processing: tic-14crafa.fixed020-Forb.dzn
Test number: 24
============================================================
Input parsing completed in 0.0005 seconds
Constraint building completed in 0.1136 seconds
Total variables: 27752
Total hard clauses: 92595
Total soft clauses: 7
Hard objective cap: disabled (added clauses: 0)
UWrMaxSAT optimum IdleRange(P*): 2
MaxSAT solving completed in 0.0581 seconds

============================================================
TOTAL RUNTIME: 0.2388 seconds (0.24s)
============================================================
Peak process-tree RSS: 140.977 MB
Excel exported to: /home/dclng566/projects/Business-Meeting-Scheduling-Problem/output/ic12p-gcp-ic12p-20260723T023309Z/org/excel_data_table06_forb/tic-14crafa.fixed020-Forb.xlsx
Result queued for CSV: OPTIMAL | IdleRange(P*)=2 | hard_objective_cap=disabled

============================================================
Processing: tic-13crafc.fixed020-Forb.dzn
Test number: 25
============================================================
Input parsing completed in 0.0004 seconds
Constraint building completed in 0.0810 seconds
Total variables: 24375
Total hard clauses: 78881
Total soft clauses: 6
Hard objective cap: disabled (added clauses: 0)
UWrMaxSAT optimum IdleRange(P*): 3
MaxSAT solving completed in 0.1482 seconds

============================================================
TOTAL RUNTIME: 0.2854 seconds (0.29s)
============================================================
Peak process-tree RSS: 139.527 MB
Excel exported to: /home/dclng566/projects/Business-Meeting-Scheduling-Problem/output/ic12p-gcp-ic12p-20260723T023309Z/org/excel_data_table06_forb/tic-13crafc.fixed020-Forb.xlsx
Result queued for CSV: OPTIMAL | IdleRange(P*)=3 | hard_objective_cap=disabled

============================================================
Processing: forumt-14crafc.fixed020-Forb.dzn
Test number: 26
============================================================
Input parsing completed in 0.0004 seconds
Constraint building completed in 0.1071 seconds
Total variables: 27972
Total hard clauses: 93153
Total soft clauses: 7
Hard objective cap: disabled (added clauses: 0)
UWrMaxSAT optimum IdleRange(P*): 2
MaxSAT solving completed in 0.1817 seconds

============================================================
TOTAL RUNTIME: 0.3550 seconds (0.36s)
============================================================
Peak process-tree RSS: 140.199 MB
Excel exported to: /home/dclng566/projects/Business-Meeting-Scheduling-Problem/output/ic12p-gcp-ic12p-20260723T023309Z/org/excel_data_table06_forb/forumt-14crafc.fixed020-Forb.xlsx
Result queued for CSV: OPTIMAL | IdleRange(P*)=2 | hard_objective_cap=disabled

============================================================
Processing: tic-13crafb.fixed020-Forb.dzn
Test number: 27
============================================================
Input parsing completed in 0.0004 seconds
Constraint building completed in 0.0797 seconds
Total variables: 22825
Total hard clauses: 77292
Total soft clauses: 8
Hard objective cap: disabled (added clauses: 0)
UWrMaxSAT optimum IdleRange(P*): 1
MaxSAT solving completed in 0.0780 seconds

============================================================
TOTAL RUNTIME: 0.2121 seconds (0.21s)
============================================================
Peak process-tree RSS: 132.770 MB
Excel exported to: /home/dclng566/projects/Business-Meeting-Scheduling-Problem/output/ic12p-gcp-ic12p-20260723T023309Z/org/excel_data_table06_forb/tic-13crafb.fixed020-Forb.xlsx
Result queued for CSV: OPTIMAL | IdleRange(P*)=1 | hard_objective_cap=disabled

============================================================
Processing: forumt-14.fixed020-Forb.dzn
Test number: 28
============================================================
Input parsing completed in 0.0005 seconds
Constraint building completed in 0.0995 seconds
Total variables: 27752
Total hard clauses: 92693
Total soft clauses: 7
Hard objective cap: disabled (added clauses: 0)
UWrMaxSAT optimum IdleRange(P*): 2
MaxSAT solving completed in 0.1637 seconds

============================================================
TOTAL RUNTIME: 0.3284 seconds (0.33s)
============================================================
Peak process-tree RSS: 138.129 MB
Excel exported to: /home/dclng566/projects/Business-Meeting-Scheduling-Problem/output/ic12p-gcp-ic12p-20260723T023309Z/org/excel_data_table06_forb/forumt-14.fixed020-Forb.xlsx
Result queued for CSV: OPTIMAL | IdleRange(P*)=2 | hard_objective_cap=disabled

============================================================
Processing: tic-12crafc.forb0003.dzn
Test number: 29
============================================================
Input parsing completed in 0.0003 seconds
Constraint building completed in 0.0515 seconds
Total variables: 14900
Total hard clauses: 48555
Total soft clauses: 6
Hard objective cap: disabled (added clauses: 0)
MaxSAT solving completed in 0.0132 seconds

============================================================
TOTAL RUNTIME: 0.0963 seconds (0.10s)
============================================================
Peak process-tree RSS: 114.297 MB
Excel exported to: /home/dclng566/projects/Business-Meeting-Scheduling-Problem/output/ic12p-gcp-ic12p-20260723T023309Z/org/excel_data_table06_forb/tic-12crafc.forb0003.xlsx
Result queued for CSV: UNSAT | IdleRange(P*)=N/A | hard_objective_cap=disabled

============================================================
Processing: ticf-13crafc.fixed020-Forb.dzn
Test number: 30
============================================================
Input parsing completed in 0.0003 seconds
Constraint building completed in 0.4240 seconds
Total variables: 131031
Total hard clauses: 362211
Total soft clauses: 19
Hard objective cap: disabled (added clauses: 0)
UWrMaxSAT optimum IdleRange(P*): 10
MaxSAT solving completed in 1.0938 seconds

============================================================
TOTAL RUNTIME: 1.7738 seconds (1.77s)
============================================================
Peak process-tree RSS: 231.012 MB
Excel exported to: /home/dclng566/projects/Business-Meeting-Scheduling-Problem/output/ic12p-gcp-ic12p-20260723T023309Z/org/excel_data_table06_forb/ticf-13crafc.fixed020-Forb.xlsx
Result queued for CSV: OPTIMAL | IdleRange(P*)=10 | hard_objective_cap=disabled

============================================================
Processing: tic-12crafc.forb0007.dzn
Test number: 31
============================================================
Input parsing completed in 0.0003 seconds
Constraint building completed in 0.0573 seconds
Total variables: 14900
Total hard clauses: 48563
Total soft clauses: 6
Hard objective cap: disabled (added clauses: 0)
MaxSAT solving completed in 0.0142 seconds

============================================================
TOTAL RUNTIME: 0.1033 seconds (0.10s)
============================================================
Peak process-tree RSS: 139.316 MB
Excel exported to: /home/dclng566/projects/Business-Meeting-Scheduling-Problem/output/ic12p-gcp-ic12p-20260723T023309Z/org/excel_data_table06_forb/tic-12crafc.forb0007.xlsx
Result queued for CSV: UNSAT | IdleRange(P*)=N/A | hard_objective_cap=disabled

============================================================
Processing: tic-14crafc.fixed040-Forb.dzn
Test number: 32
============================================================
Input parsing completed in 0.0004 seconds
Constraint building completed in 0.1004 seconds
Total variables: 27972
Total hard clauses: 93102
Total soft clauses: 7
Hard objective cap: disabled (added clauses: 0)
MaxSAT solving completed in 0.0256 seconds

============================================================
TOTAL RUNTIME: 0.1873 seconds (0.19s)
============================================================
Peak process-tree RSS: 123.281 MB
Excel exported to: /home/dclng566/projects/Business-Meeting-Scheduling-Problem/output/ic12p-gcp-ic12p-20260723T023309Z/org/excel_data_table06_forb/tic-14crafc.fixed040-Forb.xlsx
Result queued for CSV: UNSAT | IdleRange(P*)=N/A | hard_objective_cap=disabled

============================================================
Processing: forumt-14crafe.fixed020-Forb.dzn
Test number: 33
============================================================
Input parsing completed in 0.0004 seconds
Constraint building completed in 0.0995 seconds
Total variables: 27859
Total hard clauses: 93057
Total soft clauses: 8
Hard objective cap: disabled (added clauses: 0)
UWrMaxSAT optimum IdleRange(P*): 4
MaxSAT solving completed in 0.0650 seconds

============================================================
TOTAL RUNTIME: 0.2309 seconds (0.23s)
============================================================
Peak process-tree RSS: 138.555 MB
Excel exported to: /home/dclng566/projects/Business-Meeting-Scheduling-Problem/output/ic12p-gcp-ic12p-20260723T023309Z/org/excel_data_table06_forb/forumt-14crafe.fixed020-Forb.xlsx
Result queued for CSV: OPTIMAL | IdleRange(P*)=4 | hard_objective_cap=disabled

============================================================
Processing: ticf-13crafa.fixed020-Forb.dzn
Test number: 34
============================================================
Input parsing completed in 0.0003 seconds
Constraint building completed in 0.4387 seconds
Total variables: 130863
Total hard clauses: 361833
Total soft clauses: 19
Hard objective cap: disabled (added clauses: 0)
UWrMaxSAT optimum IdleRange(P*): 10
MaxSAT solving completed in 0.5023 seconds

============================================================
TOTAL RUNTIME: 1.1939 seconds (1.19s)
============================================================
Peak process-tree RSS: 205.750 MB
Excel exported to: /home/dclng566/projects/Business-Meeting-Scheduling-Problem/output/ic12p-gcp-ic12p-20260723T023309Z/org/excel_data_table06_forb/ticf-13crafa.fixed020-Forb.xlsx
Result queued for CSV: OPTIMAL | IdleRange(P*)=10 | hard_objective_cap=disabled

============================================================
Processing: forum-13.fixed020-Forb.dzn
Test number: 35
============================================================
Input parsing completed in 0.0004 seconds
Constraint building completed in 0.4463 seconds
Total variables: 130863
Total hard clauses: 361915
Total soft clauses: 19
Hard objective cap: disabled (added clauses: 0)
UWrMaxSAT optimum IdleRange(P*): 10
MaxSAT solving completed in 1.1753 seconds

============================================================
TOTAL RUNTIME: 1.8791 seconds (1.88s)
============================================================
Peak process-tree RSS: 238.453 MB
Excel exported to: /home/dclng566/projects/Business-Meeting-Scheduling-Problem/output/ic12p-gcp-ic12p-20260723T023309Z/org/excel_data_table06_forb/forum-13.fixed020-Forb.xlsx
Result queued for CSV: OPTIMAL | IdleRange(P*)=10 | hard_objective_cap=disabled

============================================================
Processing: tic-12.forb0003.dzn
Test number: 36
============================================================
Input parsing completed in 0.0003 seconds
Constraint building completed in 0.0263 seconds
Total variables: 5772
Total hard clauses: 21395
Total soft clauses: 6
Hard objective cap: disabled (added clauses: 0)
MaxSAT solving completed in 0.0082 seconds

============================================================
TOTAL RUNTIME: 0.0487 seconds (0.05s)
============================================================
Peak process-tree RSS: 152.566 MB
Excel exported to: /home/dclng566/projects/Business-Meeting-Scheduling-Problem/output/ic12p-gcp-ic12p-20260723T023309Z/org/excel_data_table06_forb/tic-12.forb0003.xlsx
Result queued for CSV: UNSAT | IdleRange(P*)=N/A | hard_objective_cap=disabled

============================================================
Processing: tic-13crafb.fixed040-Forb.dzn
Test number: 37
============================================================
Input parsing completed in 0.0003 seconds
Constraint building completed in 0.0822 seconds
Total variables: 22825
Total hard clauses: 77329
Total soft clauses: 8
Hard objective cap: disabled (added clauses: 0)
UWrMaxSAT optimum IdleRange(P*): 4
MaxSAT solving completed in 0.0361 seconds

============================================================
TOTAL RUNTIME: 0.1740 seconds (0.17s)
============================================================
Peak process-tree RSS: 145.094 MB
Excel exported to: /home/dclng566/projects/Business-Meeting-Scheduling-Problem/output/ic12p-gcp-ic12p-20260723T023309Z/org/excel_data_table06_forb/tic-13crafb.fixed040-Forb.xlsx
Result queued for CSV: OPTIMAL | IdleRange(P*)=4 | hard_objective_cap=disabled

============================================================
Processing: forum-13.forb0003.dzn
Test number: 38
============================================================
Input parsing completed in 0.0003 seconds
Constraint building completed in 0.4231 seconds
Total variables: 130863
Total hard clauses: 361823
Total soft clauses: 19
Hard objective cap: disabled (added clauses: 0)
UWrMaxSAT optimum IdleRange(P*): 0
MaxSAT solving completed in 4.0482 seconds

============================================================
TOTAL RUNTIME: 4.7298 seconds (4.73s)
============================================================
Peak process-tree RSS: 231.105 MB
Excel exported to: /home/dclng566/projects/Business-Meeting-Scheduling-Problem/output/ic12p-gcp-ic12p-20260723T023309Z/org/excel_data_table06_forb/forum-13.forb0003.xlsx
Result queued for CSV: OPTIMAL | IdleRange(P*)=0 | hard_objective_cap=disabled

============================================================
Processing: ticf-13crafa.fixed040-Forb.dzn
Test number: 39
============================================================
Input parsing completed in 0.0004 seconds
Constraint building completed in 0.4401 seconds
Total variables: 130863
Total hard clauses: 361864
Total soft clauses: 19
Hard objective cap: disabled (added clauses: 0)
UWrMaxSAT optimum IdleRange(P*): 12
MaxSAT solving completed in 0.3664 seconds

============================================================
TOTAL RUNTIME: 1.0620 seconds (1.06s)
============================================================
Peak process-tree RSS: 200.516 MB
Excel exported to: /home/dclng566/projects/Business-Meeting-Scheduling-Problem/output/ic12p-gcp-ic12p-20260723T023309Z/org/excel_data_table06_forb/ticf-13crafa.fixed040-Forb.xlsx
Result queued for CSV: OPTIMAL | IdleRange(P*)=12 | hard_objective_cap=disabled

============================================================
Processing: tic-13.fixed020-Forb.dzn
Test number: 40
============================================================
Input parsing completed in 0.0004 seconds
Constraint building completed in 0.0884 seconds
Total variables: 24215
Total hard clauses: 78541
Total soft clauses: 6
Hard objective cap: disabled (added clauses: 0)
UWrMaxSAT optimum IdleRange(P*): 3
MaxSAT solving completed in 0.0500 seconds

============================================================
TOTAL RUNTIME: 0.1950 seconds (0.19s)
============================================================
Peak process-tree RSS: 148.223 MB
Excel exported to: /home/dclng566/projects/Business-Meeting-Scheduling-Problem/output/ic12p-gcp-ic12p-20260723T023309Z/org/excel_data_table06_forb/tic-13.fixed020-Forb.xlsx
Result queued for CSV: OPTIMAL | IdleRange(P*)=3 | hard_objective_cap=disabled

============================================================
Processing: forumt-14.forb0003.dzn
Test number: 41
============================================================
Input parsing completed in 0.0004 seconds
Constraint building completed in 0.1062 seconds
Total variables: 27752
Total hard clauses: 92556
Total soft clauses: 7
Hard objective cap: disabled (added clauses: 0)
UWrMaxSAT optimum IdleRange(P*): 0
MaxSAT solving completed in 0.2429 seconds

============================================================
TOTAL RUNTIME: 0.4149 seconds (0.41s)
============================================================
Peak process-tree RSS: 156.895 MB
Excel exported to: /home/dclng566/projects/Business-Meeting-Scheduling-Problem/output/ic12p-gcp-ic12p-20260723T023309Z/org/excel_data_table06_forb/forumt-14.forb0003.xlsx
Result queued for CSV: OPTIMAL | IdleRange(P*)=0 | hard_objective_cap=disabled

============================================================
Processing: forum-14.fixed040-Forb.dzn
Test number: 42
============================================================
Input parsing completed in 0.0006 seconds
Constraint building completed in 0.6015 seconds
Total variables: 162425
Total hard clauses: 491746
Total soft clauses: 20
Hard objective cap: disabled (added clauses: 0)
UWrMaxSAT optimum IdleRange(P*): 16
MaxSAT solving completed in 0.4349 seconds

============================================================
TOTAL RUNTIME: 1.3860 seconds (1.39s)
============================================================
Peak process-tree RSS: 252.984 MB
Excel exported to: /home/dclng566/projects/Business-Meeting-Scheduling-Problem/output/ic12p-gcp-ic12p-20260723T023309Z/org/excel_data_table06_forb/forum-14.fixed040-Forb.xlsx
Result queued for CSV: OPTIMAL | IdleRange(P*)=16 | hard_objective_cap=disabled

============================================================
Processing: tic-13crafc.forb0007.dzn
Test number: 43
============================================================
Input parsing completed in 0.0004 seconds
Constraint building completed in 0.0926 seconds
Total variables: 24375
Total hard clauses: 78874
Total soft clauses: 6
Hard objective cap: disabled (added clauses: 0)
MaxSAT solving completed in 0.0249 seconds

============================================================
TOTAL RUNTIME: 0.1693 seconds (0.17s)
============================================================
Peak process-tree RSS: 176.227 MB
Excel exported to: /home/dclng566/projects/Business-Meeting-Scheduling-Problem/output/ic12p-gcp-ic12p-20260723T023309Z/org/excel_data_table06_forb/tic-13crafc.forb0007.xlsx
Result queued for CSV: UNSAT | IdleRange(P*)=N/A | hard_objective_cap=disabled

============================================================
Processing: forumt-14crafd.fixed020-Forb.dzn
Test number: 44
============================================================
Input parsing completed in 0.0004 seconds
Constraint building completed in 0.1033 seconds
Total variables: 27779
Total hard clauses: 92887
Total soft clauses: 8
Hard objective cap: disabled (added clauses: 0)
UWrMaxSAT optimum IdleRange(P*): 4
MaxSAT solving completed in 0.0600 seconds

============================================================
TOTAL RUNTIME: 0.2303 seconds (0.23s)
============================================================
Peak process-tree RSS: 171.137 MB
Excel exported to: /home/dclng566/projects/Business-Meeting-Scheduling-Problem/output/ic12p-gcp-ic12p-20260723T023309Z/org/excel_data_table06_forb/forumt-14crafd.fixed020-Forb.xlsx
Result queued for CSV: OPTIMAL | IdleRange(P*)=4 | hard_objective_cap=disabled

============================================================
Processing: tic-14crafd.fixed040-Forb.dzn
Test number: 45
============================================================
Input parsing completed in 0.0004 seconds
Constraint building completed in 0.1023 seconds
Total variables: 27779
Total hard clauses: 92840
Total soft clauses: 8
Hard objective cap: disabled (added clauses: 0)
MaxSAT solving completed in 0.0272 seconds

============================================================
TOTAL RUNTIME: 0.1929 seconds (0.19s)
============================================================
Peak process-tree RSS: 140.160 MB
Excel exported to: /home/dclng566/projects/Business-Meeting-Scheduling-Problem/output/ic12p-gcp-ic12p-20260723T023309Z/org/excel_data_table06_forb/tic-14crafd.fixed040-Forb.xlsx
Result queued for CSV: UNSAT | IdleRange(P*)=N/A | hard_objective_cap=disabled

============================================================
Processing: forumt-14crafc.forb0007.dzn
Test number: 46
============================================================
Input parsing completed in 0.0004 seconds
Constraint building completed in 0.1025 seconds
Total variables: 27972
Total hard clauses: 93038
Total soft clauses: 7
Hard objective cap: disabled (added clauses: 0)
MaxSAT solving completed in 0.0266 seconds

============================================================
TOTAL RUNTIME: 0.1895 seconds (0.19s)
============================================================
Peak process-tree RSS: 136.223 MB
Excel exported to: /home/dclng566/projects/Business-Meeting-Scheduling-Problem/output/ic12p-gcp-ic12p-20260723T023309Z/org/excel_data_table06_forb/forumt-14crafc.forb0007.xlsx
Result queued for CSV: UNSAT | IdleRange(P*)=N/A | hard_objective_cap=disabled

============================================================
Processing: forum-14.forb0003.dzn
Test number: 47
============================================================
Input parsing completed in 0.0005 seconds
Constraint building completed in 0.6066 seconds
Total variables: 162425
Total hard clauses: 490926
Total soft clauses: 20
Hard objective cap: disabled (added clauses: 0)
UWrMaxSAT optimum IdleRange(P*): 0
MaxSAT solving completed in 6.2254 seconds

============================================================
TOTAL RUNTIME: 7.1823 seconds (7.18s)
============================================================
Peak process-tree RSS: 316.617 MB
Excel exported to: /home/dclng566/projects/Business-Meeting-Scheduling-Problem/output/ic12p-gcp-ic12p-20260723T023309Z/org/excel_data_table06_forb/forum-14.forb0003.xlsx
Result queued for CSV: OPTIMAL | IdleRange(P*)=0 | hard_objective_cap=disabled

============================================================
Processing: forum-14.forb0007.dzn
Test number: 48
============================================================
Input parsing completed in 0.0006 seconds
Constraint building completed in 0.5951 seconds
Total variables: 162425
Total hard clauses: 490998
Total soft clauses: 20
Hard objective cap: disabled (added clauses: 0)
MaxSAT solving completed in 0.1602 seconds

============================================================
TOTAL RUNTIME: 1.0862 seconds (1.09s)
============================================================
Peak process-tree RSS: 250.336 MB
Excel exported to: /home/dclng566/projects/Business-Meeting-Scheduling-Problem/output/ic12p-gcp-ic12p-20260723T023309Z/org/excel_data_table06_forb/forum-14.forb0007.xlsx
Result queued for CSV: UNSAT | IdleRange(P*)=N/A | hard_objective_cap=disabled

============================================================
Processing: tic-12.forb0007.dzn
Test number: 49
============================================================
Input parsing completed in 0.0003 seconds
Constraint building completed in 0.0323 seconds
Total variables: 5772
Total hard clauses: 21403
Total soft clauses: 6
Hard objective cap: disabled (added clauses: 0)
MaxSAT solving completed in 0.0079 seconds

============================================================
TOTAL RUNTIME: 0.0546 seconds (0.05s)
============================================================
Peak process-tree RSS: 174.555 MB
Excel exported to: /home/dclng566/projects/Business-Meeting-Scheduling-Problem/output/ic12p-gcp-ic12p-20260723T023309Z/org/excel_data_table06_forb/tic-12.forb0007.xlsx
Result queued for CSV: UNSAT | IdleRange(P*)=N/A | hard_objective_cap=disabled

============================================================
Processing: tic-13.forb0003.dzn
Test number: 50
============================================================
Input parsing completed in 0.0004 seconds
Constraint building completed in 0.0849 seconds
Total variables: 24215
Total hard clauses: 78515
Total soft clauses: 6
Hard objective cap: disabled (added clauses: 0)
MaxSAT solving completed in 0.0243 seconds

============================================================
TOTAL RUNTIME: 0.1605 seconds (0.16s)
============================================================
Peak process-tree RSS: 162.715 MB
Excel exported to: /home/dclng566/projects/Business-Meeting-Scheduling-Problem/output/ic12p-gcp-ic12p-20260723T023309Z/org/excel_data_table06_forb/tic-13.forb0003.xlsx
Result queued for CSV: UNSAT | IdleRange(P*)=N/A | hard_objective_cap=disabled

============================================================
Processing: tic-12crafc.fixed040-Forb.dzn
Test number: 51
============================================================
Input parsing completed in 0.0003 seconds
Constraint building completed in 0.0591 seconds
Total variables: 14900
Total hard clauses: 48597
Total soft clauses: 6
Hard objective cap: disabled (added clauses: 0)
MaxSAT solving completed in 0.0132 seconds

============================================================
TOTAL RUNTIME: 0.1043 seconds (0.10s)
============================================================
Peak process-tree RSS: 158.777 MB
Excel exported to: /home/dclng566/projects/Business-Meeting-Scheduling-Problem/output/ic12p-gcp-ic12p-20260723T023309Z/org/excel_data_table06_forb/tic-12crafc.fixed040-Forb.xlsx
Result queued for CSV: UNSAT | IdleRange(P*)=N/A | hard_objective_cap=disabled

============================================================
Processing: forumt-14crafc.forb0003.dzn
Test number: 52
============================================================
Input parsing completed in 0.0004 seconds
Constraint building completed in 0.1086 seconds
Total variables: 27972
Total hard clauses: 93016
Total soft clauses: 7
Hard objective cap: disabled (added clauses: 0)
UWrMaxSAT optimum IdleRange(P*): 0
MaxSAT solving completed in 0.2906 seconds

============================================================
TOTAL RUNTIME: 0.4671 seconds (0.47s)
============================================================
Peak process-tree RSS: 184.520 MB
Excel exported to: /home/dclng566/projects/Business-Meeting-Scheduling-Problem/output/ic12p-gcp-ic12p-20260723T023309Z/org/excel_data_table06_forb/forumt-14crafc.forb0003.xlsx
Result queued for CSV: OPTIMAL | IdleRange(P*)=0 | hard_objective_cap=disabled

============================================================
Processing: forum-13crafb.forb0003.dzn
Test number: 53
============================================================
Input parsing completed in 0.0004 seconds
Constraint building completed in 0.4743 seconds
Total variables: 136770
Total hard clauses: 396431
Total soft clauses: 20
Hard objective cap: disabled (added clauses: 0)
UWrMaxSAT optimum IdleRange(P*): 2
MaxSAT solving completed in 2.5778 seconds

============================================================
TOTAL RUNTIME: 3.3326 seconds (3.33s)
============================================================
Peak process-tree RSS: 263.207 MB
Excel exported to: /home/dclng566/projects/Business-Meeting-Scheduling-Problem/output/ic12p-gcp-ic12p-20260723T023309Z/org/excel_data_table06_forb/forum-13crafb.forb0003.xlsx
Result queued for CSV: OPTIMAL | IdleRange(P*)=2 | hard_objective_cap=disabled

============================================================
Processing: forumt-14crafe.forb0003.dzn
Test number: 54
============================================================
Input parsing completed in 0.0005 seconds
Constraint building completed in 0.1176 seconds
Total variables: 27859
Total hard clauses: 92926
Total soft clauses: 8
Hard objective cap: disabled (added clauses: 0)
MaxSAT solving completed in 0.0288 seconds

============================================================
TOTAL RUNTIME: 0.2070 seconds (0.21s)
============================================================
Peak process-tree RSS: 154.066 MB
Excel exported to: /home/dclng566/projects/Business-Meeting-Scheduling-Problem/output/ic12p-gcp-ic12p-20260723T023309Z/org/excel_data_table06_forb/forumt-14crafe.forb0003.xlsx
Result queued for CSV: UNSAT | IdleRange(P*)=N/A | hard_objective_cap=disabled

============================================================
Processing: tic-14crafc.fixed020-Forb.dzn
Test number: 55
============================================================
Input parsing completed in 0.0004 seconds
Constraint building completed in 0.1093 seconds
Total variables: 27972
Total hard clauses: 93055
Total soft clauses: 7
Hard objective cap: disabled (added clauses: 0)
UWrMaxSAT optimum IdleRange(P*): 2
MaxSAT solving completed in 0.0806 seconds

============================================================
TOTAL RUNTIME: 0.2564 seconds (0.26s)
============================================================
Peak process-tree RSS: 172.129 MB
Excel exported to: /home/dclng566/projects/Business-Meeting-Scheduling-Problem/output/ic12p-gcp-ic12p-20260723T023309Z/org/excel_data_table06_forb/tic-14crafc.fixed020-Forb.xlsx
Result queued for CSV: OPTIMAL | IdleRange(P*)=2 | hard_objective_cap=disabled

============================================================
Processing: ticf-13crafc.fixed040-Forb.dzn
Test number: 56
============================================================
Input parsing completed in 0.0004 seconds
Constraint building completed in 0.4401 seconds
Total variables: 131031
Total hard clauses: 362242
Total soft clauses: 19
Hard objective cap: disabled (added clauses: 0)
UWrMaxSAT optimum IdleRange(P*): 12
MaxSAT solving completed in 0.3444 seconds

============================================================
TOTAL RUNTIME: 1.0382 seconds (1.04s)
============================================================
Peak process-tree RSS: 213.391 MB
Excel exported to: /home/dclng566/projects/Business-Meeting-Scheduling-Problem/output/ic12p-gcp-ic12p-20260723T023309Z/org/excel_data_table06_forb/ticf-13crafc.fixed040-Forb.xlsx
Result queued for CSV: OPTIMAL | IdleRange(P*)=12 | hard_objective_cap=disabled

============================================================
Processing: forum-14.fixed020-Forb.dzn
Test number: 57
============================================================
Input parsing completed in 0.0006 seconds
Constraint building completed in 0.6314 seconds
Total variables: 162425
Total hard clauses: 491686
Total soft clauses: 20
Hard objective cap: disabled (added clauses: 0)
UWrMaxSAT optimum IdleRange(P*): 10
MaxSAT solving completed in 1.4863 seconds

============================================================
TOTAL RUNTIME: 2.4653 seconds (2.47s)
============================================================
Peak process-tree RSS: 297.852 MB
Excel exported to: /home/dclng566/projects/Business-Meeting-Scheduling-Problem/output/ic12p-gcp-ic12p-20260723T023309Z/org/excel_data_table06_forb/forum-14.fixed020-Forb.xlsx
Result queued for CSV: OPTIMAL | IdleRange(P*)=10 | hard_objective_cap=disabled

============================================================
Processing: ticf-14crafa.fixed040-Forb.dzn
Test number: 58
============================================================
Input parsing completed in 0.0006 seconds
Constraint building completed in 0.6222 seconds
Total variables: 162425
Total hard clauses: 491004
Total soft clauses: 20
Hard objective cap: disabled (added clauses: 0)
UWrMaxSAT optimum IdleRange(P*): 16
MaxSAT solving completed in 0.4672 seconds

============================================================
TOTAL RUNTIME: 1.4355 seconds (1.44s)
============================================================
Peak process-tree RSS: 282.836 MB
Excel exported to: /home/dclng566/projects/Business-Meeting-Scheduling-Problem/output/ic12p-gcp-ic12p-20260723T023309Z/org/excel_data_table06_forb/ticf-14crafa.fixed040-Forb.xlsx
Result queued for CSV: OPTIMAL | IdleRange(P*)=16 | hard_objective_cap=disabled

============================================================
Processing: forum-13crafb.forb0007.dzn
Test number: 59
============================================================
Input parsing completed in 0.0005 seconds
Constraint building completed in 0.4955 seconds
Total variables: 136770
Total hard clauses: 396459
Total soft clauses: 20
Hard objective cap: disabled (added clauses: 0)
UWrMaxSAT optimum IdleRange(P*): 2
MaxSAT solving completed in 3.1625 seconds

============================================================
TOTAL RUNTIME: 3.9372 seconds (3.94s)
============================================================
Peak process-tree RSS: 298.578 MB
Excel exported to: /home/dclng566/projects/Business-Meeting-Scheduling-Problem/output/ic12p-gcp-ic12p-20260723T023309Z/org/excel_data_table06_forb/forum-13crafb.forb0007.xlsx
Result queued for CSV: OPTIMAL | IdleRange(P*)=2 | hard_objective_cap=disabled

============================================================
Processing: ticf-14crafa.fixed020-Forb.dzn
Test number: 60
============================================================
Input parsing completed in 0.0006 seconds
Constraint building completed in 0.6109 seconds
Total variables: 162425
Total hard clauses: 490944
Total soft clauses: 20
Hard objective cap: disabled (added clauses: 0)
UWrMaxSAT optimum IdleRange(P*): 15
MaxSAT solving completed in 1.1722 seconds

============================================================
TOTAL RUNTIME: 2.1353 seconds (2.14s)
============================================================
Peak process-tree RSS: 320.441 MB
Excel exported to: /home/dclng566/projects/Business-Meeting-Scheduling-Problem/output/ic12p-gcp-ic12p-20260723T023309Z/org/excel_data_table06_forb/ticf-14crafa.fixed020-Forb.xlsx
Result queued for CSV: OPTIMAL | IdleRange(P*)=15 | hard_objective_cap=disabled

============================================================
Processing: forum-13crafc.fixed020-Forb.dzn
Test number: 61
============================================================
Input parsing completed in 0.0004 seconds
Constraint building completed in 0.4322 seconds
Total variables: 131031
Total hard clauses: 362293
Total soft clauses: 19
Hard objective cap: disabled (added clauses: 0)
UWrMaxSAT optimum IdleRange(P*): 10
MaxSAT solving completed in 0.5315 seconds

============================================================
TOTAL RUNTIME: 1.2213 seconds (1.22s)
============================================================
Peak process-tree RSS: 246.316 MB
Excel exported to: /home/dclng566/projects/Business-Meeting-Scheduling-Problem/output/ic12p-gcp-ic12p-20260723T023309Z/org/excel_data_table06_forb/forum-13crafc.fixed020-Forb.xlsx
Result queued for CSV: OPTIMAL | IdleRange(P*)=10 | hard_objective_cap=disabled

============================================================
Processing: forum-13.forb0007.dzn
Test number: 62
============================================================
Input parsing completed in 0.0004 seconds
Constraint building completed in 0.4364 seconds
Total variables: 130863
Total hard clauses: 361838
Total soft clauses: 19
Hard objective cap: disabled (added clauses: 0)
UWrMaxSAT optimum IdleRange(P*): 0
MaxSAT solving completed in 1.8670 seconds

============================================================
TOTAL RUNTIME: 2.5605 seconds (2.56s)
============================================================
Peak process-tree RSS: 275.859 MB
Excel exported to: /home/dclng566/projects/Business-Meeting-Scheduling-Problem/output/ic12p-gcp-ic12p-20260723T023309Z/org/excel_data_table06_forb/forum-13.forb0007.xlsx
Result queued for CSV: OPTIMAL | IdleRange(P*)=0 | hard_objective_cap=disabled

============================================================
Processing: forumt-14.fixed040-Forb.dzn
Test number: 63
============================================================
Input parsing completed in 0.0005 seconds
Constraint building completed in 0.1137 seconds
Total variables: 27752
Total hard clauses: 92740
Total soft clauses: 7
Hard objective cap: disabled (added clauses: 0)
MaxSAT solving completed in 0.0286 seconds

============================================================
TOTAL RUNTIME: 0.2050 seconds (0.21s)
============================================================
Peak process-tree RSS: 171.020 MB
Excel exported to: /home/dclng566/projects/Business-Meeting-Scheduling-Problem/output/ic12p-gcp-ic12p-20260723T023309Z/org/excel_data_table06_forb/forumt-14.fixed040-Forb.xlsx
Result queued for CSV: UNSAT | IdleRange(P*)=N/A | hard_objective_cap=disabled

============================================================
Processing: tic-12.fixed020-Forb.dzn
Test number: 64
============================================================
Input parsing completed in 0.0003 seconds
Constraint building completed in 0.0284 seconds
Total variables: 5772
Total hard clauses: 21412
Total soft clauses: 6
Hard objective cap: disabled (added clauses: 0)
UWrMaxSAT optimum IdleRange(P*): 4
MaxSAT solving completed in 0.0110 seconds

============================================================
TOTAL RUNTIME: 0.0567 seconds (0.06s)
============================================================
Peak process-tree RSS: 166.504 MB
Excel exported to: /home/dclng566/projects/Business-Meeting-Scheduling-Problem/output/ic12p-gcp-ic12p-20260723T023309Z/org/excel_data_table06_forb/tic-12.fixed020-Forb.xlsx
Result queued for CSV: OPTIMAL | IdleRange(P*)=4 | hard_objective_cap=disabled

============================================================
Processing: ticf-13crafb.fixed040-Forb.dzn
Test number: 65
============================================================
Input parsing completed in 0.0004 seconds
Constraint building completed in 0.4682 seconds
Total variables: 136770
Total hard clauses: 396478
Total soft clauses: 20
Hard objective cap: disabled (added clauses: 0)
MaxSAT solving completed in 0.1153 seconds

============================================================
TOTAL RUNTIME: 0.8452 seconds (0.85s)
============================================================
Peak process-tree RSS: 196.512 MB
Excel exported to: /home/dclng566/projects/Business-Meeting-Scheduling-Problem/output/ic12p-gcp-ic12p-20260723T023309Z/org/excel_data_table06_forb/ticf-13crafb.fixed040-Forb.xlsx
Result queued for CSV: UNSAT | IdleRange(P*)=N/A | hard_objective_cap=disabled

============================================================
Processing: forumt-14crafd.forb0007.dzn
Test number: 66
============================================================
Input parsing completed in 0.0005 seconds
Constraint building completed in 0.1085 seconds
Total variables: 27779
Total hard clauses: 92777
Total soft clauses: 8
Hard objective cap: disabled (added clauses: 0)
MaxSAT solving completed in 0.0278 seconds

============================================================
TOTAL RUNTIME: 0.1965 seconds (0.20s)
============================================================
Peak process-tree RSS: 145.188 MB
Excel exported to: /home/dclng566/projects/Business-Meeting-Scheduling-Problem/output/ic12p-gcp-ic12p-20260723T023309Z/org/excel_data_table06_forb/forumt-14crafd.forb0007.xlsx
Result queued for CSV: UNSAT | IdleRange(P*)=N/A | hard_objective_cap=disabled
CSV exported to: /home/dclng566/projects/Business-Meeting-Scheduling-Problem/output/ic12p-gcp-ic12p-20260723T023309Z/org/data_table06_forb_org_new.csv
