Found 40 canonical input contents

============================================================
Processing: tic-13crafb.prec15.dzn
Test number: 1
============================================================
Input parsing completed in 0.0003 seconds
Constraint building completed in 0.0927 seconds
Total variables: 22825
Total hard clauses: 79126
Total soft clauses: 8
Hard objective cap: disabled (added clauses: 0)
UWrMaxSAT optimum IdleRange(P*): 0
MaxSAT solving completed in 0.2263 seconds

============================================================
TOTAL RUNTIME: 0.3762 seconds (0.38s)
============================================================
Peak process-tree RSS: 74.602 MB
Excel exported to: /home/dclng566/projects/Business-Meeting-Scheduling-Problem/output/ic12p-gcp-ic12p-20260723T023309Z/org/excel_data_table08_prec/tic-13crafb.prec15.xlsx
Result queued for CSV: OPTIMAL | IdleRange(P*)=0 | hard_objective_cap=disabled

============================================================
Processing: forum-13crafc.prec15.dzn
Test number: 2
============================================================
Input parsing completed in 0.0003 seconds
Constraint building completed in 0.4479 seconds
Total variables: 131031
Total hard clauses: 365497
Total soft clauses: 19
Hard objective cap: disabled (added clauses: 0)
UWrMaxSAT optimum IdleRange(P*): 0
MaxSAT solving completed in 8.7549 seconds

============================================================
TOTAL RUNTIME: 9.4625 seconds (9.46s)
============================================================
Peak process-tree RSS: 223.375 MB
Excel exported to: /home/dclng566/projects/Business-Meeting-Scheduling-Problem/output/ic12p-gcp-ic12p-20260723T023309Z/org/excel_data_table08_prec/forum-13crafc.prec15.xlsx
Result queued for CSV: OPTIMAL | IdleRange(P*)=0 | hard_objective_cap=disabled

============================================================
Processing: forumt-14crafd.prec15.dzn
Test number: 3
============================================================
Input parsing completed in 0.0005 seconds
Constraint building completed in 0.1041 seconds
Total variables: 27779
Total hard clauses: 95095
Total soft clauses: 8
Hard objective cap: disabled (added clauses: 0)
UWrMaxSAT optimum IdleRange(P*): 2
MaxSAT solving completed in 0.2549 seconds

============================================================
TOTAL RUNTIME: 0.4286 seconds (0.43s)
============================================================
Peak process-tree RSS: 135.488 MB
Excel exported to: /home/dclng566/projects/Business-Meeting-Scheduling-Problem/output/ic12p-gcp-ic12p-20260723T023309Z/org/excel_data_table08_prec/forumt-14crafd.prec15.xlsx
Result queued for CSV: OPTIMAL | IdleRange(P*)=2 | hard_objective_cap=disabled

============================================================
Processing: ticf-13crafa.prec25.dzn
Test number: 4
============================================================
Input parsing completed in 0.0004 seconds
Constraint building completed in 0.4604 seconds
Total variables: 130863
Total hard clauses: 372891
Total soft clauses: 19
Hard objective cap: disabled (added clauses: 0)
MaxSAT solving completed in 0.7479 seconds

============================================================
TOTAL RUNTIME: 1.4528 seconds (1.45s)
============================================================
Peak process-tree RSS: 251.684 MB
Excel exported to: /home/dclng566/projects/Business-Meeting-Scheduling-Problem/output/ic12p-gcp-ic12p-20260723T023309Z/org/excel_data_table08_prec/ticf-13crafa.prec25.xlsx
Result queued for CSV: UNSAT | IdleRange(P*)=N/A | hard_objective_cap=disabled

============================================================
Processing: forumt-14.prec15.dzn
Test number: 5
============================================================
Input parsing completed in 0.0005 seconds
Constraint building completed in 0.1052 seconds
Total variables: 27752
Total hard clauses: 95066
Total soft clauses: 7
Hard objective cap: disabled (added clauses: 0)
UWrMaxSAT optimum IdleRange(P*): 2
MaxSAT solving completed in 0.2924 seconds

============================================================
TOTAL RUNTIME: 0.4655 seconds (0.47s)
============================================================
Peak process-tree RSS: 127.820 MB
Excel exported to: /home/dclng566/projects/Business-Meeting-Scheduling-Problem/output/ic12p-gcp-ic12p-20260723T023309Z/org/excel_data_table08_prec/forumt-14.prec15.xlsx
Result queued for CSV: OPTIMAL | IdleRange(P*)=2 | hard_objective_cap=disabled

============================================================
Processing: forumt-14crafc.prec15.dzn
Test number: 6
============================================================
Input parsing completed in 0.0005 seconds
Constraint building completed in 0.1055 seconds
Total variables: 27972
Total hard clauses: 95526
Total soft clauses: 7
Hard objective cap: disabled (added clauses: 0)
UWrMaxSAT optimum IdleRange(P*): 2
MaxSAT solving completed in 0.3113 seconds

============================================================
TOTAL RUNTIME: 0.4846 seconds (0.48s)
============================================================
Peak process-tree RSS: 99.199 MB
Excel exported to: /home/dclng566/projects/Business-Meeting-Scheduling-Problem/output/ic12p-gcp-ic12p-20260723T023309Z/org/excel_data_table08_prec/forumt-14crafc.prec15.xlsx
Result queued for CSV: OPTIMAL | IdleRange(P*)=2 | hard_objective_cap=disabled

============================================================
Processing: forum-13crafb.prec25.dzn
Test number: 7
============================================================
Input parsing completed in 0.0004 seconds
Constraint building completed in 0.5219 seconds
Total variables: 136770
Total hard clauses: 414481
Total soft clauses: 20
Hard objective cap: disabled (added clauses: 0)
MaxSAT solving completed in 0.8984 seconds

============================================================
TOTAL RUNTIME: 1.6914 seconds (1.69s)
============================================================
Peak process-tree RSS: 273.883 MB
Excel exported to: /home/dclng566/projects/Business-Meeting-Scheduling-Problem/output/ic12p-gcp-ic12p-20260723T023309Z/org/excel_data_table08_prec/forum-13crafb.prec25.xlsx
Result queued for CSV: UNSAT | IdleRange(P*)=N/A | hard_objective_cap=disabled

============================================================
Processing: forum-13.prec25.dzn
Test number: 8
============================================================
Input parsing completed in 0.0004 seconds
Constraint building completed in 0.4415 seconds
Total variables: 130863
Total hard clauses: 372973
Total soft clauses: 19
Hard objective cap: disabled (added clauses: 0)
MaxSAT solving completed in 0.7668 seconds

============================================================
TOTAL RUNTIME: 1.4585 seconds (1.46s)
============================================================
Peak process-tree RSS: 252.043 MB
Excel exported to: /home/dclng566/projects/Business-Meeting-Scheduling-Problem/output/ic12p-gcp-ic12p-20260723T023309Z/org/excel_data_table08_prec/forum-13.prec25.xlsx
Result queued for CSV: UNSAT | IdleRange(P*)=N/A | hard_objective_cap=disabled

============================================================
Processing: tic-14crafd.prec15.dzn
Test number: 9
============================================================
Input parsing completed in 0.0005 seconds
Constraint building completed in 0.1142 seconds
Total variables: 27779
Total hard clauses: 95001
Total soft clauses: 8
Hard objective cap: disabled (added clauses: 0)
UWrMaxSAT optimum IdleRange(P*): 0
MaxSAT solving completed in 0.2847 seconds

============================================================
TOTAL RUNTIME: 0.4667 seconds (0.47s)
============================================================
Peak process-tree RSS: 130.785 MB
Excel exported to: /home/dclng566/projects/Business-Meeting-Scheduling-Problem/output/ic12p-gcp-ic12p-20260723T023309Z/org/excel_data_table08_prec/tic-14crafd.prec15.xlsx
Result queued for CSV: OPTIMAL | IdleRange(P*)=0 | hard_objective_cap=disabled

============================================================
Processing: tic-14crafa.prec15.dzn
Test number: 10
============================================================
Input parsing completed in 0.0004 seconds
Constraint building completed in 0.1047 seconds
Total variables: 27752
Total hard clauses: 94968
Total soft clauses: 7
Hard objective cap: disabled (added clauses: 0)
UWrMaxSAT optimum IdleRange(P*): 0
MaxSAT solving completed in 0.5177 seconds

============================================================
TOTAL RUNTIME: 0.6897 seconds (0.69s)
============================================================
Peak process-tree RSS: 112.445 MB
Excel exported to: /home/dclng566/projects/Business-Meeting-Scheduling-Problem/output/ic12p-gcp-ic12p-20260723T023309Z/org/excel_data_table08_prec/tic-14crafa.prec15.xlsx
Result queued for CSV: OPTIMAL | IdleRange(P*)=0 | hard_objective_cap=disabled

============================================================
Processing: tic-14crafd.prec25.dzn
Test number: 11
============================================================
Input parsing completed in 0.0004 seconds
Constraint building completed in 0.1085 seconds
Total variables: 27779
Total hard clauses: 98026
Total soft clauses: 8
Hard objective cap: disabled (added clauses: 0)
UWrMaxSAT optimum IdleRange(P*): 0
MaxSAT solving completed in 0.3285 seconds

============================================================
TOTAL RUNTIME: 0.5066 seconds (0.51s)
============================================================
Peak process-tree RSS: 112.938 MB
Excel exported to: /home/dclng566/projects/Business-Meeting-Scheduling-Problem/output/ic12p-gcp-ic12p-20260723T023309Z/org/excel_data_table08_prec/tic-14crafd.prec25.xlsx
Result queued for CSV: OPTIMAL | IdleRange(P*)=0 | hard_objective_cap=disabled

============================================================
Processing: tic-12crafc.prec15.dzn
Test number: 12
============================================================
Input parsing completed in 0.0003 seconds
Constraint building completed in 0.0534 seconds
Total variables: 14900
Total hard clauses: 49411
Total soft clauses: 6
Hard objective cap: disabled (added clauses: 0)
UWrMaxSAT optimum IdleRange(P*): 0
MaxSAT solving completed in 0.1076 seconds

============================================================
TOTAL RUNTIME: 0.1963 seconds (0.20s)
============================================================
Peak process-tree RSS: 95.879 MB
Excel exported to: /home/dclng566/projects/Business-Meeting-Scheduling-Problem/output/ic12p-gcp-ic12p-20260723T023309Z/org/excel_data_table08_prec/tic-12crafc.prec15.xlsx
Result queued for CSV: OPTIMAL | IdleRange(P*)=0 | hard_objective_cap=disabled

============================================================
Processing: tic-14crafc.prec25.dzn
Test number: 13
============================================================
Input parsing completed in 0.0004 seconds
Constraint building completed in 0.1068 seconds
Total variables: 27972
Total hard clauses: 98123
Total soft clauses: 7
Hard objective cap: disabled (added clauses: 0)
UWrMaxSAT optimum IdleRange(P*): 0
MaxSAT solving completed in 0.9367 seconds

============================================================
TOTAL RUNTIME: 1.1131 seconds (1.11s)
============================================================
Peak process-tree RSS: 109.008 MB
Excel exported to: /home/dclng566/projects/Business-Meeting-Scheduling-Problem/output/ic12p-gcp-ic12p-20260723T023309Z/org/excel_data_table08_prec/tic-14crafc.prec25.xlsx
Result queued for CSV: OPTIMAL | IdleRange(P*)=0 | hard_objective_cap=disabled

============================================================
Processing: ticf-13crafa.prec15.dzn
Test number: 14
============================================================
Input parsing completed in 0.0005 seconds
Constraint building completed in 0.4418 seconds
Total variables: 130863
Total hard clauses: 365037
Total soft clauses: 19
Hard objective cap: disabled (added clauses: 0)
UWrMaxSAT optimum IdleRange(P*): 0
MaxSAT solving completed in 2.1294 seconds

============================================================
TOTAL RUNTIME: 2.8305 seconds (2.83s)
============================================================
Peak process-tree RSS: 230.043 MB
Excel exported to: /home/dclng566/projects/Business-Meeting-Scheduling-Problem/output/ic12p-gcp-ic12p-20260723T023309Z/org/excel_data_table08_prec/ticf-13crafa.prec15.xlsx
Result queued for CSV: OPTIMAL | IdleRange(P*)=0 | hard_objective_cap=disabled

============================================================
Processing: forum-13crafc.prec25.dzn
Test number: 15
============================================================
Input parsing completed in 0.0004 seconds
Constraint building completed in 0.4582 seconds
Total variables: 131031
Total hard clauses: 373351
Total soft clauses: 19
Hard objective cap: disabled (added clauses: 0)
MaxSAT solving completed in 0.7658 seconds

============================================================
TOTAL RUNTIME: 1.4719 seconds (1.47s)
============================================================
Peak process-tree RSS: 270.746 MB
Excel exported to: /home/dclng566/projects/Business-Meeting-Scheduling-Problem/output/ic12p-gcp-ic12p-20260723T023309Z/org/excel_data_table08_prec/forum-13crafc.prec25.xlsx
Result queued for CSV: UNSAT | IdleRange(P*)=N/A | hard_objective_cap=disabled

============================================================
Processing: forum-14.prec25.dzn
Test number: 16
============================================================
Input parsing completed in 0.0007 seconds
Constraint building completed in 0.6476 seconds
Total variables: 162425
Total hard clauses: 523504
Total soft clauses: 20
Hard objective cap: disabled (added clauses: 0)
MaxSAT solving completed in 1.0108 seconds

============================================================
TOTAL RUNTIME: 2.0078 seconds (2.01s)
============================================================
Peak process-tree RSS: 338.320 MB
Excel exported to: /home/dclng566/projects/Business-Meeting-Scheduling-Problem/output/ic12p-gcp-ic12p-20260723T023309Z/org/excel_data_table08_prec/forum-14.prec25.xlsx
Result queued for CSV: UNSAT | IdleRange(P*)=N/A | hard_objective_cap=disabled

============================================================
Processing: tic-13.prec15.dzn
Test number: 17
============================================================
Input parsing completed in 0.0005 seconds
Constraint building completed in 0.0946 seconds
Total variables: 24215
Total hard clauses: 80430
Total soft clauses: 6
Hard objective cap: disabled (added clauses: 0)
UWrMaxSAT optimum IdleRange(P*): 0
MaxSAT solving completed in 0.2808 seconds

============================================================
TOTAL RUNTIME: 0.4338 seconds (0.43s)
============================================================
Peak process-tree RSS: 180.637 MB
Excel exported to: /home/dclng566/projects/Business-Meeting-Scheduling-Problem/output/ic12p-gcp-ic12p-20260723T023309Z/org/excel_data_table08_prec/tic-13.prec15.xlsx
Result queued for CSV: OPTIMAL | IdleRange(P*)=0 | hard_objective_cap=disabled

============================================================
Processing: tic-13crafc.prec25.dzn
Test number: 18
============================================================
Input parsing completed in 0.0005 seconds
Constraint building completed in 0.0906 seconds
Total variables: 24375
Total hard clauses: 82970
Total soft clauses: 6
Hard objective cap: disabled (added clauses: 0)
UWrMaxSAT optimum IdleRange(P*): 1
MaxSAT solving completed in 0.6074 seconds

============================================================
TOTAL RUNTIME: 0.7587 seconds (0.76s)
============================================================
Peak process-tree RSS: 141.371 MB
Excel exported to: /home/dclng566/projects/Business-Meeting-Scheduling-Problem/output/ic12p-gcp-ic12p-20260723T023309Z/org/excel_data_table08_prec/tic-13crafc.prec25.xlsx
Result queued for CSV: OPTIMAL | IdleRange(P*)=1 | hard_objective_cap=disabled

============================================================
Processing: forumt-14crafe.prec15.dzn
Test number: 19
============================================================
Input parsing completed in 0.0004 seconds
Constraint building completed in 0.1057 seconds
Total variables: 27859
Total hard clauses: 95265
Total soft clauses: 8
Hard objective cap: disabled (added clauses: 0)
UWrMaxSAT optimum IdleRange(P*): 2
MaxSAT solving completed in 0.2811 seconds

============================================================
TOTAL RUNTIME: 0.4546 seconds (0.45s)
============================================================
Peak process-tree RSS: 117.613 MB
Excel exported to: /home/dclng566/projects/Business-Meeting-Scheduling-Problem/output/ic12p-gcp-ic12p-20260723T023309Z/org/excel_data_table08_prec/forumt-14crafe.prec15.xlsx
Result queued for CSV: OPTIMAL | IdleRange(P*)=2 | hard_objective_cap=disabled

============================================================
Processing: tic-13.prec25.dzn
Test number: 20
============================================================
Input parsing completed in 0.0004 seconds
Constraint building completed in 0.0930 seconds
Total variables: 24215
Total hard clauses: 82630
Total soft clauses: 6
Hard objective cap: disabled (added clauses: 0)
UWrMaxSAT optimum IdleRange(P*): 0
MaxSAT solving completed in 0.5234 seconds

============================================================
TOTAL RUNTIME: 0.6747 seconds (0.67s)
============================================================
Peak process-tree RSS: 116.336 MB
Excel exported to: /home/dclng566/projects/Business-Meeting-Scheduling-Problem/output/ic12p-gcp-ic12p-20260723T023309Z/org/excel_data_table08_prec/tic-13.prec25.xlsx
Result queued for CSV: OPTIMAL | IdleRange(P*)=0 | hard_objective_cap=disabled

============================================================
Processing: forum-14.prec15.dzn
Test number: 21
============================================================
Input parsing completed in 0.0006 seconds
Constraint building completed in 0.6241 seconds
Total variables: 162425
Total hard clauses: 505035
Total soft clauses: 20
Hard objective cap: disabled (added clauses: 0)
UWrMaxSAT optimum IdleRange(P*): 4
MaxSAT solving completed in 5.0322 seconds

============================================================
TOTAL RUNTIME: 6.0151 seconds (6.02s)
============================================================
Peak process-tree RSS: 313.520 MB
Excel exported to: /home/dclng566/projects/Business-Meeting-Scheduling-Problem/output/ic12p-gcp-ic12p-20260723T023309Z/org/excel_data_table08_prec/forum-14.prec15.xlsx
Result queued for CSV: OPTIMAL | IdleRange(P*)=4 | hard_objective_cap=disabled

============================================================
Processing: ticf-14crafa.prec15.dzn
Test number: 22
============================================================
Input parsing completed in 0.0006 seconds
Constraint building completed in 0.6548 seconds
Total variables: 162425
Total hard clauses: 504293
Total soft clauses: 20
Hard objective cap: disabled (added clauses: 0)
UWrMaxSAT optimum IdleRange(P*): 0
MaxSAT solving completed in 12.0013 seconds

============================================================
TOTAL RUNTIME: 13.0153 seconds (13.02s)
============================================================
Peak process-tree RSS: 342.723 MB
Excel exported to: /home/dclng566/projects/Business-Meeting-Scheduling-Problem/output/ic12p-gcp-ic12p-20260723T023309Z/org/excel_data_table08_prec/ticf-14crafa.prec15.xlsx
Result queued for CSV: OPTIMAL | IdleRange(P*)=0 | hard_objective_cap=disabled

============================================================
Processing: ticf-14crafa.prec25.dzn
Test number: 23
============================================================
Input parsing completed in 0.0007 seconds
Constraint building completed in 0.6665 seconds
Total variables: 162425
Total hard clauses: 522762
Total soft clauses: 20
Hard objective cap: disabled (added clauses: 0)
MaxSAT solving completed in 1.0631 seconds

============================================================
TOTAL RUNTIME: 2.0806 seconds (2.08s)
============================================================
Peak process-tree RSS: 351.250 MB
Excel exported to: /home/dclng566/projects/Business-Meeting-Scheduling-Problem/output/ic12p-gcp-ic12p-20260723T023309Z/org/excel_data_table08_prec/ticf-14crafa.prec25.xlsx
Result queued for CSV: UNSAT | IdleRange(P*)=N/A | hard_objective_cap=disabled

============================================================
Processing: tic-14crafc.prec15.dzn
Test number: 24
============================================================
Input parsing completed in 0.0008 seconds
Constraint building completed in 0.1071 seconds
Total variables: 27972
Total hard clauses: 95428
Total soft clauses: 7
Hard objective cap: disabled (added clauses: 0)
UWrMaxSAT optimum IdleRange(P*): 0
MaxSAT solving completed in 0.3584 seconds

============================================================
TOTAL RUNTIME: 0.5350 seconds (0.53s)
============================================================
Peak process-tree RSS: 187.305 MB
Excel exported to: /home/dclng566/projects/Business-Meeting-Scheduling-Problem/output/ic12p-gcp-ic12p-20260723T023309Z/org/excel_data_table08_prec/tic-14crafc.prec15.xlsx
Result queued for CSV: OPTIMAL | IdleRange(P*)=0 | hard_objective_cap=disabled

============================================================
Processing: forum-13.prec15.dzn
Test number: 25
============================================================
Input parsing completed in 0.0004 seconds
Constraint building completed in 0.4307 seconds
Total variables: 130863
Total hard clauses: 365119
Total soft clauses: 19
Hard objective cap: disabled (added clauses: 0)
UWrMaxSAT optimum IdleRange(P*): 0
MaxSAT solving completed in 2.2475 seconds

============================================================
TOTAL RUNTIME: 2.9365 seconds (2.94s)
============================================================
Peak process-tree RSS: 252.848 MB
Excel exported to: /home/dclng566/projects/Business-Meeting-Scheduling-Problem/output/ic12p-gcp-ic12p-20260723T023309Z/org/excel_data_table08_prec/forum-13.prec15.xlsx
Result queued for CSV: OPTIMAL | IdleRange(P*)=0 | hard_objective_cap=disabled

============================================================
Processing: tic-13crafc.prec15.dzn
Test number: 26
============================================================
Input parsing completed in 0.0004 seconds
Constraint building completed in 0.0983 seconds
Total variables: 24375
Total hard clauses: 80770
Total soft clauses: 6
Hard objective cap: disabled (added clauses: 0)
UWrMaxSAT optimum IdleRange(P*): 1
MaxSAT solving completed in 0.2921 seconds

============================================================
TOTAL RUNTIME: 0.4490 seconds (0.45s)
============================================================
Peak process-tree RSS: 167.863 MB
Excel exported to: /home/dclng566/projects/Business-Meeting-Scheduling-Problem/output/ic12p-gcp-ic12p-20260723T023309Z/org/excel_data_table08_prec/tic-13crafc.prec15.xlsx
Result queued for CSV: OPTIMAL | IdleRange(P*)=1 | hard_objective_cap=disabled

============================================================
Processing: tic-12.prec25.dzn
Test number: 27
============================================================
Input parsing completed in 0.0004 seconds
Constraint building completed in 0.0259 seconds
Total variables: 5772
Total hard clauses: 23295
Total soft clauses: 6
Hard objective cap: disabled (added clauses: 0)
UWrMaxSAT optimum IdleRange(P*): 0
MaxSAT solving completed in 0.1915 seconds

============================================================
TOTAL RUNTIME: 0.2350 seconds (0.23s)
============================================================
Peak process-tree RSS: 142.523 MB
Excel exported to: /home/dclng566/projects/Business-Meeting-Scheduling-Problem/output/ic12p-gcp-ic12p-20260723T023309Z/org/excel_data_table08_prec/tic-12.prec25.xlsx
Result queued for CSV: OPTIMAL | IdleRange(P*)=0 | hard_objective_cap=disabled

============================================================
Processing: ticf-13crafb.prec25.dzn
Test number: 28
============================================================
Input parsing completed in 0.0004 seconds
Constraint building completed in 0.5049 seconds
Total variables: 136770
Total hard clauses: 414363
Total soft clauses: 20
Hard objective cap: disabled (added clauses: 0)
MaxSAT solving completed in 0.8589 seconds

============================================================
TOTAL RUNTIME: 1.6356 seconds (1.64s)
============================================================
Peak process-tree RSS: 275.355 MB
Excel exported to: /home/dclng566/projects/Business-Meeting-Scheduling-Problem/output/ic12p-gcp-ic12p-20260723T023309Z/org/excel_data_table08_prec/ticf-13crafb.prec25.xlsx
Result queued for CSV: UNSAT | IdleRange(P*)=N/A | hard_objective_cap=disabled

============================================================
Processing: forumt-14.prec25.dzn
Test number: 29
============================================================
Input parsing completed in 0.0006 seconds
Constraint building completed in 0.1161 seconds
Total variables: 27752
Total hard clauses: 97761
Total soft clauses: 7
Hard objective cap: disabled (added clauses: 0)
UWrMaxSAT optimum IdleRange(P*): 2
MaxSAT solving completed in 0.3009 seconds

============================================================
TOTAL RUNTIME: 0.4865 seconds (0.49s)
============================================================
Peak process-tree RSS: 162.371 MB
Excel exported to: /home/dclng566/projects/Business-Meeting-Scheduling-Problem/output/ic12p-gcp-ic12p-20260723T023309Z/org/excel_data_table08_prec/forumt-14.prec25.xlsx
Result queued for CSV: OPTIMAL | IdleRange(P*)=2 | hard_objective_cap=disabled

============================================================
Processing: tic-12crafc.prec25.dzn
Test number: 30
============================================================
Input parsing completed in 0.0004 seconds
Constraint building completed in 0.0556 seconds
Total variables: 14900
Total hard clauses: 50455
Total soft clauses: 6
Hard objective cap: disabled (added clauses: 0)
UWrMaxSAT optimum IdleRange(P*): 0
MaxSAT solving completed in 0.4858 seconds

============================================================
TOTAL RUNTIME: 0.5773 seconds (0.58s)
============================================================
Peak process-tree RSS: 145.969 MB
Excel exported to: /home/dclng566/projects/Business-Meeting-Scheduling-Problem/output/ic12p-gcp-ic12p-20260723T023309Z/org/excel_data_table08_prec/tic-12crafc.prec25.xlsx
Result queued for CSV: OPTIMAL | IdleRange(P*)=0 | hard_objective_cap=disabled

============================================================
Processing: tic-14crafa.prec25.dzn
Test number: 31
============================================================
Input parsing completed in 0.0005 seconds
Constraint building completed in 0.1088 seconds
Total variables: 27752
Total hard clauses: 97663
Total soft clauses: 7
Hard objective cap: disabled (added clauses: 0)
UWrMaxSAT optimum IdleRange(P*): 0
MaxSAT solving completed in 1.7905 seconds

============================================================
TOTAL RUNTIME: 1.9682 seconds (1.97s)
============================================================
Peak process-tree RSS: 160.914 MB
Excel exported to: /home/dclng566/projects/Business-Meeting-Scheduling-Problem/output/ic12p-gcp-ic12p-20260723T023309Z/org/excel_data_table08_prec/tic-14crafa.prec25.xlsx
Result queued for CSV: OPTIMAL | IdleRange(P*)=0 | hard_objective_cap=disabled

============================================================
Processing: ticf-13crafc.prec25.dzn
Test number: 32
============================================================
Input parsing completed in 0.0004 seconds
Constraint building completed in 0.4536 seconds
Total variables: 131031
Total hard clauses: 373269
Total soft clauses: 19
Hard objective cap: disabled (added clauses: 0)
MaxSAT solving completed in 0.7509 seconds

============================================================
TOTAL RUNTIME: 1.4519 seconds (1.45s)
============================================================
Peak process-tree RSS: 263.098 MB
Excel exported to: /home/dclng566/projects/Business-Meeting-Scheduling-Problem/output/ic12p-gcp-ic12p-20260723T023309Z/org/excel_data_table08_prec/ticf-13crafc.prec25.xlsx
Result queued for CSV: UNSAT | IdleRange(P*)=N/A | hard_objective_cap=disabled

============================================================
Processing: ticf-13crafb.prec15.dzn
Test number: 33
============================================================
Input parsing completed in 0.0005 seconds
Constraint building completed in 0.4839 seconds
Total variables: 136770
Total hard clauses: 403737
Total soft clauses: 20
Hard objective cap: disabled (added clauses: 0)
MaxSAT solving completed in 0.8619 seconds

============================================================
TOTAL RUNTIME: 1.6126 seconds (1.61s)
============================================================
Peak process-tree RSS: 284.750 MB
Excel exported to: /home/dclng566/projects/Business-Meeting-Scheduling-Problem/output/ic12p-gcp-ic12p-20260723T023309Z/org/excel_data_table08_prec/ticf-13crafb.prec15.xlsx
Result queued for CSV: UNSAT | IdleRange(P*)=N/A | hard_objective_cap=disabled

============================================================
Processing: forumt-14crafe.prec25.dzn
Test number: 34
============================================================
Input parsing completed in 0.0005 seconds
Constraint building completed in 0.1233 seconds
Total variables: 27859
Total hard clauses: 98290
Total soft clauses: 8
Hard objective cap: disabled (added clauses: 0)
UWrMaxSAT optimum IdleRange(P*): 2
MaxSAT solving completed in 0.8433 seconds

============================================================
TOTAL RUNTIME: 1.0371 seconds (1.04s)
============================================================
Peak process-tree RSS: 160.953 MB
Excel exported to: /home/dclng566/projects/Business-Meeting-Scheduling-Problem/output/ic12p-gcp-ic12p-20260723T023309Z/org/excel_data_table08_prec/forumt-14crafe.prec25.xlsx
Result queued for CSV: OPTIMAL | IdleRange(P*)=2 | hard_objective_cap=disabled

============================================================
Processing: forumt-14crafc.prec25.dzn
Test number: 35
============================================================
Input parsing completed in 0.0005 seconds
Constraint building completed in 0.1135 seconds
Total variables: 27972
Total hard clauses: 98221
Total soft clauses: 7
Hard objective cap: disabled (added clauses: 0)
UWrMaxSAT optimum IdleRange(P*): 2
MaxSAT solving completed in 0.3238 seconds

============================================================
TOTAL RUNTIME: 0.5071 seconds (0.51s)
============================================================
Peak process-tree RSS: 161.070 MB
Excel exported to: /home/dclng566/projects/Business-Meeting-Scheduling-Problem/output/ic12p-gcp-ic12p-20260723T023309Z/org/excel_data_table08_prec/forumt-14crafc.prec25.xlsx
Result queued for CSV: OPTIMAL | IdleRange(P*)=2 | hard_objective_cap=disabled

============================================================
Processing: forumt-14crafd.prec25.dzn
Test number: 36
============================================================
Input parsing completed in 0.0005 seconds
Constraint building completed in 0.1107 seconds
Total variables: 27779
Total hard clauses: 98120
Total soft clauses: 8
Hard objective cap: disabled (added clauses: 0)
UWrMaxSAT optimum IdleRange(P*): 2
MaxSAT solving completed in 0.2909 seconds

============================================================
TOTAL RUNTIME: 0.4708 seconds (0.47s)
============================================================
Peak process-tree RSS: 159.879 MB
Excel exported to: /home/dclng566/projects/Business-Meeting-Scheduling-Problem/output/ic12p-gcp-ic12p-20260723T023309Z/org/excel_data_table08_prec/forumt-14crafd.prec25.xlsx
Result queued for CSV: OPTIMAL | IdleRange(P*)=2 | hard_objective_cap=disabled

============================================================
Processing: ticf-13crafc.prec15.dzn
Test number: 37
============================================================
Input parsing completed in 0.0004 seconds
Constraint building completed in 0.4437 seconds
Total variables: 131031
Total hard clauses: 365415
Total soft clauses: 19
Hard objective cap: disabled (added clauses: 0)
UWrMaxSAT optimum IdleRange(P*): 0
MaxSAT solving completed in 5.1249 seconds

============================================================
TOTAL RUNTIME: 5.8248 seconds (5.82s)
============================================================
Peak process-tree RSS: 237.766 MB
Excel exported to: /home/dclng566/projects/Business-Meeting-Scheduling-Problem/output/ic12p-gcp-ic12p-20260723T023309Z/org/excel_data_table08_prec/ticf-13crafc.prec15.xlsx
Result queued for CSV: OPTIMAL | IdleRange(P*)=0 | hard_objective_cap=disabled

============================================================
Processing: tic-12.prec15.dzn
Test number: 38
============================================================
Input parsing completed in 0.0003 seconds
Constraint building completed in 0.0273 seconds
Total variables: 5772
Total hard clauses: 22251
Total soft clauses: 6
Hard objective cap: disabled (added clauses: 0)
UWrMaxSAT optimum IdleRange(P*): 0
MaxSAT solving completed in 0.0722 seconds

============================================================
TOTAL RUNTIME: 0.1171 seconds (0.12s)
============================================================
Peak process-tree RSS: 152.504 MB
Excel exported to: /home/dclng566/projects/Business-Meeting-Scheduling-Problem/output/ic12p-gcp-ic12p-20260723T023309Z/org/excel_data_table08_prec/tic-12.prec15.xlsx
Result queued for CSV: OPTIMAL | IdleRange(P*)=0 | hard_objective_cap=disabled

============================================================
Processing: forum-13crafb.prec15.dzn
Test number: 39
============================================================
Input parsing completed in 0.0004 seconds
Constraint building completed in 0.5059 seconds
Total variables: 136770
Total hard clauses: 403855
Total soft clauses: 20
Hard objective cap: disabled (added clauses: 0)
MaxSAT solving completed in 0.8730 seconds

============================================================
TOTAL RUNTIME: 1.6463 seconds (1.65s)
============================================================
Peak process-tree RSS: 284.109 MB
Excel exported to: /home/dclng566/projects/Business-Meeting-Scheduling-Problem/output/ic12p-gcp-ic12p-20260723T023309Z/org/excel_data_table08_prec/forum-13crafb.prec15.xlsx
Result queued for CSV: UNSAT | IdleRange(P*)=N/A | hard_objective_cap=disabled

============================================================
Processing: tic-13crafb.prec25.dzn
Test number: 40
============================================================
Input parsing completed in 0.0004 seconds
Constraint building completed in 0.0813 seconds
Total variables: 22825
Total hard clauses: 81381
Total soft clauses: 8
Hard objective cap: disabled (added clauses: 0)
UWrMaxSAT optimum IdleRange(P*): 0
MaxSAT solving completed in 0.6168 seconds

============================================================
TOTAL RUNTIME: 0.7558 seconds (0.76s)
============================================================
Peak process-tree RSS: 167.012 MB
Excel exported to: /home/dclng566/projects/Business-Meeting-Scheduling-Problem/output/ic12p-gcp-ic12p-20260723T023309Z/org/excel_data_table08_prec/tic-13crafb.prec25.xlsx
Result queued for CSV: OPTIMAL | IdleRange(P*)=0 | hard_objective_cap=disabled
CSV exported to: /home/dclng566/projects/Business-Meeting-Scheduling-Problem/output/ic12p-gcp-ic12p-20260723T023309Z/org/data_table08_prec_org_new.csv
