Found 40 canonical input contents

============================================================
Processing: ticf-13crafb.fixed020-Forb.dzn
Test number: 1
============================================================
Input parsing completed in 0.0004 seconds
Constraint building completed in 0.4919 seconds
Total variables: 136770
Total hard clauses: 396439
Total soft clauses: 20
Hard objective cap: disabled (added clauses: 0)
UWrMaxSAT optimum IdleRange(P*): 17
MaxSAT solving completed in 0.4092 seconds

============================================================
TOTAL RUNTIME: 1.1826 seconds (1.18s)
============================================================
Peak process-tree RSS: 215.707 MB
Excel exported to: /home/dclng566/projects/Business-Meeting-Scheduling-Problem/output/ic12p-gcp-ic12p-20260723T023309Z/org/excel_data_table07_fixed/ticf-13crafb.fixed020-Forb.xlsx
Result queued for CSV: OPTIMAL | IdleRange(P*)=17 | hard_objective_cap=disabled

============================================================
Processing: forum-13crafc.fixed040-Forb.dzn
Test number: 2
============================================================
Input parsing completed in 0.0004 seconds
Constraint building completed in 0.4391 seconds
Total variables: 131031
Total hard clauses: 362324
Total soft clauses: 19
Hard objective cap: disabled (added clauses: 0)
UWrMaxSAT optimum IdleRange(P*): 12
MaxSAT solving completed in 0.3493 seconds

============================================================
TOTAL RUNTIME: 1.0476 seconds (1.05s)
============================================================
Peak process-tree RSS: 194.203 MB
Excel exported to: /home/dclng566/projects/Business-Meeting-Scheduling-Problem/output/ic12p-gcp-ic12p-20260723T023309Z/org/excel_data_table07_fixed/forum-13crafc.fixed040-Forb.xlsx
Result queued for CSV: OPTIMAL | IdleRange(P*)=12 | hard_objective_cap=disabled

============================================================
Processing: forumt-14crafd.fixed040-Forb.dzn
Test number: 3
============================================================
Input parsing completed in 0.0005 seconds
Constraint building completed in 0.1052 seconds
Total variables: 27779
Total hard clauses: 92934
Total soft clauses: 8
Hard objective cap: disabled (added clauses: 0)
MaxSAT solving completed in 0.0267 seconds

============================================================
TOTAL RUNTIME: 0.1946 seconds (0.19s)
============================================================
Peak process-tree RSS: 140.309 MB
Excel exported to: /home/dclng566/projects/Business-Meeting-Scheduling-Problem/output/ic12p-gcp-ic12p-20260723T023309Z/org/excel_data_table07_fixed/forumt-14crafd.fixed040-Forb.xlsx
Result queued for CSV: UNSAT | IdleRange(P*)=N/A | hard_objective_cap=disabled

============================================================
Processing: tic-14crafd.fixed020-Forb.dzn
Test number: 4
============================================================
Input parsing completed in 0.0005 seconds
Constraint building completed in 0.0978 seconds
Total variables: 27779
Total hard clauses: 92793
Total soft clauses: 8
Hard objective cap: disabled (added clauses: 0)
UWrMaxSAT optimum IdleRange(P*): 3
MaxSAT solving completed in 0.1762 seconds

============================================================
TOTAL RUNTIME: 0.3410 seconds (0.34s)
============================================================
Peak process-tree RSS: 122.711 MB
Excel exported to: /home/dclng566/projects/Business-Meeting-Scheduling-Problem/output/ic12p-gcp-ic12p-20260723T023309Z/org/excel_data_table07_fixed/tic-14crafd.fixed020-Forb.xlsx
Result queued for CSV: OPTIMAL | IdleRange(P*)=3 | hard_objective_cap=disabled

============================================================
Processing: forum-13crafb.fixed020-Forb.dzn
Test number: 5
============================================================
Input parsing completed in 0.0004 seconds
Constraint building completed in 0.4835 seconds
Total variables: 136770
Total hard clauses: 396557
Total soft clauses: 20
Hard objective cap: disabled (added clauses: 0)
UWrMaxSAT optimum IdleRange(P*): 17
MaxSAT solving completed in 0.4210 seconds

============================================================
TOTAL RUNTIME: 1.1873 seconds (1.19s)
============================================================
Peak process-tree RSS: 218.914 MB
Excel exported to: /home/dclng566/projects/Business-Meeting-Scheduling-Problem/output/ic12p-gcp-ic12p-20260723T023309Z/org/excel_data_table07_fixed/forum-13crafb.fixed020-Forb.xlsx
Result queued for CSV: OPTIMAL | IdleRange(P*)=17 | hard_objective_cap=disabled

============================================================
Processing: forum-13.fixed040-Forb.dzn
Test number: 6
============================================================
Input parsing completed in 0.0004 seconds
Constraint building completed in 0.4387 seconds
Total variables: 130863
Total hard clauses: 361946
Total soft clauses: 19
Hard objective cap: disabled (added clauses: 0)
UWrMaxSAT optimum IdleRange(P*): 12
MaxSAT solving completed in 0.3220 seconds

============================================================
TOTAL RUNTIME: 1.0199 seconds (1.02s)
============================================================
Peak process-tree RSS: 203.305 MB
Excel exported to: /home/dclng566/projects/Business-Meeting-Scheduling-Problem/output/ic12p-gcp-ic12p-20260723T023309Z/org/excel_data_table07_fixed/forum-13.fixed040-Forb.xlsx
Result queued for CSV: OPTIMAL | IdleRange(P*)=12 | hard_objective_cap=disabled

============================================================
Processing: tic-13.fixed040-Forb.dzn
Test number: 7
============================================================
Input parsing completed in 0.0005 seconds
Constraint building completed in 0.0918 seconds
Total variables: 24215
Total hard clauses: 78577
Total soft clauses: 6
Hard objective cap: disabled (added clauses: 0)
UWrMaxSAT optimum IdleRange(P*): 4
MaxSAT solving completed in 0.0411 seconds

============================================================
TOTAL RUNTIME: 0.1898 seconds (0.19s)
============================================================
Peak process-tree RSS: 147.961 MB
Excel exported to: /home/dclng566/projects/Business-Meeting-Scheduling-Problem/output/ic12p-gcp-ic12p-20260723T023309Z/org/excel_data_table07_fixed/tic-13.fixed040-Forb.xlsx
Result queued for CSV: OPTIMAL | IdleRange(P*)=4 | hard_objective_cap=disabled

============================================================
Processing: tic-13crafc.fixed040-Forb.dzn
Test number: 8
============================================================
Input parsing completed in 0.0004 seconds
Constraint building completed in 0.0866 seconds
Total variables: 24375
Total hard clauses: 78917
Total soft clauses: 6
Hard objective cap: disabled (added clauses: 0)
UWrMaxSAT optimum IdleRange(P*): 4
MaxSAT solving completed in 0.0424 seconds

============================================================
TOTAL RUNTIME: 0.1845 seconds (0.18s)
============================================================
Peak process-tree RSS: 103.625 MB
Excel exported to: /home/dclng566/projects/Business-Meeting-Scheduling-Problem/output/ic12p-gcp-ic12p-20260723T023309Z/org/excel_data_table07_fixed/tic-13crafc.fixed040-Forb.xlsx
Result queued for CSV: OPTIMAL | IdleRange(P*)=4 | hard_objective_cap=disabled

============================================================
Processing: tic-14crafa.fixed040-Forb.dzn
Test number: 9
============================================================
Input parsing completed in 0.0004 seconds
Constraint building completed in 0.1036 seconds
Total variables: 27752
Total hard clauses: 92642
Total soft clauses: 7
Hard objective cap: disabled (added clauses: 0)
MaxSAT solving completed in 0.0249 seconds

============================================================
TOTAL RUNTIME: 0.1884 seconds (0.19s)
============================================================
Peak process-tree RSS: 97.711 MB
Excel exported to: /home/dclng566/projects/Business-Meeting-Scheduling-Problem/output/ic12p-gcp-ic12p-20260723T023309Z/org/excel_data_table07_fixed/tic-14crafa.fixed040-Forb.xlsx
Result queued for CSV: UNSAT | IdleRange(P*)=N/A | hard_objective_cap=disabled

============================================================
Processing: tic-12crafc.fixed020-Forb.dzn
Test number: 10
============================================================
Input parsing completed in 0.0003 seconds
Constraint building completed in 0.0513 seconds
Total variables: 14900
Total hard clauses: 48572
Total soft clauses: 6
Hard objective cap: disabled (added clauses: 0)
UWrMaxSAT optimum IdleRange(P*): 4
MaxSAT solving completed in 0.0665 seconds

============================================================
TOTAL RUNTIME: 0.1524 seconds (0.15s)
============================================================
Peak process-tree RSS: 102.875 MB
Excel exported to: /home/dclng566/projects/Business-Meeting-Scheduling-Problem/output/ic12p-gcp-ic12p-20260723T023309Z/org/excel_data_table07_fixed/tic-12crafc.fixed020-Forb.xlsx
Result queued for CSV: OPTIMAL | IdleRange(P*)=4 | hard_objective_cap=disabled

============================================================
Processing: forum-13crafb.fixed040-Forb.dzn
Test number: 11
============================================================
Input parsing completed in 0.0004 seconds
Constraint building completed in 0.4746 seconds
Total variables: 136770
Total hard clauses: 396596
Total soft clauses: 20
Hard objective cap: disabled (added clauses: 0)
MaxSAT solving completed in 0.1146 seconds

============================================================
TOTAL RUNTIME: 0.8557 seconds (0.86s)
============================================================
Peak process-tree RSS: 180.199 MB
Excel exported to: /home/dclng566/projects/Business-Meeting-Scheduling-Problem/output/ic12p-gcp-ic12p-20260723T023309Z/org/excel_data_table07_fixed/forum-13crafb.fixed040-Forb.xlsx
Result queued for CSV: UNSAT | IdleRange(P*)=N/A | hard_objective_cap=disabled

============================================================
Processing: forumt-14crafc.fixed040-Forb.dzn
Test number: 12
============================================================
Input parsing completed in 0.0005 seconds
Constraint building completed in 0.1056 seconds
Total variables: 27972
Total hard clauses: 93200
Total soft clauses: 7
Hard objective cap: disabled (added clauses: 0)
MaxSAT solving completed in 0.0280 seconds

============================================================
TOTAL RUNTIME: 0.1944 seconds (0.19s)
============================================================
Peak process-tree RSS: 131.977 MB
Excel exported to: /home/dclng566/projects/Business-Meeting-Scheduling-Problem/output/ic12p-gcp-ic12p-20260723T023309Z/org/excel_data_table07_fixed/forumt-14crafc.fixed040-Forb.xlsx
Result queued for CSV: UNSAT | IdleRange(P*)=N/A | hard_objective_cap=disabled

============================================================
Processing: forumt-14crafe.fixed040-Forb.dzn
Test number: 13
============================================================
Input parsing completed in 0.0005 seconds
Constraint building completed in 0.0997 seconds
Total variables: 27859
Total hard clauses: 93104
Total soft clauses: 8
Hard objective cap: disabled (added clauses: 0)
MaxSAT solving completed in 0.0264 seconds

============================================================
TOTAL RUNTIME: 0.1867 seconds (0.19s)
============================================================
Peak process-tree RSS: 103.359 MB
Excel exported to: /home/dclng566/projects/Business-Meeting-Scheduling-Problem/output/ic12p-gcp-ic12p-20260723T023309Z/org/excel_data_table07_fixed/forumt-14crafe.fixed040-Forb.xlsx
Result queued for CSV: UNSAT | IdleRange(P*)=N/A | hard_objective_cap=disabled

============================================================
Processing: tic-12.fixed040-Forb.dzn
Test number: 14
============================================================
Input parsing completed in 0.0003 seconds
Constraint building completed in 0.0266 seconds
Total variables: 5772
Total hard clauses: 21437
Total soft clauses: 6
Hard objective cap: disabled (added clauses: 0)
MaxSAT solving completed in 0.0067 seconds

============================================================
TOTAL RUNTIME: 0.0474 seconds (0.05s)
============================================================
Peak process-tree RSS: 96.453 MB
Excel exported to: /home/dclng566/projects/Business-Meeting-Scheduling-Problem/output/ic12p-gcp-ic12p-20260723T023309Z/org/excel_data_table07_fixed/tic-12.fixed040-Forb.xlsx
Result queued for CSV: UNSAT | IdleRange(P*)=N/A | hard_objective_cap=disabled

============================================================
Processing: tic-14crafa.fixed020-Forb.dzn
Test number: 15
============================================================
Input parsing completed in 0.0004 seconds
Constraint building completed in 0.1001 seconds
Total variables: 27752
Total hard clauses: 92595
Total soft clauses: 7
Hard objective cap: disabled (added clauses: 0)
UWrMaxSAT optimum IdleRange(P*): 2
MaxSAT solving completed in 0.0566 seconds

============================================================
TOTAL RUNTIME: 0.2223 seconds (0.22s)
============================================================
Peak process-tree RSS: 94.484 MB
Excel exported to: /home/dclng566/projects/Business-Meeting-Scheduling-Problem/output/ic12p-gcp-ic12p-20260723T023309Z/org/excel_data_table07_fixed/tic-14crafa.fixed020-Forb.xlsx
Result queued for CSV: OPTIMAL | IdleRange(P*)=2 | hard_objective_cap=disabled

============================================================
Processing: tic-13crafc.fixed020-Forb.dzn
Test number: 16
============================================================
Input parsing completed in 0.0004 seconds
Constraint building completed in 0.0883 seconds
Total variables: 24375
Total hard clauses: 78881
Total soft clauses: 6
Hard objective cap: disabled (added clauses: 0)
UWrMaxSAT optimum IdleRange(P*): 3
MaxSAT solving completed in 0.1464 seconds

============================================================
TOTAL RUNTIME: 0.2902 seconds (0.29s)
============================================================
Peak process-tree RSS: 112.777 MB
Excel exported to: /home/dclng566/projects/Business-Meeting-Scheduling-Problem/output/ic12p-gcp-ic12p-20260723T023309Z/org/excel_data_table07_fixed/tic-13crafc.fixed020-Forb.xlsx
Result queued for CSV: OPTIMAL | IdleRange(P*)=3 | hard_objective_cap=disabled

============================================================
Processing: forumt-14crafc.fixed020-Forb.dzn
Test number: 17
============================================================
Input parsing completed in 0.0004 seconds
Constraint building completed in 0.1041 seconds
Total variables: 27972
Total hard clauses: 93153
Total soft clauses: 7
Hard objective cap: disabled (added clauses: 0)
UWrMaxSAT optimum IdleRange(P*): 2
MaxSAT solving completed in 0.1778 seconds

============================================================
TOTAL RUNTIME: 0.3475 seconds (0.35s)
============================================================
Peak process-tree RSS: 115.445 MB
Excel exported to: /home/dclng566/projects/Business-Meeting-Scheduling-Problem/output/ic12p-gcp-ic12p-20260723T023309Z/org/excel_data_table07_fixed/forumt-14crafc.fixed020-Forb.xlsx
Result queued for CSV: OPTIMAL | IdleRange(P*)=2 | hard_objective_cap=disabled

============================================================
Processing: tic-13crafb.fixed020-Forb.dzn
Test number: 18
============================================================
Input parsing completed in 0.0004 seconds
Constraint building completed in 0.0798 seconds
Total variables: 22825
Total hard clauses: 77292
Total soft clauses: 8
Hard objective cap: disabled (added clauses: 0)
UWrMaxSAT optimum IdleRange(P*): 1
MaxSAT solving completed in 0.0772 seconds

============================================================
TOTAL RUNTIME: 0.2114 seconds (0.21s)
============================================================
Peak process-tree RSS: 107.082 MB
Excel exported to: /home/dclng566/projects/Business-Meeting-Scheduling-Problem/output/ic12p-gcp-ic12p-20260723T023309Z/org/excel_data_table07_fixed/tic-13crafb.fixed020-Forb.xlsx
Result queued for CSV: OPTIMAL | IdleRange(P*)=1 | hard_objective_cap=disabled

============================================================
Processing: forumt-14.fixed020-Forb.dzn
Test number: 19
============================================================
Input parsing completed in 0.0004 seconds
Constraint building completed in 0.0984 seconds
Total variables: 27752
Total hard clauses: 92693
Total soft clauses: 7
Hard objective cap: disabled (added clauses: 0)
UWrMaxSAT optimum IdleRange(P*): 2
MaxSAT solving completed in 0.1685 seconds

============================================================
TOTAL RUNTIME: 0.3321 seconds (0.33s)
============================================================
Peak process-tree RSS: 114.988 MB
Excel exported to: /home/dclng566/projects/Business-Meeting-Scheduling-Problem/output/ic12p-gcp-ic12p-20260723T023309Z/org/excel_data_table07_fixed/forumt-14.fixed020-Forb.xlsx
Result queued for CSV: OPTIMAL | IdleRange(P*)=2 | hard_objective_cap=disabled

============================================================
Processing: ticf-13crafc.fixed020-Forb.dzn
Test number: 20
============================================================
Input parsing completed in 0.0003 seconds
Constraint building completed in 0.4329 seconds
Total variables: 131031
Total hard clauses: 362211
Total soft clauses: 19
Hard objective cap: disabled (added clauses: 0)
UWrMaxSAT optimum IdleRange(P*): 10
MaxSAT solving completed in 1.0748 seconds

============================================================
TOTAL RUNTIME: 1.7665 seconds (1.77s)
============================================================
Peak process-tree RSS: 223.852 MB
Excel exported to: /home/dclng566/projects/Business-Meeting-Scheduling-Problem/output/ic12p-gcp-ic12p-20260723T023309Z/org/excel_data_table07_fixed/ticf-13crafc.fixed020-Forb.xlsx
Result queued for CSV: OPTIMAL | IdleRange(P*)=10 | hard_objective_cap=disabled

============================================================
Processing: tic-14crafc.fixed040-Forb.dzn
Test number: 21
============================================================
Input parsing completed in 0.0005 seconds
Constraint building completed in 0.1096 seconds
Total variables: 27972
Total hard clauses: 93102
Total soft clauses: 7
Hard objective cap: disabled (added clauses: 0)
MaxSAT solving completed in 0.0270 seconds

============================================================
TOTAL RUNTIME: 0.1974 seconds (0.20s)
============================================================
Peak process-tree RSS: 142.812 MB
Excel exported to: /home/dclng566/projects/Business-Meeting-Scheduling-Problem/output/ic12p-gcp-ic12p-20260723T023309Z/org/excel_data_table07_fixed/tic-14crafc.fixed040-Forb.xlsx
Result queued for CSV: UNSAT | IdleRange(P*)=N/A | hard_objective_cap=disabled

============================================================
Processing: forumt-14crafe.fixed020-Forb.dzn
Test number: 22
============================================================
Input parsing completed in 0.0005 seconds
Constraint building completed in 0.1000 seconds
Total variables: 27859
Total hard clauses: 93057
Total soft clauses: 8
Hard objective cap: disabled (added clauses: 0)
UWrMaxSAT optimum IdleRange(P*): 4
MaxSAT solving completed in 0.0658 seconds

============================================================
TOTAL RUNTIME: 0.2325 seconds (0.23s)
============================================================
Peak process-tree RSS: 130.148 MB
Excel exported to: /home/dclng566/projects/Business-Meeting-Scheduling-Problem/output/ic12p-gcp-ic12p-20260723T023309Z/org/excel_data_table07_fixed/forumt-14crafe.fixed020-Forb.xlsx
Result queued for CSV: OPTIMAL | IdleRange(P*)=4 | hard_objective_cap=disabled

============================================================
Processing: ticf-13crafa.fixed020-Forb.dzn
Test number: 23
============================================================
Input parsing completed in 0.0004 seconds
Constraint building completed in 0.4513 seconds
Total variables: 130863
Total hard clauses: 361833
Total soft clauses: 19
Hard objective cap: disabled (added clauses: 0)
UWrMaxSAT optimum IdleRange(P*): 10
MaxSAT solving completed in 0.5027 seconds

============================================================
TOTAL RUNTIME: 1.2085 seconds (1.21s)
============================================================
Peak process-tree RSS: 209.258 MB
Excel exported to: /home/dclng566/projects/Business-Meeting-Scheduling-Problem/output/ic12p-gcp-ic12p-20260723T023309Z/org/excel_data_table07_fixed/ticf-13crafa.fixed020-Forb.xlsx
Result queued for CSV: OPTIMAL | IdleRange(P*)=10 | hard_objective_cap=disabled

============================================================
Processing: forum-13.fixed020-Forb.dzn
Test number: 24
============================================================
Input parsing completed in 0.0004 seconds
Constraint building completed in 0.4467 seconds
Total variables: 130863
Total hard clauses: 361915
Total soft clauses: 19
Hard objective cap: disabled (added clauses: 0)
UWrMaxSAT optimum IdleRange(P*): 10
MaxSAT solving completed in 1.1703 seconds

============================================================
TOTAL RUNTIME: 1.8743 seconds (1.87s)
============================================================
Peak process-tree RSS: 238.391 MB
Excel exported to: /home/dclng566/projects/Business-Meeting-Scheduling-Problem/output/ic12p-gcp-ic12p-20260723T023309Z/org/excel_data_table07_fixed/forum-13.fixed020-Forb.xlsx
Result queued for CSV: OPTIMAL | IdleRange(P*)=10 | hard_objective_cap=disabled

============================================================
Processing: tic-13crafb.fixed040-Forb.dzn
Test number: 25
============================================================
Input parsing completed in 0.0005 seconds
Constraint building completed in 0.0760 seconds
Total variables: 22825
Total hard clauses: 77329
Total soft clauses: 8
Hard objective cap: disabled (added clauses: 0)
UWrMaxSAT optimum IdleRange(P*): 4
MaxSAT solving completed in 0.0361 seconds

============================================================
TOTAL RUNTIME: 0.1690 seconds (0.17s)
============================================================
Peak process-tree RSS: 150.039 MB
Excel exported to: /home/dclng566/projects/Business-Meeting-Scheduling-Problem/output/ic12p-gcp-ic12p-20260723T023309Z/org/excel_data_table07_fixed/tic-13crafb.fixed040-Forb.xlsx
Result queued for CSV: OPTIMAL | IdleRange(P*)=4 | hard_objective_cap=disabled

============================================================
Processing: ticf-13crafa.fixed040-Forb.dzn
Test number: 26
============================================================
Input parsing completed in 0.0004 seconds
Constraint building completed in 0.4215 seconds
Total variables: 130863
Total hard clauses: 361864
Total soft clauses: 19
Hard objective cap: disabled (added clauses: 0)
UWrMaxSAT optimum IdleRange(P*): 12
MaxSAT solving completed in 0.3688 seconds

============================================================
TOTAL RUNTIME: 1.0471 seconds (1.05s)
============================================================
Peak process-tree RSS: 184.008 MB
Excel exported to: /home/dclng566/projects/Business-Meeting-Scheduling-Problem/output/ic12p-gcp-ic12p-20260723T023309Z/org/excel_data_table07_fixed/ticf-13crafa.fixed040-Forb.xlsx
Result queued for CSV: OPTIMAL | IdleRange(P*)=12 | hard_objective_cap=disabled

============================================================
Processing: tic-13.fixed020-Forb.dzn
Test number: 27
============================================================
Input parsing completed in 0.0005 seconds
Constraint building completed in 0.0951 seconds
Total variables: 24215
Total hard clauses: 78541
Total soft clauses: 6
Hard objective cap: disabled (added clauses: 0)
UWrMaxSAT optimum IdleRange(P*): 3
MaxSAT solving completed in 0.0501 seconds

============================================================
TOTAL RUNTIME: 0.2014 seconds (0.20s)
============================================================
Peak process-tree RSS: 142.602 MB
Excel exported to: /home/dclng566/projects/Business-Meeting-Scheduling-Problem/output/ic12p-gcp-ic12p-20260723T023309Z/org/excel_data_table07_fixed/tic-13.fixed020-Forb.xlsx
Result queued for CSV: OPTIMAL | IdleRange(P*)=3 | hard_objective_cap=disabled

============================================================
Processing: forum-14.fixed040-Forb.dzn
Test number: 28
============================================================
Input parsing completed in 0.0006 seconds
Constraint building completed in 0.6254 seconds
Total variables: 162425
Total hard clauses: 491746
Total soft clauses: 20
Hard objective cap: disabled (added clauses: 0)
UWrMaxSAT optimum IdleRange(P*): 16
MaxSAT solving completed in 0.4358 seconds

============================================================
TOTAL RUNTIME: 1.4048 seconds (1.40s)
============================================================
Peak process-tree RSS: 248.816 MB
Excel exported to: /home/dclng566/projects/Business-Meeting-Scheduling-Problem/output/ic12p-gcp-ic12p-20260723T023309Z/org/excel_data_table07_fixed/forum-14.fixed040-Forb.xlsx
Result queued for CSV: OPTIMAL | IdleRange(P*)=16 | hard_objective_cap=disabled

============================================================
Processing: forumt-14crafd.fixed020-Forb.dzn
Test number: 29
============================================================
Input parsing completed in 0.0006 seconds
Constraint building completed in 0.0959 seconds
Total variables: 27779
Total hard clauses: 92887
Total soft clauses: 8
Hard objective cap: disabled (added clauses: 0)
UWrMaxSAT optimum IdleRange(P*): 4
MaxSAT solving completed in 0.0609 seconds

============================================================
TOTAL RUNTIME: 0.2238 seconds (0.22s)
============================================================
Peak process-tree RSS: 175.395 MB
Excel exported to: /home/dclng566/projects/Business-Meeting-Scheduling-Problem/output/ic12p-gcp-ic12p-20260723T023309Z/org/excel_data_table07_fixed/forumt-14crafd.fixed020-Forb.xlsx
Result queued for CSV: OPTIMAL | IdleRange(P*)=4 | hard_objective_cap=disabled

============================================================
Processing: tic-14crafd.fixed040-Forb.dzn
Test number: 30
============================================================
Input parsing completed in 0.0005 seconds
Constraint building completed in 0.1056 seconds
Total variables: 27779
Total hard clauses: 92840
Total soft clauses: 8
Hard objective cap: disabled (added clauses: 0)
MaxSAT solving completed in 0.0263 seconds

============================================================
TOTAL RUNTIME: 0.1925 seconds (0.19s)
============================================================
Peak process-tree RSS: 121.625 MB
Excel exported to: /home/dclng566/projects/Business-Meeting-Scheduling-Problem/output/ic12p-gcp-ic12p-20260723T023309Z/org/excel_data_table07_fixed/tic-14crafd.fixed040-Forb.xlsx
Result queued for CSV: UNSAT | IdleRange(P*)=N/A | hard_objective_cap=disabled

============================================================
Processing: tic-12crafc.fixed040-Forb.dzn
Test number: 31
============================================================
Input parsing completed in 0.0003 seconds
Constraint building completed in 0.0520 seconds
Total variables: 14900
Total hard clauses: 48597
Total soft clauses: 6
Hard objective cap: disabled (added clauses: 0)
MaxSAT solving completed in 0.0133 seconds

============================================================
TOTAL RUNTIME: 0.0970 seconds (0.10s)
============================================================
Peak process-tree RSS: 119.660 MB
Excel exported to: /home/dclng566/projects/Business-Meeting-Scheduling-Problem/output/ic12p-gcp-ic12p-20260723T023309Z/org/excel_data_table07_fixed/tic-12crafc.fixed040-Forb.xlsx
Result queued for CSV: UNSAT | IdleRange(P*)=N/A | hard_objective_cap=disabled

============================================================
Processing: tic-14crafc.fixed020-Forb.dzn
Test number: 32
============================================================
Input parsing completed in 0.0004 seconds
Constraint building completed in 0.1034 seconds
Total variables: 27972
Total hard clauses: 93055
Total soft clauses: 7
Hard objective cap: disabled (added clauses: 0)
UWrMaxSAT optimum IdleRange(P*): 2
MaxSAT solving completed in 0.0825 seconds

============================================================
TOTAL RUNTIME: 0.2518 seconds (0.25s)
============================================================
Peak process-tree RSS: 134.504 MB
Excel exported to: /home/dclng566/projects/Business-Meeting-Scheduling-Problem/output/ic12p-gcp-ic12p-20260723T023309Z/org/excel_data_table07_fixed/tic-14crafc.fixed020-Forb.xlsx
Result queued for CSV: OPTIMAL | IdleRange(P*)=2 | hard_objective_cap=disabled

============================================================
Processing: ticf-13crafc.fixed040-Forb.dzn
Test number: 33
============================================================
Input parsing completed in 0.0003 seconds
Constraint building completed in 0.4265 seconds
Total variables: 131031
Total hard clauses: 362242
Total soft clauses: 19
Hard objective cap: disabled (added clauses: 0)
UWrMaxSAT optimum IdleRange(P*): 12
MaxSAT solving completed in 0.3491 seconds

============================================================
TOTAL RUNTIME: 1.0335 seconds (1.03s)
============================================================
Peak process-tree RSS: 187.836 MB
Excel exported to: /home/dclng566/projects/Business-Meeting-Scheduling-Problem/output/ic12p-gcp-ic12p-20260723T023309Z/org/excel_data_table07_fixed/ticf-13crafc.fixed040-Forb.xlsx
Result queued for CSV: OPTIMAL | IdleRange(P*)=12 | hard_objective_cap=disabled

============================================================
Processing: forum-14.fixed020-Forb.dzn
Test number: 34
============================================================
Input parsing completed in 0.0006 seconds
Constraint building completed in 0.6404 seconds
Total variables: 162425
Total hard clauses: 491686
Total soft clauses: 20
Hard objective cap: disabled (added clauses: 0)
UWrMaxSAT optimum IdleRange(P*): 10
MaxSAT solving completed in 1.5049 seconds

============================================================
TOTAL RUNTIME: 2.4926 seconds (2.49s)
============================================================
Peak process-tree RSS: 298.910 MB
Excel exported to: /home/dclng566/projects/Business-Meeting-Scheduling-Problem/output/ic12p-gcp-ic12p-20260723T023309Z/org/excel_data_table07_fixed/forum-14.fixed020-Forb.xlsx
Result queued for CSV: OPTIMAL | IdleRange(P*)=10 | hard_objective_cap=disabled

============================================================
Processing: ticf-14crafa.fixed040-Forb.dzn
Test number: 35
============================================================
Input parsing completed in 0.0006 seconds
Constraint building completed in 0.5991 seconds
Total variables: 162425
Total hard clauses: 491004
Total soft clauses: 20
Hard objective cap: disabled (added clauses: 0)
UWrMaxSAT optimum IdleRange(P*): 16
MaxSAT solving completed in 0.4790 seconds

============================================================
TOTAL RUNTIME: 1.4303 seconds (1.43s)
============================================================
Peak process-tree RSS: 281.672 MB
Excel exported to: /home/dclng566/projects/Business-Meeting-Scheduling-Problem/output/ic12p-gcp-ic12p-20260723T023309Z/org/excel_data_table07_fixed/ticf-14crafa.fixed040-Forb.xlsx
Result queued for CSV: OPTIMAL | IdleRange(P*)=16 | hard_objective_cap=disabled

============================================================
Processing: ticf-14crafa.fixed020-Forb.dzn
Test number: 36
============================================================
Input parsing completed in 0.0006 seconds
Constraint building completed in 0.6357 seconds
Total variables: 162425
Total hard clauses: 490944
Total soft clauses: 20
Hard objective cap: disabled (added clauses: 0)
UWrMaxSAT optimum IdleRange(P*): 15
MaxSAT solving completed in 1.1890 seconds

============================================================
TOTAL RUNTIME: 2.1718 seconds (2.17s)
============================================================
Peak process-tree RSS: 331.887 MB
Excel exported to: /home/dclng566/projects/Business-Meeting-Scheduling-Problem/output/ic12p-gcp-ic12p-20260723T023309Z/org/excel_data_table07_fixed/ticf-14crafa.fixed020-Forb.xlsx
Result queued for CSV: OPTIMAL | IdleRange(P*)=15 | hard_objective_cap=disabled

============================================================
Processing: forum-13crafc.fixed020-Forb.dzn
Test number: 37
============================================================
Input parsing completed in 0.0005 seconds
Constraint building completed in 0.4414 seconds
Total variables: 131031
Total hard clauses: 362293
Total soft clauses: 19
Hard objective cap: disabled (added clauses: 0)
UWrMaxSAT optimum IdleRange(P*): 10
MaxSAT solving completed in 0.5373 seconds

============================================================
TOTAL RUNTIME: 1.2357 seconds (1.24s)
============================================================
Peak process-tree RSS: 235.949 MB
Excel exported to: /home/dclng566/projects/Business-Meeting-Scheduling-Problem/output/ic12p-gcp-ic12p-20260723T023309Z/org/excel_data_table07_fixed/forum-13crafc.fixed020-Forb.xlsx
Result queued for CSV: OPTIMAL | IdleRange(P*)=10 | hard_objective_cap=disabled

============================================================
Processing: forumt-14.fixed040-Forb.dzn
Test number: 38
============================================================
Input parsing completed in 0.0005 seconds
Constraint building completed in 0.1142 seconds
Total variables: 27752
Total hard clauses: 92740
Total soft clauses: 7
Hard objective cap: disabled (added clauses: 0)
MaxSAT solving completed in 0.0286 seconds

============================================================
TOTAL RUNTIME: 0.2035 seconds (0.20s)
============================================================
Peak process-tree RSS: 165.484 MB
Excel exported to: /home/dclng566/projects/Business-Meeting-Scheduling-Problem/output/ic12p-gcp-ic12p-20260723T023309Z/org/excel_data_table07_fixed/forumt-14.fixed040-Forb.xlsx
Result queued for CSV: UNSAT | IdleRange(P*)=N/A | hard_objective_cap=disabled

============================================================
Processing: tic-12.fixed020-Forb.dzn
Test number: 39
============================================================
Input parsing completed in 0.0003 seconds
Constraint building completed in 0.0236 seconds
Total variables: 5772
Total hard clauses: 21412
Total soft clauses: 6
Hard objective cap: disabled (added clauses: 0)
UWrMaxSAT optimum IdleRange(P*): 4
MaxSAT solving completed in 0.0111 seconds

============================================================
TOTAL RUNTIME: 0.0516 seconds (0.05s)
============================================================
Peak process-tree RSS: 159.582 MB
Excel exported to: /home/dclng566/projects/Business-Meeting-Scheduling-Problem/output/ic12p-gcp-ic12p-20260723T023309Z/org/excel_data_table07_fixed/tic-12.fixed020-Forb.xlsx
Result queued for CSV: OPTIMAL | IdleRange(P*)=4 | hard_objective_cap=disabled

============================================================
Processing: ticf-13crafb.fixed040-Forb.dzn
Test number: 40
============================================================
Input parsing completed in 0.0004 seconds
Constraint building completed in 0.4868 seconds
Total variables: 136770
Total hard clauses: 396478
Total soft clauses: 20
Hard objective cap: disabled (added clauses: 0)
MaxSAT solving completed in 0.1142 seconds

============================================================
TOTAL RUNTIME: 0.8613 seconds (0.86s)
============================================================
Peak process-tree RSS: 204.559 MB
Excel exported to: /home/dclng566/projects/Business-Meeting-Scheduling-Problem/output/ic12p-gcp-ic12p-20260723T023309Z/org/excel_data_table07_fixed/ticf-13crafb.fixed040-Forb.xlsx
Result queued for CSV: UNSAT | IdleRange(P*)=N/A | hard_objective_cap=disabled
CSV exported to: /home/dclng566/projects/Business-Meeting-Scheduling-Problem/output/ic12p-gcp-ic12p-20260723T023309Z/org/data_table07_fixed_org_new.csv
