B2B conference benchmark: 40 run(s), objective=IdleRange(P*)
Selected input paths: 40 (family=all, content_deduplicated=True)
Exact baselines: Reduced + DistanceClosure; threads=1, seed=0
Instance tic-13crafb.prec15: 1 run(s)
[1/40] tic-13crafb.prec15 | reduced | gurobi_mip | P=native_linear | G=distance_closure | n/a
Set parameter WLSAccessID
Set parameter WLSSecret
Set parameter LicenseID to value 2663665
Academic license 2663665 - for non-commercial use only - registered to tu___@vnu.edu.vn
Set parameter OutputFlag to value 1
Set parameter Threads to value 1
Set parameter Seed to value 0
Set parameter MIPGap to value 0
Set parameter MIPGapAbs to value 0
Set parameter TimeLimit to value 7.1995980971379995e+03
Gurobi Optimizer version 13.0.2 build v13.0.2rc1 (linux64 - "Ubuntu 22.04.5 LTS")

CPU model: INTEL(R) XEON(R) PLATINUM 8581C CPU @ 2.30GHz, instruction set [SSE2|AVX|AVX2|AVX512]
Thread count: 4 physical cores, 8 logical processors, using up to 1 threads

Non-default parameters:
TimeLimit  7.1995980971379995e+03
MIPGap  0
MIPGapAbs  0
Threads  1

Academic license 2663665 - for non-commercial use only - registered to tu___@vnu.edu.vn
Optimize a model with 3709 rows, 3135 columns and 18477 nonzeros (Min)
Model fingerprint: 0xe65278c0
Model has 1 linear objective coefficients
Variable types: 0 continuous, 3135 integer (3088 binary)
Coefficient statistics:
  Matrix range     [1e+00, 9e+00]
  Objective range  [1e+00, 1e+00]
  Bounds range     [1e+00, 8e+00]
  RHS range        [1e+00, 2e+01]

Presolve removed 2650 rows and 1076 columns
Presolve time: 0.03s
Presolved: 1059 rows, 2059 columns, 8695 nonzeros
Variable types: 0 continuous, 2059 integer (2040 binary)

Root relaxation: objective 0.000000e+00, 2902 iterations, 0.14 seconds (0.22 work units)

    Nodes    |    Current Node    |     Objective Bounds      |     Work
 Expl Unexpl |  Obj  Depth IntInf | Incumbent    BestBd   Gap | It/Node Time

     0     0    0.00000    0  407          -    0.00000      -     -    0s
     0     0    0.00000    0  501          -    0.00000      -     -    0s
H    0     0                       3.0000000    0.00000   100%     -    0s
     0     0    0.00000    0  490    3.00000    0.00000   100%     -    0s
     0     0    0.00000    0  490    3.00000    0.00000   100%     -    0s
     0     0    0.00000    0  316    3.00000    0.00000   100%     -    0s
     0     0    0.00000    0  376    3.00000    0.00000   100%     -    1s
     0     0    0.00000    0  489    3.00000    0.00000   100%     -    1s
     0     0    0.00000    0  369    3.00000    0.00000   100%     -    1s
H    0     0                       2.0000000    0.00000   100%     -    1s
     0     0    0.00000    0  439    2.00000    0.00000   100%     -    1s
     0     0    0.00000    0  501    2.00000    0.00000   100%     -    1s
     0     0    0.00000    0  442    2.00000    0.00000   100%     -    1s
     0     0    0.00000    0  442    2.00000    0.00000   100%     -    1s
     0     0    0.00000    0  406    2.00000    0.00000   100%     -    2s
H    0     0                       1.0000000    0.00000   100%     -    2s
     0     2    0.00000    0  404    1.00000    0.00000   100%     -    2s
H   11     3                       0.0000000    0.00000  0.00%   594    6s

Cutting planes:
  Cover: 3
  Clique: 16
  MIR: 5
  Flow cover: 1
  GUB cover: 3
  Zero half: 2
  RLT: 12

Explored 12 nodes (40960 simplex iterations) in 6.41 seconds (9.47 work units)
Thread count was 1 (of 8 available processors)

Solution count 4: 0 1 2 3 

Optimal solution found (tolerance 0.00e+00)
Best objective 0.000000000000e+00, best bound 0.000000000000e+00, gap 0.0000%
    SAT | IdleRange(P*)=0 | time=6.561022s | config=R-DC-IRP-GRB-MIP
    Excel: /home/dclng566/projects/Business-Meeting-Scheduling-Problem/output/gurobi_4folders/20260723T145506Z/data_table08_prec/excel/tic-13crafb.prec15.xlsx
Instance forum-13crafc.prec15: 1 run(s)
[2/40] forum-13crafc.prec15 | reduced | gurobi_mip | P=native_linear | G=distance_closure | n/a
Set parameter WLSAccessID
Set parameter WLSSecret
Set parameter LicenseID to value 2663665
Academic license 2663665 - for non-commercial use only - registered to tu___@vnu.edu.vn
Set parameter OutputFlag to value 1
Set parameter Threads to value 1
Set parameter Seed to value 0
Set parameter MIPGap to value 0
Set parameter MIPGapAbs to value 0
Set parameter TimeLimit to value 7199.53655013
Gurobi Optimizer version 13.0.2 build v13.0.2rc1 (linux64 - "Ubuntu 22.04.5 LTS")

CPU model: INTEL(R) XEON(R) PLATINUM 8581C CPU @ 2.30GHz, instruction set [SSE2|AVX|AVX2|AVX512]
Thread count: 4 physical cores, 8 logical processors, using up to 1 threads

Non-default parameters:
TimeLimit  7199.53655013
MIPGap  0
MIPGapAbs  0
Threads  1

Academic license 2663665 - for non-commercial use only - registered to tu___@vnu.edu.vn
Optimize a model with 8980 rows, 5960 columns and 33196 nonzeros (Min)
Model fingerprint: 0x8b19ddc7
Model has 1 linear objective coefficients
Variable types: 0 continuous, 5960 integer (5899 binary)
Coefficient statistics:
  Matrix range     [1e+00, 2e+01]
  Objective range  [1e+00, 1e+00]
  Bounds range     [1e+00, 2e+01]
  RHS range        [1e+00, 4e+01]

Presolve removed 1639 rows and 590 columns
Presolve time: 0.04s
Presolved: 7341 rows, 5370 columns, 26619 nonzeros
Variable types: 0 continuous, 5370 integer (5310 binary)

Root relaxation: objective 0.000000e+00, 11309 iterations, 1.22 seconds (1.91 work units)

    Nodes    |    Current Node    |     Objective Bounds      |     Work
 Expl Unexpl |  Obj  Depth IntInf | Incumbent    BestBd   Gap | It/Node Time

     0     0    0.00000    0 2202          -    0.00000      -     -    2s
     0     0    0.00000    0 1754          -    0.00000      -     -    2s
H    0     0                      16.0000000    0.00000   100%     -    2s
H    0     0                      13.0000000    0.00000   100%     -    2s
     0     0    0.00000    0 1754   13.00000    0.00000   100%     -    2s
     0     0    0.00000    0 1224   13.00000    0.00000   100%     -    4s
H    0     0                      12.0000000    0.00000   100%     -    4s
H    0     0                      10.0000000    0.00000   100%     -    4s
H    0     0                       9.0000000    0.00000   100%     -    4s
     0     0    0.00000    0 1459    9.00000    0.00000   100%     -    4s
H    0     0                       8.0000000    0.00000   100%     -    5s
H    0     0                       7.0000000    0.00000   100%     -    5s
     0     0    0.00000    0 1327    7.00000    0.00000   100%     -    5s
     0     0    0.00000    0 1343    7.00000    0.00000   100%     -    5s
     0     0    0.00000    0  769    7.00000    0.00000   100%     -    6s
H    0     0                       6.0000000    0.00000   100%     -    6s
     0     0    0.00000    0  804    6.00000    0.00000   100%     -    6s
     0     0    0.00000    0  718    6.00000    0.00000   100%     -    6s
     0     0    0.00000    0  778    6.00000    0.00000   100%     -    6s
     0     0    0.00000    0  770    6.00000    0.00000   100%     -    6s
     0     0    0.00000    0  715    6.00000    0.00000   100%     -    7s
     0     0    0.00000    0  708    6.00000    0.00000   100%     -    7s
     0     0    0.00000    0  686    6.00000    0.00000   100%     -    7s
     0     0    0.00000    0  811    6.00000    0.00000   100%     -    8s
     0     0    0.00000    0  658    6.00000    0.00000   100%     -    8s
H    0     0                       5.0000000    0.00000   100%     -    8s
     0     0    0.00000    0  642    5.00000    0.00000   100%     -    8s
     0     0    0.00000    0  640    5.00000    0.00000   100%     -    8s
     0     0    0.00000    0  678    5.00000    0.00000   100%     -    9s
     0     0    0.00000    0  398    5.00000    0.00000   100%     -   10s
H    0     0                       4.0000000    0.00000   100%     -   10s
     0     0    0.00000    0  346    4.00000    0.00000   100%     -   10s
     0     0    0.00000    0  564    4.00000    0.00000   100%     -   10s
     0     0    0.00000    0  261    4.00000    0.00000   100%     -   11s
H    0     0                       3.0000000    0.00000   100%     -   11s
H    0     0                       2.0000000    0.00000   100%     -   11s
     0     0    0.00000    0  498    2.00000    0.00000   100%     -   11s
     0     0    0.00000    0  433    2.00000    0.00000   100%     -   11s
     0     0    0.00000    0  435    2.00000    0.00000   100%     -   11s
     0     0    0.00000    0  291    2.00000    0.00000   100%     -   12s
     0     0    0.00000    0  284    2.00000    0.00000   100%     -   12s
     0     0    0.00000    0  228    2.00000    0.00000   100%     -   12s
H    0     0                       1.0000000    0.00000   100%     -   13s
     0     2    0.00000    0  180    1.00000    0.00000   100%     -   13s
H    1     1                       0.0000000    0.00000  0.00%   0.0   13s

Cutting planes:
  Gomory: 3
  Cover: 3
  Implied bound: 47
  Clique: 29
  MIR: 11
  Flow cover: 47
  Zero half: 40
  RLT: 78
  Relax-and-lift: 121
  BQP: 11
  PSD: 1

Explored 2 nodes (123887 simplex iterations) in 13.22 seconds (20.13 work units)
Thread count was 1 (of 8 available processors)

Solution count 10: 0 1 2 ... 9

Optimal solution found (tolerance 0.00e+00)
Best objective 0.000000000000e+00, best bound 0.000000000000e+00, gap 0.0000%
    SAT | IdleRange(P*)=0 | time=13.434689s | config=R-DC-IRP-GRB-MIP
    Excel: /home/dclng566/projects/Business-Meeting-Scheduling-Problem/output/gurobi_4folders/20260723T145506Z/data_table08_prec/excel/forum-13crafc.prec15.xlsx
Instance forumt-14crafd.prec15: 1 run(s)
[3/40] forumt-14crafd.prec15 | reduced | gurobi_mip | P=native_linear | G=distance_closure | n/a
Set parameter WLSAccessID
Set parameter WLSSecret
Set parameter LicenseID to value 2663665
Academic license 2663665 - for non-commercial use only - registered to tu___@vnu.edu.vn
Set parameter OutputFlag to value 1
Set parameter Threads to value 1
Set parameter Seed to value 0
Set parameter MIPGap to value 0
Set parameter MIPGapAbs to value 0
Set parameter TimeLimit to value 7.1995610162369994e+03
Gurobi Optimizer version 13.0.2 build v13.0.2rc1 (linux64 - "Ubuntu 22.04.5 LTS")

CPU model: INTEL(R) XEON(R) PLATINUM 8581C CPU @ 2.30GHz, instruction set [SSE2|AVX|AVX2|AVX512]
Thread count: 4 physical cores, 8 logical processors, using up to 1 threads

Non-default parameters:
TimeLimit  7.1995610162369994e+03
MIPGap  0
MIPGapAbs  0
Threads  1

Academic license 2663665 - for non-commercial use only - registered to tu___@vnu.edu.vn
Optimize a model with 4867 rows, 4008 columns and 23391 nonzeros (Min)
Model fingerprint: 0x34b335fb
Model has 1 linear objective coefficients
Variable types: 0 continuous, 4008 integer (3946 binary)
Coefficient statistics:
  Matrix range     [1e+00, 9e+00]
  Objective range  [1e+00, 1e+00]
  Bounds range     [1e+00, 8e+00]
  RHS range        [1e+00, 2e+01]

Presolve removed 3389 rows and 1405 columns
Presolve time: 0.05s
Presolved: 1478 rows, 2603 columns, 11104 nonzeros
Variable types: 0 continuous, 2603 integer (2577 binary)

Root relaxation: objective 2.000000e+00, 3718 iterations, 0.21 seconds (0.32 work units)

    Nodes    |    Current Node    |     Objective Bounds      |     Work
 Expl Unexpl |  Obj  Depth IntInf | Incumbent    BestBd   Gap | It/Node Time

     0     0    2.00000    0  455          -    2.00000      -     -    0s
     0     0    2.00000    0  584          -    2.00000      -     -    0s
     0     0    2.00000    0  564          -    2.00000      -     -    0s
     0     0    2.00000    0  542          -    2.00000      -     -    0s
     0     0    2.00000    0  315          -    2.00000      -     -    1s
     0     0    2.00000    0  414          -    2.00000      -     -    1s
     0     0    2.00000    0  527          -    2.00000      -     -    1s
     0     0    2.00000    0   14          -    2.00000      -     -    1s
H    0     0                       3.0000000    2.00000  33.3%     -    1s
     0     0    2.00000    0  544    3.00000    2.00000  33.3%     -    1s
     0     0    2.00000    0   10    3.00000    2.00000  33.3%     -    1s
H    0     0                       2.0000000    2.00000  0.00%     -    1s
     0     0    2.00000    0   10    2.00000    2.00000  0.00%     -    1s

Cutting planes:
  Gomory: 2
  Cover: 13
  Clique: 19
  MIR: 3
  StrongCG: 1
  GUB cover: 4
  Zero half: 5
  RLT: 11
  Relax-and-lift: 1

Explored 1 nodes (26638 simplex iterations) in 1.84 seconds (2.71 work units)
Thread count was 1 (of 8 available processors)

Solution count 2: 2 3 

Optimal solution found (tolerance 0.00e+00)
Best objective 2.000000000000e+00, best bound 2.000000000000e+00, gap 0.0000%
    SAT | IdleRange(P*)=2 | time=2.030951s | config=R-DC-IRP-GRB-MIP
    Excel: /home/dclng566/projects/Business-Meeting-Scheduling-Problem/output/gurobi_4folders/20260723T145506Z/data_table08_prec/excel/forumt-14crafd.prec15.xlsx
Instance ticf-13crafa.prec25: 1 run(s)
[4/40] ticf-13crafa.prec25 | reduced | gurobi_mip | P=native_linear | G=distance_closure | n/a
Set parameter WLSAccessID
Set parameter WLSSecret
Set parameter LicenseID to value 2663665
Academic license 2663665 - for non-commercial use only - registered to tu___@vnu.edu.vn
Set parameter OutputFlag to value 1
Set parameter Threads to value 1
Set parameter Seed to value 0
Set parameter MIPGap to value 0
Set parameter MIPGapAbs to value 0
Set parameter TimeLimit to value 7199.667012078
Gurobi Optimizer version 13.0.2 build v13.0.2rc1 (linux64 - "Ubuntu 22.04.5 LTS")

CPU model: INTEL(R) XEON(R) PLATINUM 8581C CPU @ 2.30GHz, instruction set [SSE2|AVX|AVX2|AVX512]
Thread count: 4 physical cores, 8 logical processors, using up to 1 threads

Non-default parameters:
TimeLimit  7199.667012078
MIPGap  0
MIPGapAbs  0
Threads  1

Academic license 2663665 - for non-commercial use only - registered to tu___@vnu.edu.vn
Optimize a model with 8988 rows, 5896 columns and 33794 nonzeros (Min)
Model fingerprint: 0x243d7109
Model has 1 linear objective coefficients
Variable types: 0 continuous, 5896 integer (5835 binary)
Coefficient statistics:
  Matrix range     [1e+00, 2e+01]
  Objective range  [1e+00, 1e+00]
  Bounds range     [1e+00, 2e+01]
  RHS range        [1e+00, 4e+01]

Presolve time: 0.00s

Explored 0 nodes (0 simplex iterations) in 0.00 seconds (0.00 work units)
Thread count was 1 (of 8 available processors)

Solution count 0

Model is infeasible
Best objective -, best bound -, gap -
    UNSAT | IdleRange(P*)=None | time=0.087847s | config=R-DC-IRP-GRB-MIP
    Excel: /home/dclng566/projects/Business-Meeting-Scheduling-Problem/output/gurobi_4folders/20260723T145506Z/data_table08_prec/excel/ticf-13crafa.prec25.xlsx
Instance forumt-14.prec15: 1 run(s)
[5/40] forumt-14.prec15 | reduced | gurobi_mip | P=native_linear | G=distance_closure | n/a
Set parameter WLSAccessID
Set parameter WLSSecret
Set parameter LicenseID to value 2663665
Academic license 2663665 - for non-commercial use only - registered to tu___@vnu.edu.vn
Set parameter OutputFlag to value 1
Set parameter Threads to value 1
Set parameter Seed to value 0
Set parameter MIPGap to value 0
Set parameter MIPGapAbs to value 0
Set parameter TimeLimit to value 7.1995694468350011e+03
Gurobi Optimizer version 13.0.2 build v13.0.2rc1 (linux64 - "Ubuntu 22.04.5 LTS")

CPU model: INTEL(R) XEON(R) PLATINUM 8581C CPU @ 2.30GHz, instruction set [SSE2|AVX|AVX2|AVX512]
Thread count: 4 physical cores, 8 logical processors, using up to 1 threads

Non-default parameters:
TimeLimit  7.1995694468350011e+03
MIPGap  0
MIPGapAbs  0
Threads  1

Academic license 2663665 - for non-commercial use only - registered to tu___@vnu.edu.vn
Optimize a model with 4880 rows, 3992 columns and 23406 nonzeros (Min)
Model fingerprint: 0xfc24df99
Model has 1 linear objective coefficients
Variable types: 0 continuous, 3992 integer (3930 binary)
Coefficient statistics:
  Matrix range     [1e+00, 9e+00]
  Objective range  [1e+00, 1e+00]
  Bounds range     [1e+00, 7e+00]
  RHS range        [1e+00, 3e+01]

Presolve removed 3416 rows and 1399 columns
Presolve time: 0.05s
Presolved: 1464 rows, 2593 columns, 11081 nonzeros
Variable types: 0 continuous, 2593 integer (2567 binary)

Root relaxation: objective 2.000000e+00, 3571 iterations, 0.19 seconds (0.29 work units)

    Nodes    |    Current Node    |     Objective Bounds      |     Work
 Expl Unexpl |  Obj  Depth IntInf | Incumbent    BestBd   Gap | It/Node Time

     0     0    2.00000    0  327          -    2.00000      -     -    0s
     0     0    2.00000    0  524          -    2.00000      -     -    0s
     0     0    2.00000    0  610          -    2.00000      -     -    0s
     0     0    2.00000    0  605          -    2.00000      -     -    0s
     0     0    2.00000    0  104          -    2.00000      -     -    1s
     0     0    2.00000    0  554          -    2.00000      -     -    1s
     0     0    2.00000    0  124          -    2.00000      -     -    1s
H    0     0                       3.0000000    2.00000  33.3%     -    1s
H    0     0                       2.0000000    2.00000  0.00%     -    1s
     0     0    2.00000    0  124    2.00000    2.00000  0.00%     -    1s

Cutting planes:
  Gomory: 1
  Cover: 5
  Clique: 14
  MIR: 3
  Flow cover: 1
  GUB cover: 7
  Zero half: 5
  RLT: 2
  Relax-and-lift: 1

Explored 1 nodes (27172 simplex iterations) in 1.76 seconds (2.52 work units)
Thread count was 1 (of 8 available processors)

Solution count 2: 2 3 

Optimal solution found (tolerance 0.00e+00)
Best objective 2.000000000000e+00, best bound 2.000000000000e+00, gap 0.0000%
    SAT | IdleRange(P*)=2 | time=1.948176s | config=R-DC-IRP-GRB-MIP
    Excel: /home/dclng566/projects/Business-Meeting-Scheduling-Problem/output/gurobi_4folders/20260723T145506Z/data_table08_prec/excel/forumt-14.prec15.xlsx
Instance forumt-14crafc.prec15: 1 run(s)
[6/40] forumt-14crafc.prec15 | reduced | gurobi_mip | P=native_linear | G=distance_closure | n/a
Set parameter WLSAccessID
Set parameter WLSSecret
Set parameter LicenseID to value 2663665
Academic license 2663665 - for non-commercial use only - registered to tu___@vnu.edu.vn
Set parameter OutputFlag to value 1
Set parameter Threads to value 1
Set parameter Seed to value 0
Set parameter MIPGap to value 0
Set parameter MIPGapAbs to value 0
Set parameter TimeLimit to value 7.1995692324609990e+03
Gurobi Optimizer version 13.0.2 build v13.0.2rc1 (linux64 - "Ubuntu 22.04.5 LTS")

CPU model: INTEL(R) XEON(R) PLATINUM 8581C CPU @ 2.30GHz, instruction set [SSE2|AVX|AVX2|AVX512]
Thread count: 4 physical cores, 8 logical processors, using up to 1 threads

Non-default parameters:
TimeLimit  7.1995692324609990e+03
MIPGap  0
MIPGapAbs  0
Threads  1

Academic license 2663665 - for non-commercial use only - registered to tu___@vnu.edu.vn
Optimize a model with 4880 rows, 3992 columns and 23406 nonzeros (Min)
Model fingerprint: 0xe6b34b61
Model has 1 linear objective coefficients
Variable types: 0 continuous, 3992 integer (3930 binary)
Coefficient statistics:
  Matrix range     [1e+00, 9e+00]
  Objective range  [1e+00, 1e+00]
  Bounds range     [1e+00, 7e+00]
  RHS range        [1e+00, 2e+01]

Presolve removed 3416 rows and 1399 columns
Presolve time: 0.05s
Presolved: 1464 rows, 2593 columns, 11081 nonzeros
Variable types: 0 continuous, 2593 integer (2567 binary)

Root relaxation: objective 2.000000e+00, 3882 iterations, 0.24 seconds (0.36 work units)

    Nodes    |    Current Node    |     Objective Bounds      |     Work
 Expl Unexpl |  Obj  Depth IntInf | Incumbent    BestBd   Gap | It/Node Time

     0     0    2.00000    0  457          -    2.00000      -     -    0s
     0     0    2.00000    0  622          -    2.00000      -     -    0s
     0     0    2.00000    0  631          -    2.00000      -     -    0s
     0     0    2.00000    0  599          -    2.00000      -     -    0s
     0     0    2.00000    0   87          -    2.00000      -     -    1s
     0     0    2.00000    0  405          -    2.00000      -     -    1s
     0     0    2.00000    0   30          -    2.00000      -     -    1s
H    0     0                       4.0000000    2.00000  50.0%     -    1s
H    0     0                       3.0000000    2.00000  33.3%     -    1s
     0     0    2.00000    0  587    3.00000    2.00000  33.3%     -    1s
     0     0    2.00000    0  103    3.00000    2.00000  33.3%     -    2s
     0     0    2.00000    0  595    3.00000    2.00000  33.3%     -    2s
     0     0    2.00000    0  350    3.00000    2.00000  33.3%     -    2s
H    0     0                       2.0000000    2.00000  0.00%     -    2s
     0     0    2.00000    0  350    2.00000    2.00000  0.00%     -    2s

Cutting planes:
  Gomory: 1
  Cover: 8
  Implied bound: 1
  Clique: 13
  MIR: 6
  StrongCG: 1
  Flow cover: 1
  GUB cover: 10
  Zero half: 8
  RLT: 15
  Relax-and-lift: 1

Explored 1 nodes (38319 simplex iterations) in 2.52 seconds (3.64 work units)
Thread count was 1 (of 8 available processors)

Solution count 3: 2 3 4 

Optimal solution found (tolerance 0.00e+00)
Best objective 2.000000000000e+00, best bound 2.000000000000e+00, gap 0.0000%
    SAT | IdleRange(P*)=2 | time=2.70373s | config=R-DC-IRP-GRB-MIP
    Excel: /home/dclng566/projects/Business-Meeting-Scheduling-Problem/output/gurobi_4folders/20260723T145506Z/data_table08_prec/excel/forumt-14crafc.prec15.xlsx
Instance forum-13crafb.prec25: 1 run(s)
[7/40] forum-13crafb.prec25 | reduced | gurobi_mip | P=native_linear | G=distance_closure | n/a
Set parameter WLSAccessID
Set parameter WLSSecret
Set parameter LicenseID to value 2663665
Academic license 2663665 - for non-commercial use only - registered to tu___@vnu.edu.vn
Set parameter OutputFlag to value 1
Set parameter Threads to value 1
Set parameter Seed to value 0
Set parameter MIPGap to value 0
Set parameter MIPGapAbs to value 0
Set parameter TimeLimit to value 7.1996517685630006e+03
Gurobi Optimizer version 13.0.2 build v13.0.2rc1 (linux64 - "Ubuntu 22.04.5 LTS")

CPU model: INTEL(R) XEON(R) PLATINUM 8581C CPU @ 2.30GHz, instruction set [SSE2|AVX|AVX2|AVX512]
Thread count: 4 physical cores, 8 logical processors, using up to 1 threads

Non-default parameters:
TimeLimit  7.1996517685630006e+03
MIPGap  0
MIPGapAbs  0
Threads  1

Academic license 2663665 - for non-commercial use only - registered to tu___@vnu.edu.vn
Optimize a model with 9648 rows, 6616 columns and 39260 nonzeros (Min)
Model fingerprint: 0xefbbb5ac
Model has 1 linear objective coefficients
Variable types: 0 continuous, 6616 integer (6557 binary)
Coefficient statistics:
  Matrix range     [1e+00, 2e+01]
  Objective range  [1e+00, 1e+00]
  Bounds range     [1e+00, 2e+01]
  RHS range        [1e+00, 4e+01]

Presolve time: 0.00s

Explored 0 nodes (0 simplex iterations) in 0.00 seconds (0.00 work units)
Thread count was 1 (of 8 available processors)

Solution count 0

Model is infeasible
Best objective -, best bound -, gap -
    UNSAT | IdleRange(P*)=None | time=0.104314s | config=R-DC-IRP-GRB-MIP
    Excel: /home/dclng566/projects/Business-Meeting-Scheduling-Problem/output/gurobi_4folders/20260723T145506Z/data_table08_prec/excel/forum-13crafb.prec25.xlsx
Instance forum-13.prec25: 1 run(s)
[8/40] forum-13.prec25 | reduced | gurobi_mip | P=native_linear | G=distance_closure | n/a
Set parameter WLSAccessID
Set parameter WLSSecret
Set parameter LicenseID to value 2663665
Academic license 2663665 - for non-commercial use only - registered to tu___@vnu.edu.vn
Set parameter OutputFlag to value 1
Set parameter Threads to value 1
Set parameter Seed to value 0
Set parameter MIPGap to value 0
Set parameter MIPGapAbs to value 0
Set parameter TimeLimit to value 7199.665141906
Gurobi Optimizer version 13.0.2 build v13.0.2rc1 (linux64 - "Ubuntu 22.04.5 LTS")

CPU model: INTEL(R) XEON(R) PLATINUM 8581C CPU @ 2.30GHz, instruction set [SSE2|AVX|AVX2|AVX512]
Thread count: 4 physical cores, 8 logical processors, using up to 1 threads

Non-default parameters:
TimeLimit  7199.665141906
MIPGap  0
MIPGapAbs  0
Threads  1

Academic license 2663665 - for non-commercial use only - registered to tu___@vnu.edu.vn
Optimize a model with 8870 rows, 5818 columns and 33209 nonzeros (Min)
Model fingerprint: 0xa2affb74
Model has 1 linear objective coefficients
Variable types: 0 continuous, 5818 integer (5757 binary)
Coefficient statistics:
  Matrix range     [1e+00, 2e+01]
  Objective range  [1e+00, 1e+00]
  Bounds range     [1e+00, 2e+01]
  RHS range        [1e+00, 4e+01]

Presolve time: 0.00s

Explored 0 nodes (0 simplex iterations) in 0.00 seconds (0.00 work units)
Thread count was 1 (of 8 available processors)

Solution count 0

Model is infeasible
Best objective -, best bound -, gap -
    UNSAT | IdleRange(P*)=None | time=0.090095s | config=R-DC-IRP-GRB-MIP
    Excel: /home/dclng566/projects/Business-Meeting-Scheduling-Problem/output/gurobi_4folders/20260723T145506Z/data_table08_prec/excel/forum-13.prec25.xlsx
Instance tic-14crafd.prec15: 1 run(s)
[9/40] tic-14crafd.prec15 | reduced | gurobi_mip | P=native_linear | G=distance_closure | n/a
Set parameter WLSAccessID
Set parameter WLSSecret
Set parameter LicenseID to value 2663665
Academic license 2663665 - for non-commercial use only - registered to tu___@vnu.edu.vn
Set parameter OutputFlag to value 1
Set parameter Threads to value 1
Set parameter Seed to value 0
Set parameter MIPGap to value 0
Set parameter MIPGapAbs to value 0
Set parameter TimeLimit to value 7199.553041714
Gurobi Optimizer version 13.0.2 build v13.0.2rc1 (linux64 - "Ubuntu 22.04.5 LTS")

CPU model: INTEL(R) XEON(R) PLATINUM 8581C CPU @ 2.30GHz, instruction set [SSE2|AVX|AVX2|AVX512]
Thread count: 4 physical cores, 8 logical processors, using up to 1 threads

Non-default parameters:
TimeLimit  7199.553041714
MIPGap  0
MIPGapAbs  0
Threads  1

Academic license 2663665 - for non-commercial use only - registered to tu___@vnu.edu.vn
Optimize a model with 4949 rows, 4114 columns and 24118 nonzeros (Min)
Model fingerprint: 0x4b8a5039
Model has 1 linear objective coefficients
Variable types: 0 continuous, 4114 integer (4052 binary)
Coefficient statistics:
  Matrix range     [1e+00, 9e+00]
  Objective range  [1e+00, 1e+00]
  Bounds range     [1e+00, 8e+00]
  RHS range        [1e+00, 2e+01]

Presolve removed 2528 rows and 1020 columns
Presolve time: 0.02s
Presolved: 2421 rows, 3094 columns, 14056 nonzeros
Variable types: 0 continuous, 3094 integer (3067 binary)

Root relaxation: objective 0.000000e+00, 4711 iterations, 0.33 seconds (0.52 work units)

    Nodes    |    Current Node    |     Objective Bounds      |     Work
 Expl Unexpl |  Obj  Depth IntInf | Incumbent    BestBd   Gap | It/Node Time

     0     0    0.00000    0 1115          -    0.00000      -     -    0s
     0     0    0.00000    0  860          -    0.00000      -     -    1s
     0     0    0.00000    0  860          -    0.00000      -     -    1s
     0     0    0.00000    0  608          -    0.00000      -     -    1s
H    0     0                       6.0000000    0.00000   100%     -    1s
     0     0    0.00000    0  617    6.00000    0.00000   100%     -    1s
     0     0    0.00000    0  654    6.00000    0.00000   100%     -    1s
     0     0    0.00000    0  607    6.00000    0.00000   100%     -    2s
     0     0    0.00000    0  352    6.00000    0.00000   100%     -    2s
H    0     0                       5.0000000    0.00000   100%     -    2s
     0     0    0.00000    0  381    5.00000    0.00000   100%     -    2s
     0     0    0.00000    0  546    5.00000    0.00000   100%     -    2s
     0     0    0.00000    0  426    5.00000    0.00000   100%     -    3s
     0     0    0.00000    0  428    5.00000    0.00000   100%     -    3s
     0     0    0.00000    0  566    5.00000    0.00000   100%     -    3s
     0     0    0.00000    0  291    5.00000    0.00000   100%     -    4s
H    0     0                       3.0000000    0.00000   100%     -    4s
     0     0    0.00000    0  442    3.00000    0.00000   100%     -    4s
     0     0    0.00000    0  529    3.00000    0.00000   100%     -    4s
     0     0    0.00000    0  337    3.00000    0.00000   100%     -    5s
     0     0    0.00000    0  427    3.00000    0.00000   100%     -    5s
     0     0    0.00000    0  570    3.00000    0.00000   100%     -    5s
     0     0    0.00000    0  371    3.00000    0.00000   100%     -    5s
     0     0    0.00000    0  423    3.00000    0.00000   100%     -    5s
     0     0    0.00000    0  508    3.00000    0.00000   100%     -    6s
     0     0    0.00000    0  477    3.00000    0.00000   100%     -    6s
     0     0    0.00000    0  477    3.00000    0.00000   100%     -    6s
     0     0    0.00000    0  369    3.00000    0.00000   100%     -    7s
     0     2    0.00000    0  369    3.00000    0.00000   100%     -    7s
H    2     2                       1.0000000    0.00000   100%   268    8s
    17    15    0.00000   10  547    1.00000    0.00000   100%   902   10s
    23    21    0.00000   14  534    1.00000    0.00000   100%   991   17s
    39    37    0.00000   24  607    1.00000    0.00000   100%   928   20s
   177   173    0.00000  114  389    1.00000    0.00000   100%   693   25s
   264   198    0.00000  103  515    1.00000    0.00000   100%   624   30s
   275   206    0.00000  114  557    1.00000    0.00000   100%   599   35s
   285   214    0.00000   17  508    1.00000    0.00000   100%   965   46s
   300   224    0.00000   25  589    1.00000    0.00000   100%   979   50s
   342   252    0.00000   46  416    1.00000    0.00000   100%   973   55s
   394   287    0.00000   72  392    1.00000    0.00000   100%   976   68s
   415   301    0.00000   82  420    1.00000    0.00000   100%   970   70s
   638   365    0.00000  144  115    1.00000    0.00000   100%   732   75s
   798   385    0.00000  152  209    1.00000    0.00000   100%   632   80s
  1112   371    0.00000  156  104    1.00000    0.00000   100%   510   85s
  1504   448    0.00000  156  166    1.00000    0.00000   100%   437   90s
H 1975     5                       0.0000000    0.00000  0.00%   384   96s

Cutting planes:
  Gomory: 3
  Cover: 8
  Clique: 8
  MIR: 2
  Flow cover: 7
  GUB cover: 9
  Zero half: 2
  RLT: 4

Explored 1976 nodes (852835 simplex iterations) in 96.87 seconds (148.38 work units)
Thread count was 1 (of 8 available processors)

Solution count 5: 0 1 3 ... 6

Optimal solution found (tolerance 0.00e+00)
Best objective 0.000000000000e+00, best bound 0.000000000000e+00, gap 0.0000%
    SAT | IdleRange(P*)=0 | time=97.067303s | config=R-DC-IRP-GRB-MIP
    Excel: /home/dclng566/projects/Business-Meeting-Scheduling-Problem/output/gurobi_4folders/20260723T145506Z/data_table08_prec/excel/tic-14crafd.prec15.xlsx
Instance tic-14crafa.prec15: 1 run(s)
[10/40] tic-14crafa.prec15 | reduced | gurobi_mip | P=native_linear | G=distance_closure | n/a
Set parameter WLSAccessID
Set parameter WLSSecret
Set parameter LicenseID to value 2663665
Academic license 2663665 - for non-commercial use only - registered to tu___@vnu.edu.vn
Set parameter OutputFlag to value 1
Set parameter Threads to value 1
Set parameter Seed to value 0
Set parameter MIPGap to value 0
Set parameter MIPGapAbs to value 0
Set parameter TimeLimit to value 7199.558219536
Gurobi Optimizer version 13.0.2 build v13.0.2rc1 (linux64 - "Ubuntu 22.04.5 LTS")

CPU model: INTEL(R) XEON(R) PLATINUM 8581C CPU @ 2.30GHz, instruction set [SSE2|AVX|AVX2|AVX512]
Thread count: 4 physical cores, 8 logical processors, using up to 1 threads

Non-default parameters:
TimeLimit  7199.558219536
MIPGap  0
MIPGapAbs  0
Threads  1

Academic license 2663665 - for non-commercial use only - registered to tu___@vnu.edu.vn
Optimize a model with 4963 rows, 4098 columns and 24152 nonzeros (Min)
Model fingerprint: 0xd97335a7
Model has 1 linear objective coefficients
Variable types: 0 continuous, 4098 integer (4036 binary)
Coefficient statistics:
  Matrix range     [1e+00, 9e+00]
  Objective range  [1e+00, 1e+00]
  Bounds range     [1e+00, 7e+00]
  RHS range        [1e+00, 3e+01]

Presolve removed 2340 rows and 903 columns
Presolve time: 0.02s
Presolved: 2623 rows, 3195 columns, 14710 nonzeros
Variable types: 0 continuous, 3195 integer (3167 binary)

Root relaxation: objective 0.000000e+00, 4872 iterations, 0.34 seconds (0.52 work units)

    Nodes    |    Current Node    |     Objective Bounds      |     Work
 Expl Unexpl |  Obj  Depth IntInf | Incumbent    BestBd   Gap | It/Node Time

     0     0    0.00000    0 1176          -    0.00000      -     -    0s
     0     0    0.00000    0  866          -    0.00000      -     -    0s
     0     0    0.00000    0  866          -    0.00000      -     -    0s
     0     0    0.00000    0  629          -    0.00000      -     -    1s
     0     0    0.00000    0  697          -    0.00000      -     -    1s
     0     0    0.00000    0  675          -    0.00000      -     -    1s
     0     0    0.00000    0  665          -    0.00000      -     -    1s
     0     0    0.00000    0  353          -    0.00000      -     -    2s
H    0     0                       3.0000000    0.00000   100%     -    2s
     0     0    0.00000    0  366    3.00000    0.00000   100%     -    2s
     0     0    0.00000    0  677    3.00000    0.00000   100%     -    2s
     0     0    0.00000    0  352    3.00000    0.00000   100%     -    3s
H    0     0                       2.0000000    0.00000   100%     -    3s
     0     0    0.00000    0  467    2.00000    0.00000   100%     -    3s
     0     0    0.00000    0  535    2.00000    0.00000   100%     -    3s
     0     0    0.00000    0  383    2.00000    0.00000   100%     -    3s
     0     0    0.00000    0  408    2.00000    0.00000   100%     -    3s
     0     0    0.00000    0  561    2.00000    0.00000   100%     -    4s
     0     0    0.00000    0  457    2.00000    0.00000   100%     -    4s
     0     0    0.00000    0  457    2.00000    0.00000   100%     -    4s
     0     0    0.00000    0  379    2.00000    0.00000   100%     -    5s
     0     2    0.00000    0  379    2.00000    0.00000   100%     -    5s
H    1     1                       1.0000000    0.00000   100%   0.0    6s
    14    16    0.00000    7  441    1.00000    0.00000   100%  1158   10s
    70    72    0.00000   44  587    1.00000    0.00000   100%   948   15s
    81    79    0.00000   52  490    1.00000    0.00000   100%   890   20s
   256   217    0.00000   55  866    1.00000    0.00000   100%   677   25s
   269   226    0.00000  102  497    1.00000    0.00000   100%   644   30s
   277   233    0.00000   14  466    1.00000    0.00000   100%   900   36s
   296   246    0.00000   24  444    1.00000    0.00000   100%   923   40s
   372   296    0.00000   62  403    1.00000    0.00000   100%   911   45s
   498   380    0.00000  125  234    1.00000    0.00000   100%   812   50s
   740   355 infeasible  141         1.00000    0.00000   100%   629   55s
  1070   319    0.00000  139  189    1.00000    0.00000   100%   496   60s
  1460   432 infeasible  161         1.00000    0.00000   100%   418   65s
  1851   483    0.00000  147  182    1.00000    0.00000   100%   376   70s
  1975   525    0.00000  143  189    1.00000    0.00000   100%   366   77s
  2265   567    0.00000  147  209    1.00000    0.00000   100%   347   80s
  2772   632    0.00000  148  191    1.00000    0.00000   100%   321   91s
  2960   657    0.00000  143  199    1.00000    0.00000   100%   313   95s
  3412   773    0.00000  158  114    1.00000    0.00000   100%   301  100s
  3859   861    0.00000  149  221    1.00000    0.00000   100%   292  105s
  4413   934    0.00000  153  255    1.00000    0.00000   100%   281  110s
  4925  1000    0.00000  155  207    1.00000    0.00000   100%   273  115s
  5180  1039 infeasible  161         1.00000    0.00000   100%   270  120s
  5828  1086    0.00000  144  224    1.00000    0.00000   100%   260  125s
  6485  1154    0.00000  137  234    1.00000    0.00000   100%   253  130s
  6890  1265    0.00000  157   82    1.00000    0.00000   100%   249  137s
  7142  1289 infeasible  165         1.00000    0.00000   100%   247  140s
  7559  1287    0.00000  153  157    1.00000    0.00000   100%   244  145s
  8176  1345    0.00000  157  180    1.00000    0.00000   100%   241  150s
  8878  1353 infeasible  154         1.00000    0.00000   100%   237  155s
  9231  1419    0.00000  140  205    1.00000    0.00000   100%   236  160s
  9739  1533 infeasible  152         1.00000    0.00000   100%   235  165s
 10202  1608    0.00000  142  200    1.00000    0.00000   100%   234  198s
 10297  1647    0.00000  147  188    1.00000    0.00000   100%   234  201s
 10734  1714    0.00000  143  182    1.00000    0.00000   100%   233  205s
 11436  1771    0.00000  140  191    1.00000    0.00000   100%   230  210s
 12080  1772 infeasible  152         1.00000    0.00000   100%   228  215s
 12363  1800    0.00000  143  142    1.00000    0.00000   100%   227  221s
 12364  1801    0.00000  144  106    1.00000    0.00000   100%   227  226s
 12368  1799    0.00000  143  218    1.00000    0.00000   100%   227  231s
 12755  1880    0.00000  146  210    1.00000    0.00000   100%   227  235s
 13403  1919    0.00000  136  227    1.00000    0.00000   100%   225  240s
 14155  1988 infeasible  146         1.00000    0.00000   100%   222  245s
 14754  2019    0.00000  149  150    1.00000    0.00000   100%   221  254s
 14860  2020    0.00000  139  200    1.00000    0.00000   100%   221  255s
 15533  2053    0.00000  143  236    1.00000    0.00000   100%   219  260s
 16193  2114 infeasible  159         1.00000    0.00000   100%   218  265s
 16520  2123    0.00000  155  209    1.00000    0.00000   100%   218  271s
 17013  2202    0.00000  133  262    1.00000    0.00000   100%   217  275s
 17593  2351 infeasible  167         1.00000    0.00000   100%   217  280s
 18136  2487    0.00000  151  146    1.00000    0.00000   100%   217  285s
 18776  2546    0.00000  163  116    1.00000    0.00000   100%   217  290s
 19483  2548 infeasible  159         1.00000    0.00000   100%   216  295s
 20091  2603    0.00000  150  173    1.00000    0.00000   100%   215  300s
 20137  2598    0.00000  152  144    1.00000    0.00000   100%   215  305s
 20176  2595 infeasible  153         1.00000    0.00000   100%   215  310s
 20755  2676 infeasible  148         1.00000    0.00000   100%   215  315s
 21432  2704 infeasible  148         1.00000    0.00000   100%   215  320s
 22124  2740 infeasible  142         1.00000    0.00000   100%   214  325s
 22736  2738    0.00000  149  129    1.00000    0.00000   100%   214  330s
 23020  2728    0.00000  149  138    1.00000    0.00000   100%   214  338s
 23134  2774    0.00000  153  120    1.00000    0.00000   100%   214  340s
 23601  2900    0.00000  140  238    1.00000    0.00000   100%   214  349s
 23670  2913    0.00000  149  213    1.00000    0.00000   100%   214  350s
 24181  3000    0.00000  154  161    1.00000    0.00000   100%   215  355s
 24934  3031    0.00000  141  222    1.00000    0.00000   100%   213  360s
 25629  3079    0.00000  143  169    1.00000    0.00000   100%   213  365s
 26370  3132    0.00000  143  159    1.00000    0.00000   100%   212  370s
 27074  3154    0.00000  137  218    1.00000    0.00000   100%   211  375s
 27708  3276    0.00000  140  130    1.00000    0.00000   100%   211  380s
 27715  3277    0.00000  139  213    1.00000    0.00000   100%   211  385s
 28002  3312    0.00000  138  167    1.00000    0.00000   100%   211  390s
 28744  3367    0.00000  141  179    1.00000    0.00000   100%   209  395s
 29467  3436 infeasible  144         1.00000    0.00000   100%   209  400s
 30182  3423 infeasible  150         1.00000    0.00000   100%   208  405s
 30426  3464    0.00000  143  144    1.00000    0.00000   100%   208  419s
 30481  3473    0.00000  143  184    1.00000    0.00000   100%   208  420s
 31148  3540    0.00000  146  192    1.00000    0.00000   100%   207  425s
 31815  3564    0.00000  145  155    1.00000    0.00000   100%   207  430s
 32497  3561 infeasible  147         1.00000    0.00000   100%   207  435s
 33189  3562    0.00000  152  176    1.00000    0.00000   100%   207  440s
 33431  3567    0.00000  152  140    1.00000    0.00000   100%   207  446s
 33910  3536    0.00000  143   78    1.00000    0.00000   100%   206  450s
 34255  3531    0.00000  144   68    1.00000    0.00000   100%   206  459s
 34344  3545    0.00000  137  184    1.00000    0.00000   100%   206  460s
 35083  3576    0.00000  145   74    1.00000    0.00000   100%   205  465s
 35773  3596    0.00000  154  163    1.00000    0.00000   100%   205  470s
 36404  3635    0.00000  152  172    1.00000    0.00000   100%   205  475s
 37083  3629    0.00000  143  239    1.00000    0.00000   100%   205  480s
 37736  3665    0.00000  144  212    1.00000    0.00000   100%   204  485s
 38437  3693 infeasible  144         1.00000    0.00000   100%   204  490s
 39034  3742    0.00000  150  184    1.00000    0.00000   100%   204  495s
 39690  3750 infeasible  153         1.00000    0.00000   100%   204  500s
 40285  3822 infeasible  157         1.00000    0.00000   100%   204  505s
 40926  3813    0.00000  152  136    1.00000    0.00000   100%   204  510s
 41362  3870 infeasible  155         1.00000    0.00000   100%   204  515s
 42035  3840    0.00000  154  212    1.00000    0.00000   100%   204  520s
 42550  3842    0.00000  148  216    1.00000    0.00000   100%   204  525s
 43269  3859    0.00000  152  115    1.00000    0.00000   100%   203  530s
 43669  3903    0.00000  144  222    1.00000    0.00000   100%   203  535s
 44242  3939    0.00000  150  185    1.00000    0.00000   100%   203  540s
 44309  3938    0.00000  145  208    1.00000    0.00000   100%   203  545s
 44925  3961    0.00000  158  189    1.00000    0.00000   100%   203  550s
 45430  3982    0.00000  146  153    1.00000    0.00000   100%   203  555s
 46128  3965    0.00000  151  192    1.00000    0.00000   100%   202  560s
 46143  3962    0.00000  149  187    1.00000    0.00000   100%   202  567s
 46144  3963    0.00000  150  179    1.00000    0.00000   100%   202  571s
 46619  3956    0.00000  148  181    1.00000    0.00000   100%   202  575s
 47346  3934 infeasible  147         1.00000    0.00000   100%   202  580s
 47980  3965 infeasible  155         1.00000    0.00000   100%   202  585s
 48655  3939 infeasible  151         1.00000    0.00000   100%   202  590s
 49316  4062    0.00000  159  126    1.00000    0.00000   100%   202  595s
 49890  4098    0.00000  168  184    1.00000    0.00000   100%   201  600s
 50698  4082    0.00000  137  219    1.00000    0.00000   100%   201  605s
 51171  4073 infeasible  143         1.00000    0.00000   100%   201  610s
 51836  4105 infeasible  147         1.00000    0.00000   100%   201  615s
 52108  4143    0.00000  148   97    1.00000    0.00000   100%   201  622s
 52153  4144 infeasible  147         1.00000    0.00000   100%   201  625s
 52825  4148    0.00000  151  128    1.00000    0.00000   100%   201  630s
 53487  4159 infeasible  141         1.00000    0.00000   100%   200  635s
 53816  4151    0.00000  148  202    1.00000    0.00000   100%   201  640s
 54346  4244 infeasible  152         1.00000    0.00000   100%   201  645s
 54963  4247 infeasible  154         1.00000    0.00000   100%   201  650s
 55551  4281    0.00000  147  136    1.00000    0.00000   100%   201  655s
 56099  4269 infeasible  149         1.00000    0.00000   100%   201  660s
 56220  4269    0.00000  144  152    1.00000    0.00000   100%   201  673s
 56422  4254 infeasible  144         1.00000    0.00000   100%   201  675s
 57035  4299    0.00000  145  211    1.00000    0.00000   100%   201  680s
 57681  4316    0.00000  155  209    1.00000    0.00000   100%   201  685s
 58340  4317    0.00000  149  180    1.00000    0.00000   100%   201  690s
 58901  4340    0.00000  148  184    1.00000    0.00000   100%   200  695s
 59569  4336    0.00000  143  216    1.00000    0.00000   100%   200  700s
 60050  4350    0.00000  156  199    1.00000    0.00000   100%   200  705s
 60784  4356    0.00000  142  206    1.00000    0.00000   100%   200  710s
 61269  4427 infeasible  148         1.00000    0.00000   100%   200  715s
 61744  4545 infeasible  163         1.00000    0.00000   100%   200  720s
 62312  4595    0.00000  153  204    1.00000    0.00000   100%   200  727s
 62682  4598    0.00000  141  190    1.00000    0.00000   100%   200  730s
 62921  4611    0.00000  148  158    1.00000    0.00000   100%   200  737s
 63268  4606 infeasible  149         1.00000    0.00000   100%   200  740s
 63771  4667    0.00000  154  178    1.00000    0.00000   100%   200  745s
 64501  4657    0.00000  157  199    1.00000    0.00000   100%   200  750s
 64698  4656    0.00000  128  278    1.00000    0.00000   100%   200  756s
 65071  4722    0.00000  142  172    1.00000    0.00000   100%   200  760s
 65687  4769    0.00000  139  221    1.00000    0.00000   100%   200  765s
 66342  4766 infeasible  150         1.00000    0.00000   100%   200  770s
 67010  4779    0.00000  135  192    1.00000    0.00000   100%   200  775s
 67739  4756    0.00000  140  180    1.00000    0.00000   100%   199  780s
 68330  4853    0.00000  151  215    1.00000    0.00000   100%   199  785s
 68834  5060    0.00000  147  181    1.00000    0.00000   100%   200  790s
 68944  5108    0.00000  158  210    1.00000    0.00000   100%   200  795s
 68945  5109    0.00000  156  212    1.00000    0.00000   100%   200  805s
 69416  5215    0.00000  153  203    1.00000    0.00000   100%   200  810s
 70024  5315 infeasible  156         1.00000    0.00000   100%   200  815s
 70642  5383    0.00000  140  184    1.00000    0.00000   100%   200  820s
 71146  5590    0.00000  167  106    1.00000    0.00000   100%   200  825s
 71690  5655 infeasible  160         1.00000    0.00000   100%   200  830s
 71768  5660    0.00000  161  203    1.00000    0.00000   100%   200  836s
 72009  5670 infeasible  159         1.00000    0.00000   100%   200  840s
 72694  5710    0.00000  164  110    1.00000    0.00000   100%   200  845s
 73337  5797    0.00000  147  198    1.00000    0.00000   100%   200  850s
 73712  5841    0.00000  150  188    1.00000    0.00000   100%   200  864s
 73752  5854    0.00000  137  220    1.00000    0.00000   100%   200  865s
 74348  5938 infeasible  155         1.00000    0.00000   100%   200  870s
 74994  5989 infeasible  158         1.00000    0.00000   100%   200  875s
 75670  6021    0.00000  158  222    1.00000    0.00000   100%   200  880s
 76391  6084    0.00000  165  128    1.00000    0.00000   100%   199  885s
 77211  6090 infeasible  163         1.00000    0.00000   100%   199  890s
 77929  6170    0.00000  159  229    1.00000    0.00000   100%   199  895s
 78513  6298    0.00000  147  169    1.00000    0.00000   100%   199  900s
 79218  6298 infeasible  165         1.00000    0.00000   100%   199  905s
 79819  6393 infeasible  151         1.00000    0.00000   100%   199  910s
 80435  6440 infeasible  154         1.00000    0.00000   100%   199  915s
 81075  6465    0.00000  135  286    1.00000    0.00000   100%   199  920s
 81531  6682 infeasible  149         1.00000    0.00000   100%   199  925s
 81598  6721    0.00000  146  215    1.00000    0.00000   100%   199  931s
 82030  6782    0.00000  147  223    1.00000    0.00000   100%   199  935s
 82570  6844    0.00000  141  248    1.00000    0.00000   100%   200  940s
 82899  6867    0.00000  145  116    1.00000    0.00000   100%   200  945s
 82900  6868    0.00000  146  107    1.00000    0.00000   100%   200  953s
 83148  6848 infeasible  146         1.00000    0.00000   100%   200  955s
 83587  6927    0.00000  135  257    1.00000    0.00000   100%   200  961s
 83893  7059    0.00000  154  231    1.00000    0.00000   100%   200  965s
 84351  7221    0.00000  147  241    1.00000    0.00000   100%   200  970s
 84919  7370    0.00000  155  253    1.00000    0.00000   100%   200  975s
 85468  7453    0.00000  146  251    1.00000    0.00000   100%   200  980s
 85727  7507 infeasible  155         1.00000    0.00000   100%   200  985s
 86277  7636    0.00000  140  238    1.00000    0.00000   100%   200  990s
 86803  7705 infeasible  155         1.00000    0.00000   100%   201  995s
 87488  7731 infeasible  157         1.00000    0.00000   100%   201 1000s
 87999  7730    0.00000  155  228    1.00000    0.00000   100%   201 1006s
 88481  7779    0.00000  150  227    1.00000    0.00000   100%   201 1010s
 89090  7839    0.00000  143  195    1.00000    0.00000   100%   201 1015s
 89605  7865    0.00000  138  238    1.00000    0.00000   100%   201 1020s
 90085  7879 infeasible  146         1.00000    0.00000   100%   201 1025s
 90617  7991    0.00000  139  181    1.00000    0.00000   100%   201 1030s
 91003  8076    0.00000  132  213    1.00000    0.00000   100%   201 1035s
 91603  8223    0.00000  157  211    1.00000    0.00000   100%   201 1040s
 92225  8246    0.00000  150  196    1.00000    0.00000   100%   201 1045s
 92625  8321    0.00000  147  210    1.00000    0.00000   100%   201 1050s
 93217  8347    0.00000  150  197    1.00000    0.00000   100%   201 1055s
 93662  8332    0.00000  161  194    1.00000    0.00000   100%   201 1064s
 93663  8333    0.00000  162  209    1.00000    0.00000   100%   201 1077s
 93975  8338 infeasible  160         1.00000    0.00000   100%   201 1080s
 94494  8415 infeasible  143         1.00000    0.00000   100%   201 1085s
 95096  8470 infeasible  150         1.00000    0.00000   100%   201 1090s
 95762  8520    0.00000  146  113    1.00000    0.00000   100%   201 1095s
 96345  8538    0.00000  142  146    1.00000    0.00000   100%   201 1100s
 96967  8572    0.00000  147  277    1.00000    0.00000   100%   201 1105s
 97590  8608    0.00000  158  182    1.00000    0.00000   100%   201 1110s
 98217  8649 infeasible  153         1.00000    0.00000   100%   201 1115s
 98884  8637    0.00000  152  203    1.00000    0.00000   100%   201 1120s
 99571  8665    0.00000  136  207    1.00000    0.00000   100%   201 1125s
 100102  8778    0.00000  146   96    1.00000    0.00000   100%   201 1130s
 100665  8848    0.00000  160  170    1.00000    0.00000   100%   201 1135s
 101326  8867    0.00000  154  223    1.00000    0.00000   100%   201 1140s
 101983  8899 infeasible  147         1.00000    0.00000   100%   201 1145s
 102571  8927 infeasible  152         1.00000    0.00000   100%   201 1150s
H103182     0                       0.0000000    0.00000  0.00%   201 1156s

Cutting planes:
  Cover: 13
  Clique: 36
  MIR: 4
  Flow cover: 7
  GUB cover: 10
  Zero half: 3
  RLT: 4
  Relax-and-lift: 1
  BQP: 2

Explored 103183 nodes (20800697 simplex iterations) in 1156.55 seconds (1697.61 work units)
Thread count was 1 (of 8 available processors)

Solution count 4: 0 1 2 3 

Optimal solution found (tolerance 0.00e+00)
Best objective 0.000000000000e+00, best bound 0.000000000000e+00, gap 0.0000%
/usr/lib/python3.10/multiprocessing/resource_tracker.py:224: UserWarning: resource_tracker: There appear to be 3 leaked semaphore objects to clean up at shutdown
  warnings.warn('resource_tracker: There appear to be %d '
