B2B conference benchmark: 20 run(s), objective=IdleRange(P*)
Selected input paths: 20 (family=all, content_deduplicated=True)
Exact baselines: Reduced + DistanceClosure; threads=1, seed=0
Instance forumt-14crafe.original: 1 run(s)
[1/20] forumt-14crafe.original | reduced | gurobi_mip | P=native_linear | G=distance_closure | n/a
Set parameter WLSAccessID
Set parameter WLSSecret
Set parameter LicenseID to value 2663665
Academic license 2663665 - for non-commercial use only - registered to tu___@vnu.edu.vn
Set parameter OutputFlag to value 1
Set parameter Threads to value 1
Set parameter Seed to value 0
Set parameter MIPGap to value 0
Set parameter MIPGapAbs to value 0
Set parameter TimeLimit to value 7199.62182321
Gurobi Optimizer version 13.0.2 build v13.0.2rc1 (linux64 - "Ubuntu 22.04.5 LTS")

CPU model: INTEL(R) XEON(R) PLATINUM 8581C CPU @ 2.30GHz, instruction set [SSE2|AVX|AVX2|AVX512]
Thread count: 4 physical cores, 8 logical processors, using up to 1 threads

Non-default parameters:
TimeLimit  7199.62182321
MIPGap  0
MIPGapAbs  0
Threads  1

Academic license 2663665 - for non-commercial use only - registered to tu___@vnu.edu.vn
Optimize a model with 4826 rows, 4088 columns and 23188 nonzeros (Min)
Model fingerprint: 0x1c02948a
Model has 1 linear objective coefficients
Variable types: 0 continuous, 4088 integer (4026 binary)
Coefficient statistics:
  Matrix range     [1e+00, 1e+00]
  Objective range  [1e+00, 1e+00]
  Bounds range     [1e+00, 8e+00]
  RHS range        [1e+00, 2e+01]

Presolve removed 3387 rows and 1402 columns
Presolve time: 0.04s
Presolved: 1439 rows, 2686 columns, 10780 nonzeros
Variable types: 0 continuous, 2686 integer (2660 binary)

Root relaxation: objective 2.000000e+00, 3393 iterations, 0.18 seconds (0.27 work units)

    Nodes    |    Current Node    |     Objective Bounds      |     Work
 Expl Unexpl |  Obj  Depth IntInf | Incumbent    BestBd   Gap | It/Node Time

     0     0    2.00000    0  314          -    2.00000      -     -    0s
     0     0    2.00000    0  449          -    2.00000      -     -    0s
     0     0    2.00000    0  547          -    2.00000      -     -    0s
     0     0    2.00000    0   22          -    2.00000      -     -    1s
H    0     0                       3.0000000    2.00000  33.3%     -    1s
H    0     0                       2.0000000    2.00000  0.00%     -    1s
     0     0    2.00000    0   22    2.00000    2.00000  0.00%     -    1s

Cutting planes:
  Clique: 4
  MIR: 2
  RLT: 1

Explored 1 nodes (16704 simplex iterations) in 1.20 seconds (1.66 work units)
Thread count was 1 (of 8 available processors)

Solution count 2: 2 3 

Optimal solution found (tolerance 0.00e+00)
Best objective 2.000000000000e+00, best bound 2.000000000000e+00, gap 0.0000%
    SAT | IdleRange(P*)=2 | time=1.335644s | config=R-DC-IRP-GRB-MIP
    Excel: /home/dclng566/projects/Business-Meeting-Scheduling-Problem/output/gurobi/table03_excel/forumt-14crafe.original.xlsx
Instance tic-12crafc.original: 1 run(s)
[2/20] tic-12crafc.original | reduced | gurobi_mip | P=native_linear | G=distance_closure | n/a
Set parameter WLSAccessID
Set parameter WLSSecret
Set parameter LicenseID to value 2663665
Academic license 2663665 - for non-commercial use only - registered to tu___@vnu.edu.vn
Set parameter OutputFlag to value 1
Set parameter Threads to value 1
Set parameter Seed to value 0
Set parameter MIPGap to value 0
Set parameter MIPGapAbs to value 0
Set parameter TimeLimit to value 7.1996941594349992e+03
Gurobi Optimizer version 13.0.2 build v13.0.2rc1 (linux64 - "Ubuntu 22.04.5 LTS")

CPU model: INTEL(R) XEON(R) PLATINUM 8581C CPU @ 2.30GHz, instruction set [SSE2|AVX|AVX2|AVX512]
Thread count: 4 physical cores, 8 logical processors, using up to 1 threads

Non-default parameters:
TimeLimit  7.1996941594349992e+03
MIPGap  0
MIPGapAbs  0
Threads  1

Academic license 2663665 - for non-commercial use only - registered to tu___@vnu.edu.vn
Optimize a model with 2591 rows, 1978 columns and 11096 nonzeros (Min)
Model fingerprint: 0xfac15080
Model has 1 linear objective coefficients
Variable types: 0 continuous, 1978 integer (1936 binary)
Coefficient statistics:
  Matrix range     [1e+00, 1e+00]
  Objective range  [1e+00, 1e+00]
  Bounds range     [1e+00, 6e+00]
  RHS range        [1e+00, 2e+01]

Presolve removed 1828 rows and 773 columns
Presolve time: 0.01s
Presolved: 763 rows, 1205 columns, 4914 nonzeros
Variable types: 0 continuous, 1205 integer (1189 binary)

Root relaxation: objective 0.000000e+00, 1741 iterations, 0.05 seconds (0.08 work units)

    Nodes    |    Current Node    |     Objective Bounds      |     Work
 Expl Unexpl |  Obj  Depth IntInf | Incumbent    BestBd   Gap | It/Node Time

     0     0    0.00000    0  289          -    0.00000      -     -    0s
H    0     0                       3.0000000    0.00000   100%     -    0s
     0     0    0.00000    0  317    3.00000    0.00000   100%     -    0s
     0     0    0.00000    0  372    3.00000    0.00000   100%     -    0s
     0     0    0.00000    0  233    3.00000    0.00000   100%     -    0s
     0     0    0.00000    0  273    3.00000    0.00000   100%     -    0s
     0     0    0.00000    0  169    3.00000    0.00000   100%     -    0s
     0     0    0.00000    0  121    3.00000    0.00000   100%     -    0s
     0     0    0.00000    0  244    3.00000    0.00000   100%     -    0s
     0     0    0.00000    0  137    3.00000    0.00000   100%     -    0s
     0     0    0.00000    0  151    3.00000    0.00000   100%     -    0s
     0     0    0.00000    0  177    3.00000    0.00000   100%     -    0s
     0     0    0.00000    0  177    3.00000    0.00000   100%     -    0s
     0     0    0.00000    0  209    3.00000    0.00000   100%     -    0s
*    0     0               0       0.0000000    0.00000  0.00%     -    0s

Cutting planes:
  Cover: 1
  Clique: 9
  Flow cover: 2
  GUB cover: 1
  Zero half: 33
  RLT: 10
  Relax-and-lift: 1

Explored 1 nodes (19117 simplex iterations) in 0.90 seconds (1.31 work units)
Thread count was 1 (of 8 available processors)

Solution count 2: 0 3 

Optimal solution found (tolerance 0.00e+00)
Best objective 0.000000000000e+00, best bound 0.000000000000e+00, gap 0.0000%
    SAT | IdleRange(P*)=0 | time=0.959028s | config=R-DC-IRP-GRB-MIP
    Excel: /home/dclng566/projects/Business-Meeting-Scheduling-Problem/output/gurobi/table03_excel/tic-12crafc.original.xlsx
Instance forum-13.original: 1 run(s)
[3/20] forum-13.original | reduced | gurobi_mip | P=native_linear | G=distance_closure | n/a
Set parameter WLSAccessID
Set parameter WLSSecret
Set parameter LicenseID to value 2663665
Academic license 2663665 - for non-commercial use only - registered to tu___@vnu.edu.vn
Set parameter OutputFlag to value 1
Set parameter Threads to value 1
Set parameter Seed to value 0
Set parameter MIPGap to value 0
Set parameter MIPGapAbs to value 0
Set parameter TimeLimit to value 7199.59973964
Gurobi Optimizer version 13.0.2 build v13.0.2rc1 (linux64 - "Ubuntu 22.04.5 LTS")

CPU model: INTEL(R) XEON(R) PLATINUM 8581C CPU @ 2.30GHz, instruction set [SSE2|AVX|AVX2|AVX512]
Thread count: 4 physical cores, 8 logical processors, using up to 1 threads

Non-default parameters:
TimeLimit  7199.59973964
MIPGap  0
MIPGapAbs  0
Threads  1

Academic license 2663665 - for non-commercial use only - registered to tu___@vnu.edu.vn
Optimize a model with 8979 rows, 5991 columns and 32969 nonzeros (Min)
Model fingerprint: 0x1f1588b7
Model has 1 linear objective coefficients
Variable types: 0 continuous, 5991 integer (5930 binary)
Coefficient statistics:
  Matrix range     [1e+00, 1e+00]
  Objective range  [1e+00, 1e+00]
  Bounds range     [1e+00, 2e+01]
  RHS range        [1e+00, 4e+01]

Presolve removed 1630 rows and 583 columns
Presolve time: 0.04s
Presolved: 7349 rows, 5408 columns, 26377 nonzeros
Variable types: 0 continuous, 5408 integer (5348 binary)
Found heuristic solution: objective 12.0000000

Root relaxation: objective 0.000000e+00, 12025 iterations, 1.32 seconds (2.11 work units)

    Nodes    |    Current Node    |     Objective Bounds      |     Work
 Expl Unexpl |  Obj  Depth IntInf | Incumbent    BestBd   Gap | It/Node Time

     0     0    0.00000    0 2270   12.00000    0.00000   100%     -    2s
     0     0    0.00000    0 1547   12.00000    0.00000   100%     -    2s
H    0     0                      11.0000000    0.00000   100%     -    2s
H    0     0                      10.0000000    0.00000   100%     -    2s
     0     0    0.00000    0 1547   10.00000    0.00000   100%     -    2s
     0     0    0.00000    0  970   10.00000    0.00000   100%     -    4s
H    0     0                       9.0000000    0.00000   100%     -    4s
H    0     0                       8.0000000    0.00000   100%     -    4s
     0     0    0.00000    0 1119    8.00000    0.00000   100%     -    4s
H    0     0                       6.0000000    0.00000   100%     -    4s
     0     0    0.00000    0 1256    6.00000    0.00000   100%     -    4s
     0     0    0.00000    0 1091    6.00000    0.00000   100%     -    5s
     0     0    0.00000    0  538    6.00000    0.00000   100%     -    5s
H    0     0                       5.0000000    0.00000   100%     -    5s
     0     0    0.00000    0  568    5.00000    0.00000   100%     -    5s
     0     0    0.00000    0  530    5.00000    0.00000   100%     -    5s
     0     0    0.00000    0  546    5.00000    0.00000   100%     -    5s
     0     0    0.00000    0  562    5.00000    0.00000   100%     -    5s
     0     0    0.00000    0  556    5.00000    0.00000   100%     -    5s
     0     0    0.00000    0  488    5.00000    0.00000   100%     -    6s
     0     0    0.00000    0  449    5.00000    0.00000   100%     -    6s
     0     0    0.00000    0  484    5.00000    0.00000   100%     -    6s
     0     0    0.00000    0  400    5.00000    0.00000   100%     -    7s
H    0     0                       4.0000000    0.00000   100%     -    7s
H    0     0                       3.0000000    0.00000   100%     -    7s
     0     0    0.00000    0  388    3.00000    0.00000   100%     -    7s
     0     0    0.00000    0  351    3.00000    0.00000   100%     -    7s
     0     0    0.00000    0  354    3.00000    0.00000   100%     -    7s
     0     0    0.00000    0  306    3.00000    0.00000   100%     -    7s
H    0     0                       2.0000000    0.00000   100%     -    7s
H    0     0                       1.0000000    0.00000   100%     -    7s
     0     0    0.00000    0  303    1.00000    0.00000   100%     -    7s
     0     0    0.00000    0  535    1.00000    0.00000   100%     -    7s
     0     0    0.00000    0  487    1.00000    0.00000   100%     -    7s
     0     0    0.00000    0   43    1.00000    0.00000   100%     -    8s
     0     0    0.00000    0   58    1.00000    0.00000   100%     -    8s
     0     0    0.00000    0   52    1.00000    0.00000   100%     -    8s
     0     0    0.00000    0  153    1.00000    0.00000   100%     -    8s
     0     0    0.00000    0   46    1.00000    0.00000   100%     -    8s
     0     0    0.00000    0   46    1.00000    0.00000   100%     -    8s
     0     0    0.00000    0   44    1.00000    0.00000   100%     -    8s
     0     2    0.00000    0   31    1.00000    0.00000   100%     -    9s
H    1     1                       0.0000000    0.00000  0.00%   0.0    9s

Cutting planes:
  Gomory: 5
  Cover: 1
  Implied bound: 34
  Clique: 41
  MIR: 6
  Flow cover: 51
  GUB cover: 5
  Zero half: 52
  RLT: 77
  Relax-and-lift: 89
  BQP: 1

Explored 2 nodes (100535 simplex iterations) in 9.52 seconds (14.27 work units)
Thread count was 1 (of 8 available processors)

Solution count 10: 0 1 2 ... 10

Optimal solution found (tolerance 0.00e+00)
Best objective 0.000000000000e+00, best bound 0.000000000000e+00, gap 0.0000%
    SAT | IdleRange(P*)=0 | time=9.671808s | config=R-DC-IRP-GRB-MIP
    Excel: /home/dclng566/projects/Business-Meeting-Scheduling-Problem/output/gurobi/table03_excel/forum-13.original.xlsx
Instance tic-13crafc.original: 1 run(s)
[4/20] tic-13crafc.original | reduced | gurobi_mip | P=native_linear | G=distance_closure | n/a
Set parameter WLSAccessID
Set parameter WLSSecret
Set parameter LicenseID to value 2663665
Academic license 2663665 - for non-commercial use only - registered to tu___@vnu.edu.vn
Set parameter OutputFlag to value 1
Set parameter Threads to value 1
Set parameter Seed to value 0
Set parameter MIPGap to value 0
Set parameter MIPGapAbs to value 0
Set parameter TimeLimit to value 7.1996530268999995e+03
Gurobi Optimizer version 13.0.2 build v13.0.2rc1 (linux64 - "Ubuntu 22.04.5 LTS")

CPU model: INTEL(R) XEON(R) PLATINUM 8581C CPU @ 2.30GHz, instruction set [SSE2|AVX|AVX2|AVX512]
Thread count: 4 physical cores, 8 logical processors, using up to 1 threads

Non-default parameters:
TimeLimit  7.1996530268999995e+03
MIPGap  0
MIPGapAbs  0
Threads  1

Academic license 2663665 - for non-commercial use only - registered to tu___@vnu.edu.vn
Optimize a model with 3746 rows, 3198 columns and 18228 nonzeros (Min)
Model fingerprint: 0xd7bb5e47
Model has 1 linear objective coefficients
Variable types: 0 continuous, 3198 integer (3150 binary)
Coefficient statistics:
  Matrix range     [1e+00, 1e+00]
  Objective range  [1e+00, 1e+00]
  Bounds range     [1e+00, 6e+00]
  RHS range        [1e+00, 2e+01]

Presolve removed 2628 rows and 1026 columns
Presolve time: 0.02s
Presolved: 1118 rows, 2172 columns, 8525 nonzeros
Variable types: 0 continuous, 2172 integer (2147 binary)

Root relaxation: objective 3.015734e-01, 4345 iterations, 0.26 seconds (0.39 work units)

    Nodes    |    Current Node    |     Objective Bounds      |     Work
 Expl Unexpl |  Obj  Depth IntInf | Incumbent    BestBd   Gap | It/Node Time

     0     0    0.30157    0  638          -    0.30157      -     -    0s
     0     0    1.00000    0  457          -    1.00000      -     -    0s
H    0     0                       6.0000000    1.00000  83.3%     -    0s
H    0     0                       3.0000000    1.00000  66.7%     -    0s
     0     0    1.00000    0  409    3.00000    1.00000  66.7%     -    0s
     0     0    1.00000    0  402    3.00000    1.00000  66.7%     -    0s
     0     0    1.00000    0  393    3.00000    1.00000  66.7%     -    0s
     0     0    1.00000    0  134    3.00000    1.00000  66.7%     -    1s
     0     0    1.00000    0  159    3.00000    1.00000  66.7%     -    1s
     0     0    1.00000    0  252    3.00000    1.00000  66.7%     -    1s
*    0     0               0       1.0000000    1.00000  0.00%     -    1s

Cutting planes:
  Gomory: 2
  Clique: 3
  MIR: 2
  Zero half: 18
  Relax-and-lift: 15

Explored 1 nodes (20171 simplex iterations) in 1.36 seconds (2.03 work units)
Thread count was 1 (of 8 available processors)

Solution count 3: 1 3 6 

Optimal solution found (tolerance 0.00e+00)
Best objective 1.000000000000e+00, best bound 1.000000000000e+00, gap 0.0000%
    SAT | IdleRange(P*)=1 | time=1.456926s | config=R-DC-IRP-GRB-MIP
    Excel: /home/dclng566/projects/Business-Meeting-Scheduling-Problem/output/gurobi/table03_excel/tic-13crafc.original.xlsx
Instance tic-14crafc.original: 1 run(s)
[5/20] tic-14crafc.original | reduced | gurobi_mip | P=native_linear | G=distance_closure | n/a
Set parameter WLSAccessID
Set parameter WLSSecret
Set parameter LicenseID to value 2663665
Academic license 2663665 - for non-commercial use only - registered to tu___@vnu.edu.vn
Set parameter OutputFlag to value 1
Set parameter Threads to value 1
Set parameter Seed to value 0
Set parameter MIPGap to value 0
Set parameter MIPGapAbs to value 0
Set parameter TimeLimit to value 7.1996235650479994e+03
Gurobi Optimizer version 13.0.2 build v13.0.2rc1 (linux64 - "Ubuntu 22.04.5 LTS")

CPU model: INTEL(R) XEON(R) PLATINUM 8581C CPU @ 2.30GHz, instruction set [SSE2|AVX|AVX2|AVX512]
Thread count: 4 physical cores, 8 logical processors, using up to 1 threads

Non-default parameters:
TimeLimit  7.1996235650479994e+03
MIPGap  0
MIPGapAbs  0
Threads  1

Academic license 2663665 - for non-commercial use only - registered to tu___@vnu.edu.vn
Optimize a model with 4909 rows, 4202 columns and 23938 nonzeros (Min)
Model fingerprint: 0x7046d52f
Model has 1 linear objective coefficients
Variable types: 0 continuous, 4202 integer (4140 binary)
Coefficient statistics:
  Matrix range     [1e+00, 1e+00]
  Objective range  [1e+00, 1e+00]
  Bounds range     [1e+00, 7e+00]
  RHS range        [1e+00, 2e+01]

Presolve removed 3442 rows and 1383 columns
Presolve time: 0.03s
Presolved: 1467 rows, 2819 columns, 11232 nonzeros
Variable types: 0 continuous, 2819 integer (2791 binary)

Root relaxation: objective 0.000000e+00, 4856 iterations, 0.30 seconds (0.50 work units)

    Nodes    |    Current Node    |     Objective Bounds      |     Work
 Expl Unexpl |  Obj  Depth IntInf | Incumbent    BestBd   Gap | It/Node Time

     0     0    0.00000    0  597          -    0.00000      -     -    0s
H    0     0                       5.0000000    0.00000   100%     -    0s
H    0     0                       4.0000000    0.00000   100%     -    0s
     0     0    0.00000    0  669    4.00000    0.00000   100%     -    1s
     0     0    0.00000    0  731    4.00000    0.00000   100%     -    1s
     0     0    0.00000    0  419    4.00000    0.00000   100%     -    2s
H    0     0                       3.0000000    0.00000   100%     -    2s
     0     0    0.00000    0  485    3.00000    0.00000   100%     -    2s
     0     0    0.00000    0  565    3.00000    0.00000   100%     -    2s
     0     0    0.00000    0  345    3.00000    0.00000   100%     -    2s
     0     0    0.00000    0  467    3.00000    0.00000   100%     -    2s
     0     0    0.00000    0  407    3.00000    0.00000   100%     -    3s
H    0     0                       2.0000000    0.00000   100%     -    3s
H    0     0                       1.0000000    0.00000   100%     -    3s
     0     0    0.00000    0  349    1.00000    0.00000   100%     -    3s
     0     0    0.00000    0  457    1.00000    0.00000   100%     -    3s
     0     0    0.00000    0  445    1.00000    0.00000   100%     -    3s
     0     0    0.00000    0  469    1.00000    0.00000   100%     -    3s
     0     0    0.00000    0  592    1.00000    0.00000   100%     -    4s
     0     0    0.00000    0  449    1.00000    0.00000   100%     -    4s
     0     0    0.00000    0  469    1.00000    0.00000   100%     -    4s
     0     0    0.00000    0  559    1.00000    0.00000   100%     -    4s
     0     0    0.00000    0  385    1.00000    0.00000   100%     -    5s
     0     0    0.00000    0  385    1.00000    0.00000   100%     -    5s
     0     0    0.00000    0  385    1.00000    0.00000   100%     -    5s
     0     2    0.00000    0  314    1.00000    0.00000   100%     -    6s
    16    14    0.00000    8  615    1.00000    0.00000   100%   930   14s
    23    19    0.00000   13  620    1.00000    0.00000   100%   981   15s
    80    76    0.00000   50  427    1.00000    0.00000   100%   749   20s
    92    88    0.00000   56  443    1.00000    0.00000   100%   740   26s
   163   149    0.00000   28  578    1.00000    0.00000   100%   708   30s
   258   242    0.00000   71  536    1.00000    0.00000   100%   695   35s
   267   248    0.00000   87  371    1.00000    0.00000   100%   672   40s
   277   257    0.00000   15  570    1.00000    0.00000   100%  1056   45s
H  287   240                       0.0000000    0.00000  0.00%  1053   47s

Cutting planes:
  Gomory: 1
  Clique: 2
  Zero half: 3

Explored 288 nodes (374825 simplex iterations) in 47.67 seconds (74.45 work units)
Thread count was 1 (of 8 available processors)

Solution count 6: 0 1 2 ... 5

Optimal solution found (tolerance 0.00e+00)
Best objective 0.000000000000e+00, best bound 0.000000000000e+00, gap 0.0000%
    SAT | IdleRange(P*)=0 | time=47.795776s | config=R-DC-IRP-GRB-MIP
    Excel: /home/dclng566/projects/Business-Meeting-Scheduling-Problem/output/gurobi/table03_excel/tic-14crafc.original.xlsx
Instance forum-13crafc.original: 1 run(s)
[6/20] forum-13crafc.original | reduced | gurobi_mip | P=native_linear | G=distance_closure | n/a
Set parameter WLSAccessID
Set parameter WLSSecret
Set parameter LicenseID to value 2663665
Academic license 2663665 - for non-commercial use only - registered to tu___@vnu.edu.vn
Set parameter OutputFlag to value 1
Set parameter Threads to value 1
Set parameter Seed to value 0
Set parameter MIPGap to value 0
Set parameter MIPGapAbs to value 0
Set parameter TimeLimit to value 7199.599996572
Gurobi Optimizer version 13.0.2 build v13.0.2rc1 (linux64 - "Ubuntu 22.04.5 LTS")

CPU model: INTEL(R) XEON(R) PLATINUM 8581C CPU @ 2.30GHz, instruction set [SSE2|AVX|AVX2|AVX512]
Thread count: 4 physical cores, 8 logical processors, using up to 1 threads

Non-default parameters:
TimeLimit  7199.599996572
MIPGap  0
MIPGapAbs  0
Threads  1

Academic license 2663665 - for non-commercial use only - registered to tu___@vnu.edu.vn
Optimize a model with 8979 rows, 5991 columns and 32969 nonzeros (Min)
Model fingerprint: 0xc9979f96
Model has 1 linear objective coefficients
Variable types: 0 continuous, 5991 integer (5930 binary)
Coefficient statistics:
  Matrix range     [1e+00, 1e+00]
  Objective range  [1e+00, 1e+00]
  Bounds range     [1e+00, 2e+01]
  RHS range        [1e+00, 4e+01]

Presolve removed 1630 rows and 583 columns
Presolve time: 0.04s
Presolved: 7349 rows, 5408 columns, 26377 nonzeros
Variable types: 0 continuous, 5408 integer (5348 binary)
Found heuristic solution: objective 16.0000000

Root relaxation: objective 0.000000e+00, 10653 iterations, 1.12 seconds (1.78 work units)

    Nodes    |    Current Node    |     Objective Bounds      |     Work
 Expl Unexpl |  Obj  Depth IntInf | Incumbent    BestBd   Gap | It/Node Time

     0     0    0.00000    0 2156   16.00000    0.00000   100%     -    1s
     0     0    0.00000    0 1482   16.00000    0.00000   100%     -    2s
H    0     0                      13.0000000    0.00000   100%     -    2s
H    0     0                      12.0000000    0.00000   100%     -    2s
H    0     0                      11.0000000    0.00000   100%     -    2s
     0     0    0.00000    0 1482   11.00000    0.00000   100%     -    2s
     0     0    0.00000    0 1048   11.00000    0.00000   100%     -    4s
H    0     0                      10.0000000    0.00000   100%     -    4s
     0     0    0.00000    0 1398   10.00000    0.00000   100%     -    4s
H    0     0                       9.0000000    0.00000   100%     -    4s
H    0     0                       8.0000000    0.00000   100%     -    4s
     0     0    0.00000    0 1380    8.00000    0.00000   100%     -    4s
     0     0    0.00000    0 1378    8.00000    0.00000   100%     -    4s
     0     0    0.00000    0 1408    8.00000    0.00000   100%     -    5s
     0     0    0.00000    0  892    8.00000    0.00000   100%     -    6s
H    0     0                       7.0000000    0.00000   100%     -    6s
H    0     0                       6.0000000    0.00000   100%     -    6s
     0     0    0.00000    0  915    6.00000    0.00000   100%     -    6s
     0     0    0.00000    0  898    6.00000    0.00000   100%     -    6s
     0     0    0.00000    0  578    6.00000    0.00000   100%     -    7s
H    0     0                       5.0000000    0.00000   100%     -    7s
     0     0    0.00000    0  614    5.00000    0.00000   100%     -    7s
     0     0    0.00000    0  612    5.00000    0.00000   100%     -    8s
     0     0    0.00000    0  515    5.00000    0.00000   100%     -    8s
H    0     0                       4.0000000    0.00000   100%     -    8s
H    0     0                       3.0000000    0.00000   100%     -    8s
     0     0    0.00000    0  479    3.00000    0.00000   100%     -    8s
     0     0    0.00000    0  525    3.00000    0.00000   100%     -    9s
     0     0    0.00000    0  341    3.00000    0.00000   100%     -    9s
     0     0    0.00000    0  452    3.00000    0.00000   100%     -    9s
     0     0    0.00000    0  607    3.00000    0.00000   100%     -   10s
     0     0    0.00000    0  594    3.00000    0.00000   100%     -   10s
     0     0    0.00000    0  354    3.00000    0.00000   100%     -   11s
     0     0    0.00000    0  348    3.00000    0.00000   100%     -   11s
     0     0    0.00000    0  324    3.00000    0.00000   100%     -   11s
     0     0    0.00000    0  352    3.00000    0.00000   100%     -   11s
     0     0    0.00000    0  327    3.00000    0.00000   100%     -   11s
     0     0    0.00000    0  349    3.00000    0.00000   100%     -   11s
     0     0    0.00000    0  238    3.00000    0.00000   100%     -   12s
     0     2    0.00000    0  238    3.00000    0.00000   100%     -   12s
H    1     1                       2.0000000    0.00000   100%   0.0   12s
H    3     3                       1.0000000    0.00000   100%   353   13s
H    5     5                       0.0000000    0.00000  0.00%   385   13s

Cutting planes:
  Learned: 1
  Gomory: 1
  Implied bound: 38
  Clique: 34
  MIR: 15
  Flow cover: 33
  Zero half: 35
  RLT: 57
  Relax-and-lift: 108
  BQP: 4
  PSD: 3

Explored 6 nodes (128419 simplex iterations) in 13.52 seconds (20.43 work units)
Thread count was 1 (of 8 available processors)

Solution count 10: 0 1 2 ... 9

Optimal solution found (tolerance 0.00e+00)
Best objective 0.000000000000e+00, best bound 0.000000000000e+00, gap 0.0000%
    SAT | IdleRange(P*)=0 | time=13.678714s | config=R-DC-IRP-GRB-MIP
    Excel: /home/dclng566/projects/Business-Meeting-Scheduling-Problem/output/gurobi/table03_excel/forum-13crafc.original.xlsx
Instance forumt-14crafc.original: 1 run(s)
[7/20] forumt-14crafc.original | reduced | gurobi_mip | P=native_linear | G=distance_closure | n/a
Set parameter WLSAccessID
Set parameter WLSSecret
Set parameter LicenseID to value 2663665
Academic license 2663665 - for non-commercial use only - registered to tu___@vnu.edu.vn
Set parameter OutputFlag to value 1
Set parameter Threads to value 1
Set parameter Seed to value 0
Set parameter MIPGap to value 0
Set parameter MIPGapAbs to value 0
Set parameter TimeLimit to value 7199.627244056
Gurobi Optimizer version 13.0.2 build v13.0.2rc1 (linux64 - "Ubuntu 22.04.5 LTS")

CPU model: INTEL(R) XEON(R) PLATINUM 8581C CPU @ 2.30GHz, instruction set [SSE2|AVX|AVX2|AVX512]
Thread count: 4 physical cores, 8 logical processors, using up to 1 threads

Non-default parameters:
TimeLimit  7199.627244056
MIPGap  0
MIPGapAbs  0
Threads  1

Academic license 2663665 - for non-commercial use only - registered to tu___@vnu.edu.vn
Optimize a model with 4826 rows, 4094 columns and 23223 nonzeros (Min)
Model fingerprint: 0xd5695775
Model has 1 linear objective coefficients
Variable types: 0 continuous, 4094 integer (4032 binary)
Coefficient statistics:
  Matrix range     [1e+00, 1e+00]
  Objective range  [1e+00, 1e+00]
  Bounds range     [1e+00, 7e+00]
  RHS range        [1e+00, 2e+01]

Presolve removed 3409 rows and 1394 columns
Presolve time: 0.04s
Presolved: 1417 rows, 2700 columns, 10753 nonzeros
Variable types: 0 continuous, 2700 integer (2674 binary)

Root relaxation: objective 2.000000e+00, 3448 iterations, 0.17 seconds (0.26 work units)

    Nodes    |    Current Node    |     Objective Bounds      |     Work
 Expl Unexpl |  Obj  Depth IntInf | Incumbent    BestBd   Gap | It/Node Time

     0     0    2.00000    0  390          -    2.00000      -     -    0s
     0     0    2.00000    0  596          -    2.00000      -     -    0s
     0     0    2.00000    0  578          -    2.00000      -     -    0s
     0     0    2.00000    0   63          -    2.00000      -     -    1s
H    0     0                       6.0000000    2.00000  66.7%     -    1s
H    0     0                       4.0000000    2.00000  50.0%     -    1s
H    0     0                       3.0000000    2.00000  33.3%     -    1s
     0     0    2.00000    0  375    3.00000    2.00000  33.3%     -    1s
     0     0    2.00000    0   18    3.00000    2.00000  33.3%     -    1s
H    0     0                       2.0000000    2.00000  0.00%     -    1s
     0     0    2.00000    0   18    2.00000    2.00000  0.00%     -    1s

Cutting planes:
  Gomory: 2
  Clique: 6
  MIR: 4
  Zero half: 12

Explored 1 nodes (24101 simplex iterations) in 1.56 seconds (2.15 work units)
Thread count was 1 (of 8 available processors)

Solution count 4: 2 3 4 6 

Optimal solution found (tolerance 0.00e+00)
Best objective 2.000000000000e+00, best bound 2.000000000000e+00, gap 0.0000%
    SAT | IdleRange(P*)=2 | time=1.684797s | config=R-DC-IRP-GRB-MIP
    Excel: /home/dclng566/projects/Business-Meeting-Scheduling-Problem/output/gurobi/table03_excel/forumt-14crafc.original.xlsx
Instance forum-14.original: 1 run(s)
[8/20] forum-14.original | reduced | gurobi_mip | P=native_linear | G=distance_closure | n/a
Set parameter WLSAccessID
Set parameter WLSSecret
Set parameter LicenseID to value 2663665
Academic license 2663665 - for non-commercial use only - registered to tu___@vnu.edu.vn
Set parameter OutputFlag to value 1
Set parameter Threads to value 1
Set parameter Seed to value 0
Set parameter MIPGap to value 0
Set parameter MIPGapAbs to value 0
Set parameter TimeLimit to value 7198.852126016
Gurobi Optimizer version 13.0.2 build v13.0.2rc1 (linux64 - "Ubuntu 22.04.5 LTS")

CPU model: INTEL(R) XEON(R) PLATINUM 8581C CPU @ 2.30GHz, instruction set [SSE2|AVX|AVX2|AVX512]
Thread count: 4 physical cores, 8 logical processors, using up to 1 threads

Non-default parameters:
TimeLimit  7198.852126016
MIPGap  0
MIPGapAbs  0
Threads  1

Academic license 2663665 - for non-commercial use only - registered to tu___@vnu.edu.vn
Optimize a model with 12128 rows, 10040 columns and 57069 nonzeros (Min)
Model fingerprint: 0x196930f2
Model has 1 linear objective coefficients
Variable types: 0 continuous, 10040 integer (9965 binary)
Coefficient statistics:
  Matrix range     [1e+00, 1e+00]
  Objective range  [1e+00, 1e+00]
  Bounds range     [1e+00, 2e+01]
  RHS range        [1e+00, 4e+01]

Presolve removed 6116 rows and 2124 columns
Presolve time: 0.13s
Presolved: 6012 rows, 7916 columns, 34075 nonzeros
Variable types: 0 continuous, 7916 integer (7847 binary)

Root relaxation: objective 4.000000e+00, 20004 iterations, 3.63 seconds (5.79 work units)

    Nodes    |    Current Node    |     Objective Bounds      |     Work
 Expl Unexpl |  Obj  Depth IntInf | Incumbent    BestBd   Gap | It/Node Time

     0     0    4.00000    0  961          -    4.00000      -     -    4s
H    0     0                      16.0000000    4.00000  75.0%     -    4s
H    0     0                      15.0000000    4.00000  73.3%     -    4s
H    0     0                      14.0000000    4.00000  71.4%     -    4s
H    0     0                      13.0000000    4.00000  69.2%     -    4s
H    0     0                       9.0000000    4.00000  55.6%     -    4s
     0     0    4.00000    0 1090    9.00000    4.00000  55.6%     -    5s
     0     0    4.00000    0 1059    9.00000    4.00000  55.6%     -    5s
H    0     0                       8.0000000    4.00000  50.0%     -    5s
     0     0    4.00000    0  997    8.00000    4.00000  50.0%     -    5s
     0     0    4.00000    0 1016    8.00000    4.00000  50.0%     -    5s
     0     0    4.00000    0  264    8.00000    4.00000  50.0%     -    7s
H    0     0                       7.0000000    4.00000  42.9%     -    7s
H    0     0                       6.0000000    4.00000  33.3%     -    7s
     0     0    4.00000    0  225    6.00000    4.00000  33.3%     -    7s
     0     0    4.00000    0  242    6.00000    4.00000  33.3%     -    7s
     0     0    4.00000    0  104    6.00000    4.00000  33.3%     -    8s
H    0     0                       5.0000000    4.00000  20.0%     -    8s
H    0     0                       4.0000000    4.00000  0.00%     -    8s
     0     0    4.00000    0  104    4.00000    4.00000  0.00%     -    8s

Cutting planes:
  Gomory: 6
  Cover: 1
  Implied bound: 1
  Clique: 20
  MIR: 2
  GUB cover: 1
  Zero half: 17
  RLT: 7

Explored 1 nodes (68077 simplex iterations) in 8.74 seconds (13.22 work units)
Thread count was 1 (of 8 available processors)

Solution count 10: 4 5 6 ... 16

Optimal solution found (tolerance 0.00e+00)
Best objective 4.000000000000e+00, best bound 4.000000000000e+00, gap 0.0000%
    SAT | IdleRange(P*)=4 | time=9.644252s | config=R-DC-IRP-GRB-MIP
    Excel: /home/dclng566/projects/Business-Meeting-Scheduling-Problem/output/gurobi/table03_excel/forum-14.original.xlsx
Instance tic-14crafa.original: 1 run(s)
[9/20] tic-14crafa.original | reduced | gurobi_mip | P=native_linear | G=distance_closure | n/a
Set parameter WLSAccessID
Set parameter WLSSecret
Set parameter LicenseID to value 2663665
Academic license 2663665 - for non-commercial use only - registered to tu___@vnu.edu.vn
Set parameter OutputFlag to value 1
Set parameter Threads to value 1
Set parameter Seed to value 0
Set parameter MIPGap to value 0
Set parameter MIPGapAbs to value 0
Set parameter TimeLimit to value 7.1996220707679995e+03
Gurobi Optimizer version 13.0.2 build v13.0.2rc1 (linux64 - "Ubuntu 22.04.5 LTS")

CPU model: INTEL(R) XEON(R) PLATINUM 8581C CPU @ 2.30GHz, instruction set [SSE2|AVX|AVX2|AVX512]
Thread count: 4 physical cores, 8 logical processors, using up to 1 threads

Non-default parameters:
TimeLimit  7.1996220707679995e+03
MIPGap  0
MIPGapAbs  0
Threads  1

Academic license 2663665 - for non-commercial use only - registered to tu___@vnu.edu.vn
Optimize a model with 4909 rows, 4202 columns and 23938 nonzeros (Min)
Model fingerprint: 0x05ffe1e6
Model has 1 linear objective coefficients
Variable types: 0 continuous, 4202 integer (4140 binary)
Coefficient statistics:
  Matrix range     [1e+00, 1e+00]
  Objective range  [1e+00, 1e+00]
  Bounds range     [1e+00, 7e+00]
  RHS range        [1e+00, 3e+01]

Presolve removed 3442 rows and 1383 columns
Presolve time: 0.03s
Presolved: 1467 rows, 2819 columns, 11232 nonzeros
Variable types: 0 continuous, 2819 integer (2791 binary)

Root relaxation: objective 0.000000e+00, 3486 iterations, 0.18 seconds (0.27 work units)

    Nodes    |    Current Node    |     Objective Bounds      |     Work
 Expl Unexpl |  Obj  Depth IntInf | Incumbent    BestBd   Gap | It/Node Time

     0     0    0.00000    0  517          -    0.00000      -     -    0s
H    0     0                       4.0000000    0.00000   100%     -    0s
     0     0    0.00000    0  653    4.00000    0.00000   100%     -    0s
H    0     0                       3.0000000    0.00000   100%     -    0s
     0     0    0.00000    0  683    3.00000    0.00000   100%     -    0s
     0     0    0.00000    0  650    3.00000    0.00000   100%     -    0s
     0     0    0.00000    0  257    3.00000    0.00000   100%     -    1s
     0     0    0.00000    0  269    3.00000    0.00000   100%     -    1s
     0     0    0.00000    0  585    3.00000    0.00000   100%     -    1s
     0     0    0.00000    0  250    3.00000    0.00000   100%     -    1s
H    0     0                       2.0000000    0.00000   100%     -    1s
     0     0    0.00000    0  408    2.00000    0.00000   100%     -    2s
     0     0    0.00000    0  242    2.00000    0.00000   100%     -    2s
     0     0    0.00000    0  274    2.00000    0.00000   100%     -    2s
     0     0    0.00000    0  511    2.00000    0.00000   100%     -    2s
     0     0    0.00000    0  229    2.00000    0.00000   100%     -    2s
     0     0    0.00000    0  236    2.00000    0.00000   100%     -    2s
     0     0    0.00000    0  554    2.00000    0.00000   100%     -    3s
     0     0    0.00000    0  222    2.00000    0.00000   100%     -    3s
     0     0    0.00000    0  222    2.00000    0.00000   100%     -    3s
     0     0    0.00000    0  222    2.00000    0.00000   100%     -    3s
H    0     0                       1.0000000    0.00000   100%     -    4s
     0     2    0.00000    0  222    1.00000    0.00000   100%     -    4s
     7     9    0.00000    5  523    1.00000    0.00000   100%   720    5s
    39    41    0.00000   26  492    1.00000    0.00000   100%   746   10s
   157   157    0.00000  101  457    1.00000    0.00000   100%   642   17s
   258   254    0.00000   47  388    1.00000    0.00000   100%   586   20s
   271   265    0.00000   13  521    1.00000    0.00000   100%   771   27s
   288   276    0.00000   22  520    1.00000    0.00000   100%   793   30s
   368   330    0.00000   62  450    1.00000    0.00000   100%   775   35s
   539   444    0.00000  147  151    1.00000    0.00000   100%   673   40s
   827   411    0.00000  157   90    1.00000    0.00000   100%   561   45s
  1249   351    0.00000  157  180    1.00000    0.00000   100%   480   50s
  1657   382 infeasible  164         1.00000    0.00000   100%   430   55s
  1874   467    0.00000  150  247    1.00000    0.00000   100%   418   60s
  2111   530 infeasible  160         1.00000    0.00000   100%   401   65s
  2816   680    0.00000  159  232    1.00000    0.00000   100%   362   70s
H 3109     0                       0.0000000    0.00000  0.00%   351   73s

Cutting planes:
  Clique: 7
  Zero half: 13
  RLT: 2

Explored 3110 nodes (1150000 simplex iterations) in 73.86 seconds (103.11 work units)
Thread count was 1 (of 8 available processors)

Solution count 5: 0 1 2 ... 4

Optimal solution found (tolerance 0.00e+00)
Best objective 0.000000000000e+00, best bound 0.000000000000e+00, gap 0.0000%
    SAT | IdleRange(P*)=0 | time=73.988066s | config=R-DC-IRP-GRB-MIP
    Excel: /home/dclng566/projects/Business-Meeting-Scheduling-Problem/output/gurobi/table03_excel/tic-14crafa.original.xlsx
Instance forum-13crafb.original: 1 run(s)
[10/20] forum-13crafb.original | reduced | gurobi_mip | P=native_linear | G=distance_closure | n/a
Set parameter WLSAccessID
Set parameter WLSSecret
Set parameter LicenseID to value 2663665
Academic license 2663665 - for non-commercial use only - registered to tu___@vnu.edu.vn
Set parameter OutputFlag to value 1
Set parameter Threads to value 1
Set parameter Seed to value 0
Set parameter MIPGap to value 0
Set parameter MIPGapAbs to value 0
Set parameter TimeLimit to value 7199.518207463
Gurobi Optimizer version 13.0.2 build v13.0.2rc1 (linux64 - "Ubuntu 22.04.5 LTS")

CPU model: INTEL(R) XEON(R) PLATINUM 8581C CPU @ 2.30GHz, instruction set [SSE2|AVX|AVX2|AVX512]
Thread count: 4 physical cores, 8 logical processors, using up to 1 threads

Non-default parameters:
TimeLimit  7199.518207463
MIPGap  0
MIPGapAbs  0
Threads  1

Academic license 2663665 - for non-commercial use only - registered to tu___@vnu.edu.vn
Optimize a model with 9601 rows, 6900 columns and 38645 nonzeros (Min)
Model fingerprint: 0xc85934a7
Model has 1 linear objective coefficients
Variable types: 0 continuous, 6900 integer (6841 binary)
Coefficient statistics:
  Matrix range     [1e+00, 1e+00]
  Objective range  [1e+00, 1e+00]
  Bounds range     [1e+00, 2e+01]
  RHS range        [1e+00, 4e+01]

Presolve removed 1633 rows and 391 columns
Presolve time: 0.05s
Presolved: 7968 rows, 6509 columns, 31248 nonzeros
Variable types: 0 continuous, 6509 integer (6454 binary)
Found heuristic solution: objective 14.0000000

Root relaxation: objective 0.000000e+00, 13867 iterations, 1.76 seconds (2.85 work units)

    Nodes    |    Current Node    |     Objective Bounds      |     Work
 Expl Unexpl |  Obj  Depth IntInf | Incumbent    BestBd   Gap | It/Node Time

     0     0    0.00000    0 3224   14.00000    0.00000   100%     -    3s
     0     0    1.00000    0 1902   14.00000    1.00000  92.9%     -    6s
H    0     0                      13.0000000    1.00000  92.3%     -    6s
     0     0    1.00000    0 1902   13.00000    1.00000  92.3%     -    6s
     0     0    1.00000    0 1586   13.00000    1.00000  92.3%     -    8s
H    0     0                      12.0000000    1.00000  91.7%     -    8s
H    0     0                      11.0000000    1.00000  90.9%     -    8s
     0     0    1.00000    0 1740   11.00000    1.00000  90.9%     -    9s
H    0     0                      10.0000000    1.00000  90.0%     -    9s
     0     0    1.00000    0 1631   10.00000    1.00000  90.0%     -    9s
     0     0    1.00000    0 1601   10.00000    1.00000  90.0%     -   10s
     0     0    1.00000    0 1170   10.00000    1.00000  90.0%     -   13s
H    0     0                       9.0000000    1.00000  88.9%     -   13s
     0     0    1.00000    0 1115    9.00000    1.00000  88.9%     -   13s
     0     0    1.00000    0 1150    9.00000    1.00000  88.9%     -   14s
     0     0    1.00000    0  963    9.00000    1.00000  88.9%     -   16s
H    0     0                       8.0000000    1.00000  87.5%     -   16s
H    0     0                       5.0000000    1.00000  80.0%     -   16s
     0     0    1.00000    0  888    5.00000    1.00000  80.0%     -   16s
     0     0    1.00000    0  873    5.00000    1.00000  80.0%     -   16s
     0     0    1.00000    0 1002    5.00000    1.00000  80.0%     -   16s
     0     0    1.00000    0  993    5.00000    1.00000  80.0%     -   16s
     0     0    1.00000    0  626    5.00000    1.00000  80.0%     -   18s
H    0     0                       4.0000000    1.00000  75.0%     -   18s
     0     0    1.00000    0  791    4.00000    1.00000  75.0%     -   19s
     0     0    1.00000    0  980    4.00000    1.00000  75.0%     -   19s
     0     0    1.00000    0  827    4.00000    1.00000  75.0%     -   20s
     0     0    1.00000    0  801    4.00000    1.00000  75.0%     -   20s
     0     0    1.00000    0  829    4.00000    1.00000  75.0%     -   20s
     0     0    1.00000    0  692    4.00000    1.00000  75.0%     -   22s
     0     0    1.00000    0  709    4.00000    1.00000  75.0%     -   22s
     0     0    1.00000    0  744    4.00000    1.00000  75.0%     -   22s
     0     0    1.00000    0  741    4.00000    1.00000  75.0%     -   22s
     0     0    1.00000    0  741    4.00000    1.00000  75.0%     -   23s
     0     0    1.00000    0  738    4.00000    1.00000  75.0%     -   23s
     0     0    1.00000    0  738    4.00000    1.00000  75.0%     -   24s
     0     0    1.00000    0 1469    4.00000    1.00000  75.0%     -   27s
     0     0    1.00000    0 1460    4.00000    1.00000  75.0%     -   28s
     0     0    1.00000    0 1448    4.00000    1.00000  75.0%     -   28s
     0     0    1.00000    0 1491    4.00000    1.00000  75.0%     -   29s
     0     0    1.00000    0 1111    4.00000    1.00000  75.0%     -   31s
     0     0    1.00000    0 1074    4.00000    1.00000  75.0%     -   31s
     0     0    1.00000    0 1069    4.00000    1.00000  75.0%     -   31s
     0     0    1.00000    0  843    4.00000    1.00000  75.0%     -   32s
     0     0    1.00000    0  837    4.00000    1.00000  75.0%     -   32s
     0     0    1.00000    0  905    4.00000    1.00000  75.0%     -   33s
     0     0    1.00000    0  701    4.00000    1.00000  75.0%     -   33s
     0     0    1.00000    0  690    4.00000    1.00000  75.0%     -   33s
     0     0    1.00000    0  968    4.00000    1.00000  75.0%     -   34s
     0     0    1.00000    0  901    4.00000    1.00000  75.0%     -   35s
     0     0    1.00000    0  804    4.00000    1.00000  75.0%     -   35s
     0     0    1.00000    0  920    4.00000    1.00000  75.0%     -   36s
     0     0    1.00000    0  698    4.00000    1.00000  75.0%     -   37s
     0     0    1.00000    0  698    4.00000    1.00000  75.0%     -   37s
     0     0    1.00000    0  487    4.00000    1.00000  75.0%     -   38s
     0     2    1.00000    0  487    4.00000    1.00000  75.0%     -   39s
H    2     2                       3.0000000    1.00000  66.7%   112   39s
     3     5    1.00000    2  623    3.00000    1.00000  66.7%   841   40s
H    9     9                       2.0000000    1.00000  50.0%   494   41s
    57    50    1.00000   36  504    2.00000    1.00000  50.0%   484   45s
   118    86    1.00000   25  695    2.00000    1.00000  50.0%   459   50s

Cutting planes:
  Gomory: 9
  Cover: 12
  Implied bound: 16
  Clique: 111
  MIR: 24
  GUB cover: 1
  Inf proof: 1
  Zero half: 59
  RLT: 59
  Relax-and-lift: 44
  BQP: 25

Explored 255 nodes (396540 simplex iterations) in 54.04 seconds (80.60 work units)
Thread count was 1 (of 8 available processors)

Solution count 10: 2 3 4 ... 13

Optimal solution found (tolerance 0.00e+00)
Best objective 2.000000000000e+00, best bound 2.000000000000e+00, gap 0.0000%
    SAT | IdleRange(P*)=2 | time=54.275449s | config=R-DC-IRP-GRB-MIP
    Excel: /home/dclng566/projects/Business-Meeting-Scheduling-Problem/output/gurobi/table03_excel/forum-13crafb.original.xlsx
Instance ticf-13crafc.original: 1 run(s)
[11/20] ticf-13crafc.original | reduced | gurobi_mip | P=native_linear | G=distance_closure | n/a
Set parameter WLSAccessID
Set parameter WLSSecret
Set parameter LicenseID to value 2663665
Academic license 2663665 - for non-commercial use only - registered to tu___@vnu.edu.vn
Set parameter OutputFlag to value 1
Set parameter Threads to value 1
Set parameter Seed to value 0
Set parameter MIPGap to value 0
Set parameter MIPGapAbs to value 0
Set parameter TimeLimit to value 7199.597266571
Gurobi Optimizer version 13.0.2 build v13.0.2rc1 (linux64 - "Ubuntu 22.04.5 LTS")

CPU model: INTEL(R) XEON(R) PLATINUM 8581C CPU @ 2.30GHz, instruction set [SSE2|AVX|AVX2|AVX512]
Thread count: 4 physical cores, 8 logical processors, using up to 1 threads

Non-default parameters:
TimeLimit  7199.597266571
MIPGap  0
MIPGapAbs  0
Threads  1

Academic license 2663665 - for non-commercial use only - registered to tu___@vnu.edu.vn
Optimize a model with 9110 rows, 6073 columns and 33559 nonzeros (Min)
Model fingerprint: 0x3495ee2e
Model has 1 linear objective coefficients
Variable types: 0 continuous, 6073 integer (6012 binary)
Coefficient statistics:
  Matrix range     [1e+00, 1e+00]
  Objective range  [1e+00, 1e+00]
  Bounds range     [1e+00, 2e+01]
  RHS range        [1e+00, 4e+01]

Presolve removed 1607 rows and 544 columns
Presolve time: 0.04s
Presolved: 7503 rows, 5529 columns, 26968 nonzeros
Variable types: 0 continuous, 5529 integer (5469 binary)
Found heuristic solution: objective 15.0000000

Root relaxation: objective 0.000000e+00, 12356 iterations, 1.38 seconds (2.17 work units)

    Nodes    |    Current Node    |     Objective Bounds      |     Work
 Expl Unexpl |  Obj  Depth IntInf | Incumbent    BestBd   Gap | It/Node Time

     0     0    0.00000    0 2129   15.00000    0.00000   100%     -    2s
     0     0    0.00000    0 1847   15.00000    0.00000   100%     -    2s
H    0     0                      14.0000000    0.00000   100%     -    2s
     0     0    0.00000    0 1847   14.00000    0.00000   100%     -    2s
     0     0    0.00000    0 1368   14.00000    0.00000   100%     -    4s
H    0     0                      12.0000000    0.00000   100%     -    4s
H    0     0                      10.0000000    0.00000   100%     -    4s
     0     0    0.00000    0 1215   10.00000    0.00000   100%     -    4s
     0     0    0.00000    0 1156   10.00000    0.00000   100%     -    4s
     0     0    0.00000    0 1333   10.00000    0.00000   100%     -    5s
     0     0    0.00000    0  834   10.00000    0.00000   100%     -    6s
H    0     0                       9.0000000    0.00000   100%     -    6s
H    0     0                       8.0000000    0.00000   100%     -    6s
     0     0    0.00000    0  916    8.00000    0.00000   100%     -    6s
     0     0    0.00000    0  972    8.00000    0.00000   100%     -    6s
     0     0    0.00000    0  843    8.00000    0.00000   100%     -    7s
H    0     0                       7.0000000    0.00000   100%     -    7s
H    0     0                       6.0000000    0.00000   100%     -    7s
     0     0    0.00000    0  795    6.00000    0.00000   100%     -    7s
     0     0    0.00000    0  762    6.00000    0.00000   100%     -    7s
     0     0    0.00000    0  683    6.00000    0.00000   100%     -    8s
H    0     0                       5.0000000    0.00000   100%     -    8s
     0     0    0.00000    0  641    5.00000    0.00000   100%     -    8s
     0     0    0.00000    0  716    5.00000    0.00000   100%     -    9s
     0     0    0.00000    0  488    5.00000    0.00000   100%     -    9s
H    0     0                       4.0000000    0.00000   100%     -    9s
     0     0    0.00000    0  509    4.00000    0.00000   100%     -    9s
     0     0    0.00000    0  686    4.00000    0.00000   100%     -    9s
     0     0    0.00000    0  445    4.00000    0.00000   100%     -   10s
     0     0    0.00000    0  436    4.00000    0.00000   100%     -   10s
     0     0    0.00000    0  436    4.00000    0.00000   100%     -   11s
H    0     0                       3.0000000    0.00000   100%     -   11s
     0     2    0.00000    0  431    3.00000    0.00000   100%     -   12s
H    1     1                       2.0000000    0.00000   100%   0.0   12s
H    2     2                       1.0000000    0.00000   100%   236   12s
H    4     4                       0.0000000    0.00000  0.00%   400   12s

Cutting planes:
  Gomory: 3
  Cover: 1
  Implied bound: 52
  Clique: 70
  MIR: 8
  Flow cover: 31
  Zero half: 55
  RLT: 117
  Relax-and-lift: 148
  BQP: 39
  PSD: 1

Explored 5 nodes (115249 simplex iterations) in 12.54 seconds (18.97 work units)
Thread count was 1 (of 8 available processors)

Solution count 10: 0 1 2 ... 9

Optimal solution found (tolerance 0.00e+00)
Best objective 0.000000000000e+00, best bound 0.000000000000e+00, gap 0.0000%
    SAT | IdleRange(P*)=0 | time=12.700204s | config=R-DC-IRP-GRB-MIP
    Excel: /home/dclng566/projects/Business-Meeting-Scheduling-Problem/output/gurobi/table03_excel/ticf-13crafc.original.xlsx
Instance ticf-13crafb.original: 1 run(s)
[12/20] ticf-13crafb.original | reduced | gurobi_mip | P=native_linear | G=distance_closure | n/a
Set parameter WLSAccessID
Set parameter WLSSecret
Set parameter LicenseID to value 2663665
Academic license 2663665 - for non-commercial use only - registered to tu___@vnu.edu.vn
Set parameter OutputFlag to value 1
Set parameter Threads to value 1
Set parameter Seed to value 0
Set parameter MIPGap to value 0
Set parameter MIPGapAbs to value 0
Set parameter TimeLimit to value 7199.512394641
Gurobi Optimizer version 13.0.2 build v13.0.2rc1 (linux64 - "Ubuntu 22.04.5 LTS")

CPU model: INTEL(R) XEON(R) PLATINUM 8581C CPU @ 2.30GHz, instruction set [SSE2|AVX|AVX2|AVX512]
Thread count: 4 physical cores, 8 logical processors, using up to 1 threads

Non-default parameters:
TimeLimit  7199.512394641
MIPGap  0
MIPGapAbs  0
Threads  1

Academic license 2663665 - for non-commercial use only - registered to tu___@vnu.edu.vn
Optimize a model with 9738 rows, 7001 columns and 39353 nonzeros (Min)
Model fingerprint: 0xd2e501de
Model has 1 linear objective coefficients
Variable types: 0 continuous, 7001 integer (6942 binary)
Coefficient statistics:
  Matrix range     [1e+00, 1e+00]
  Objective range  [1e+00, 1e+00]
  Bounds range     [1e+00, 2e+01]
  RHS range        [1e+00, 4e+01]

Presolve removed 1610 rows and 346 columns
Presolve time: 0.05s
Presolved: 8128 rows, 6655 columns, 31942 nonzeros
Variable types: 0 continuous, 6655 integer (6600 binary)
Found heuristic solution: objective 14.0000000

Root relaxation: objective 0.000000e+00, 16182 iterations, 2.28 seconds (3.66 work units)

    Nodes    |    Current Node    |     Objective Bounds      |     Work
 Expl Unexpl |  Obj  Depth IntInf | Incumbent    BestBd   Gap | It/Node Time

     0     0    0.00000    0 3408   14.00000    0.00000   100%     -    3s
     0     0    0.17647    0 2446   14.00000    0.17647  98.7%     -    9s
     0     0    0.17647    0 2446   14.00000    0.17647  98.7%     -    9s
     0     0    0.17647    0 2148   14.00000    0.17647  98.7%     -   12s
     0     0    1.00000    0 1745   14.00000    1.00000  92.9%     -   13s
H    0     0                      13.0000000    1.00000  92.3%     -   13s
H    0     0                      11.0000000    1.00000  90.9%     -   13s
     0     0    1.00000    0 1556   11.00000    1.00000  90.9%     -   13s
     0     0    1.00000    0 1529   11.00000    1.00000  90.9%     -   14s
     0     0    1.00000    0 1463   11.00000    1.00000  90.9%     -   14s
     0     0    1.00000    0 1516   11.00000    1.00000  90.9%     -   14s
     0     0    1.00000    0  944   11.00000    1.00000  90.9%     -   16s
H    0     0                      10.0000000    1.00000  90.0%     -   16s
H    0     0                       7.0000000    1.00000  85.7%     -   16s
     0     0    1.00000    0  927    7.00000    1.00000  85.7%     -   17s
     0     0    1.00000    0  926    7.00000    1.00000  85.7%     -   17s
     0     0    1.00000    0 1052    7.00000    1.00000  85.7%     -   17s
     0     0    1.00000    0  906    7.00000    1.00000  85.7%     -   18s
H    0     0                       6.0000000    1.00000  83.3%     -   18s
H    0     0                       5.0000000    1.00000  80.0%     -   18s
     0     0    1.00000    0  837    5.00000    1.00000  80.0%     -   18s
     0     0    1.00000    0  895    5.00000    1.00000  80.0%     -   19s
     0     0    1.00000    0  882    5.00000    1.00000  80.0%     -   19s
     0     0    1.00000    0  657    5.00000    1.00000  80.0%     -   20s
H    0     0                       4.0000000    1.00000  75.0%     -   20s
     0     0    1.00000    0  637    4.00000    1.00000  75.0%     -   20s
     0     0    1.00000    0  719    4.00000    1.00000  75.0%     -   20s
     0     0    1.00000    0  570    4.00000    1.00000  75.0%     -   21s
     0     0    1.00000    0  665    4.00000    1.00000  75.0%     -   21s
     0     0    1.00000    0  824    4.00000    1.00000  75.0%     -   21s
     0     0    1.00000    0  675    4.00000    1.00000  75.0%     -   23s
     0     0    1.00000    0  675    4.00000    1.00000  75.0%     -   23s
     0     0    1.00000    0  611    4.00000    1.00000  75.0%     -   23s
     0     0    1.00000    0 1362    4.00000    1.00000  75.0%     -   26s
     0     0    1.00000    0 1360    4.00000    1.00000  75.0%     -   26s
     0     0    1.00000    0 1320    4.00000    1.00000  75.0%     -   27s
     0     0    1.00000    0 1323    4.00000    1.00000  75.0%     -   27s
     0     0    1.00000    0  955    4.00000    1.00000  75.0%     -   28s
     0     0    1.00000    0  903    4.00000    1.00000  75.0%     -   28s
     0     0    1.00000    0  947    4.00000    1.00000  75.0%     -   29s
     0     0    1.00000    0  823    4.00000    1.00000  75.0%     -   30s
     0     0    1.00000    0  816    4.00000    1.00000  75.0%     -   30s
     0     0    1.00000    0  872    4.00000    1.00000  75.0%     -   30s
     0     0    1.00000    0  598    4.00000    1.00000  75.0%     -   31s
     0     0    1.00000    0  625    4.00000    1.00000  75.0%     -   31s
     0     0    1.00000    0  839    4.00000    1.00000  75.0%     -   31s
     0     0    1.00000    0  823    4.00000    1.00000  75.0%     -   32s
     0     0    1.00000    0  850    4.00000    1.00000  75.0%     -   32s
     0     0    1.00000    0  943    4.00000    1.00000  75.0%     -   32s
     0     0    1.00000    0  811    4.00000    1.00000  75.0%     -   33s
     0     0    1.00000    0  793    4.00000    1.00000  75.0%     -   33s
     0     0    1.00000    0  830    4.00000    1.00000  75.0%     -   34s
     0     0    1.00000    0  717    4.00000    1.00000  75.0%     -   35s
     0     0    1.00000    0  717    4.00000    1.00000  75.0%     -   35s
     0     0    1.00000    0  717    4.00000    1.00000  75.0%     -   35s
     0     2    1.00000    0  693    4.00000    1.00000  75.0%     -   36s
H    6     6                       3.0000000    1.00000  66.7%   475   37s
H    7     7                       2.0000000    1.00000  50.0%   490   38s
    28    29    1.00000   15  755    2.00000    1.00000  50.0%   587   40s
    65    48 infeasible    9         2.00000    1.00000  50.0%   604   45s

Cutting planes:
  Gomory: 1
  Cover: 8
  Implied bound: 19
  Clique: 78
  MIR: 19
  Flow cover: 1
  GUB cover: 1
  Inf proof: 4
  Zero half: 78
  RLT: 60
  Relax-and-lift: 78
  BQP: 14
  PSD: 3

Explored 192 nodes (342002 simplex iterations) in 49.75 seconds (74.58 work units)
Thread count was 1 (of 8 available processors)

Solution count 10: 2 3 4 ... 14

Optimal solution found (tolerance 0.00e+00)
Best objective 2.000000000000e+00, best bound 2.000000000000e+00, gap 0.0000%
    SAT | IdleRange(P*)=2 | time=49.992801s | config=R-DC-IRP-GRB-MIP
    Excel: /home/dclng566/projects/Business-Meeting-Scheduling-Problem/output/gurobi/table03_excel/ticf-13crafb.original.xlsx
Instance ticf-14crafa.original: 1 run(s)
[13/20] ticf-14crafa.original | reduced | gurobi_mip | P=native_linear | G=distance_closure | n/a
Set parameter WLSAccessID
Set parameter WLSSecret
Set parameter LicenseID to value 2663665
Academic license 2663665 - for non-commercial use only - registered to tu___@vnu.edu.vn
Set parameter OutputFlag to value 1
Set parameter Threads to value 1
Set parameter Seed to value 0
Set parameter MIPGap to value 0
Set parameter MIPGapAbs to value 0
Set parameter TimeLimit to value 7198.73097892
Gurobi Optimizer version 13.0.2 build v13.0.2rc1 (linux64 - "Ubuntu 22.04.5 LTS")

CPU model: INTEL(R) XEON(R) PLATINUM 8581C CPU @ 2.30GHz, instruction set [SSE2|AVX|AVX2|AVX512]
Thread count: 4 physical cores, 8 logical processors, using up to 1 threads

Non-default parameters:
TimeLimit  7198.73097892
MIPGap  0
MIPGapAbs  0
Threads  1

Academic license 2663665 - for non-commercial use only - registered to tu___@vnu.edu.vn
Optimize a model with 12689 rows, 10709 columns and 61509 nonzeros (Min)
Model fingerprint: 0xa00c7616
Model has 1 linear objective coefficients
Variable types: 0 continuous, 10709 integer (10634 binary)
Coefficient statistics:
  Matrix range     [1e+00, 1e+00]
  Objective range  [1e+00, 1e+00]
  Bounds range     [1e+00, 2e+01]
  RHS range        [1e+00, 4e+01]

Presolve removed 2064 rows and 367 columns
Presolve time: 0.06s
Presolved: 10625 rows, 10342 columns, 48180 nonzeros
Variable types: 0 continuous, 10342 integer (10271 binary)

Root simplex log...

Iteration    Objective       Primal Inf.    Dual Inf.      Time
   21830    0.0000000e+00   0.000000e+00   0.000000e+00      5s

Root relaxation: objective 0.000000e+00, 21830 iterations, 4.92 seconds (7.82 work units)

    Nodes    |    Current Node    |     Objective Bounds      |     Work
 Expl Unexpl |  Obj  Depth IntInf | Incumbent    BestBd   Gap | It/Node Time

     0     0    0.00000    0 4538          -    0.00000      -     -    8s
     0     0    0.00000    0 3329          -    0.00000      -     -   17s
H    0     0                      17.0000000    0.00000   100%     -   17s
H    0     0                      16.0000000    0.00000   100%     -   17s
H    0     0                      15.0000000    0.00000   100%     -   17s
H    0     0                      13.0000000    0.00000   100%     -   17s
     0     0    0.00000    0 3329   13.00000    0.00000   100%     -   17s
     0     0    0.00000    0 2719   13.00000    0.00000   100%     -   24s
H    0     0                      12.0000000    0.00000   100%     -   24s
H    0     0                      11.0000000    0.00000   100%     -   24s
     0     0    0.00000    0 2521   11.00000    0.00000   100%     -   27s
H    0     0                       9.0000000    0.00000   100%     -   27s
H    0     0                       8.0000000    0.00000   100%     -   27s
     0     0    0.00000    0 2453    8.00000    0.00000   100%     -   27s
     0     0    0.00000    0 2211    8.00000    0.00000   100%     -   29s
     0     0    0.00000    0 1870    8.00000    0.00000   100%     -   39s
     0     0    0.00000    0 1834    8.00000    0.00000   100%     -   39s
     0     0    0.00000    0 1815    8.00000    0.00000   100%     -   41s
     0     0    0.00000    0 1545    8.00000    0.00000   100%     -   47s
H    0     0                       7.0000000    0.00000   100%     -   47s
     0     0    0.00000    0 1500    7.00000    0.00000   100%     -   48s
     0     0    0.00000    0 1459    7.00000    0.00000   100%     -   49s
     0     0    0.00000    0 1205    7.00000    0.00000   100%     -   57s
     0     0    0.00000    0 1267    7.00000    0.00000   100%     -   57s
     0     0    0.00000    0 1280    7.00000    0.00000   100%     -   59s
     0     0    0.00000    0 1280    7.00000    0.00000   100%     -   64s
H    0     0                       6.0000000    0.00000   100%     -   64s
     0     0    0.00000    0 1368    6.00000    0.00000   100%     -   64s
     0     0    0.00000    0 1380    6.00000    0.00000   100%     -   65s
     0     0    0.00000    0 1172    6.00000    0.00000   100%     -   73s
     0     0    0.00000    0 1172    6.00000    0.00000   100%     -   73s
     0     0    0.00000    0  989    6.00000    0.00000   100%     -   79s
H    0     0                       5.0000000    0.00000   100%     -   81s
H    0     0                       4.0000000    0.00000   100%     -   81s
H    0     0                       3.0000000    0.00000   100%     -   82s
     0     2    0.00000    0  968    3.00000    0.00000   100%     -   86s
H    3     3                       1.0000000    0.00000   100%  2169   94s
     6     8    0.00000    3 1166    1.00000    0.00000   100%  2461   95s
    15    15    0.00000    8 1018    1.00000    0.00000   100%  2310  100s
    24    22    0.00000   13  951    1.00000    0.00000   100%  1996  118s
    25    23    0.00000   13 1051    1.00000    0.00000   100%  2210  120s
    28    26    0.00000   15 1030    1.00000    0.00000   100%  2211  147s
    32    30    0.00000   18 1003    1.00000    0.00000   100%  2262  150s
    37    35    0.00000   21 1037    1.00000    0.00000   100%  2128  169s
    39    35    0.00000   22 1106    1.00000    0.00000   100%  2224  170s
    58    46    0.00000   34  951    1.00000    0.00000   100%  1923  175s
    87    68    0.00000   53  946    1.00000    0.00000   100%  1754  180s
   119    92    0.00000   72  885    1.00000    0.00000   100%  1621  185s
   153   116    0.00000   95  856    1.00000    0.00000   100%  1529  190s
   219   172    0.00000  141  625    1.00000    0.00000   100%  1333  195s
   256   201    0.00000  120 3329    1.00000    0.00000   100%  1287  200s
   258   202    0.00000   16 1846    1.00000    0.00000   100%  1277  208s
   259   203    0.00000   46 1841    1.00000    0.00000   100%  1272  210s
   260   204    0.00000   10 1287    1.00000    0.00000   100%  1267  217s
   262   205    0.00000  153 1101    1.00000    0.00000   100%  1257  223s
   264   206    0.00000   47 1263    1.00000    0.00000   100%  1248  231s
   266   208    0.00000   20 1031    1.00000    0.00000   100%  1238  238s
   268   209    0.00000  144  988    1.00000    0.00000   100%  1229  242s
   270   210    0.00000  159  929    1.00000    0.00000   100%  1220  246s
   273   212    0.00000  156  877    1.00000    0.00000   100%  1206  250s
   276   214    0.00000   49  779    1.00000    0.00000   100%  1193  256s
   278   216    0.00000   93  972    1.00000    0.00000   100%  1185  263s
   279   216    0.00000  102  970    1.00000    0.00000   100%  1181  265s
   281   220    0.00000   13 1090    1.00000    0.00000   100%  2360  272s
   284   222    0.00000   14 1168    1.00000    0.00000   100%  2377  275s
   287   224    0.00000   16  891    1.00000    0.00000   100%  2403  302s
   291   226    0.00000   18  903    1.00000    0.00000   100%  2460  305s
   294   228    0.00000   19  851    1.00000    0.00000   100%  2474  321s
   298   231    0.00000   21  850    1.00000    0.00000   100%  2475  325s
   311   240    0.00000   28  792    1.00000    0.00000   100%  2489  330s
   327   250    0.00000   36  793    1.00000    0.00000   100%  2468  335s
   351   266    0.00000   48  698    1.00000    0.00000   100%  2403  340s
   379   285    0.00000   62  556    1.00000    0.00000   100%  2316  345s
   380   286    0.00000   62  615    1.00000    0.00000   100%  2314  367s
   395   296    0.00000   70  656    1.00000    0.00000   100%  2290  370s
   439   321    0.00000   92  583    1.00000    0.00000   100%  2162  375s
   498   358    0.00000  121  500    1.00000    0.00000   100%  1998  380s
   573   408    0.00000  159  434    1.00000    0.00000   100%  1820  385s
   643   407    0.00000  164  444    1.00000    0.00000   100%  1730  390s
   713   421    0.00000  189  100    1.00000    0.00000   100%  1647  395s
   859   395    0.00000  190   26    1.00000    0.00000   100%  1429  400s
  1035   396    0.00000  193   88    1.00000    0.00000   100%  1244  405s
  1202   402 infeasible  197         1.00000    0.00000   100%  1128  410s
  1419   425    0.00000  191   38    1.00000    0.00000   100%   994  415s
  1583   441    0.00000  191  131    1.00000    0.00000   100%   933  420s
  1745   438 infeasible  192         1.00000    0.00000   100%   886  425s
  1921   456    0.00000  189   42    1.00000    0.00000   100%   839  430s
  2091   486 infeasible  192         1.00000    0.00000   100%   809  435s
  2339   492    0.00000  187  131    1.00000    0.00000   100%   759  440s
  2541   515    0.00000  190  148    1.00000    0.00000   100%   729  445s
  2775   557 infeasible  193         1.00000    0.00000   100%   699  450s
  2958   585    0.00000  191   36    1.00000    0.00000   100%   683  455s
  3126   585 infeasible  195         1.00000    0.00000   100%   672  460s
  3386   593 infeasible  191         1.00000    0.00000   100%   648  465s
  3635   592    0.00000  193   76    1.00000    0.00000   100%   629  470s
  3837   610    0.00000  191  115    1.00000    0.00000   100%   618  475s
  4029   614 infeasible  190         1.00000    0.00000   100%   606  480s
  4276   617 infeasible  191         1.00000    0.00000   100%   591  485s
  4475   623 infeasible  197         1.00000    0.00000   100%   586  490s
  4720   636 infeasible  198         1.00000    0.00000   100%   572  495s
  4948   660    0.00000  195  177    1.00000    0.00000   100%   565  500s
  5166   674    0.00000  187  116    1.00000    0.00000   100%   556  505s
  5352   730    0.00000  189  198    1.00000    0.00000   100%   555  510s
  5546   767 infeasible  200         1.00000    0.00000   100%   551  515s
  5780   781    0.00000  195  151    1.00000    0.00000   100%   543  520s
  6027   824    0.00000  188   90    1.00000    0.00000   100%   536  525s
  6248   859    0.00000  191  224    1.00000    0.00000   100%   532  530s
  6551   860 infeasible  196         1.00000    0.00000   100%   523  535s
  6800   899    0.00000  194   44    1.00000    0.00000   100%   518  540s
  6961   904 infeasible  198         1.00000    0.00000   100%   514  545s
  7169   927 infeasible  200         1.00000    0.00000   100%   511  550s
  7383   949    0.00000  199   74    1.00000    0.00000   100%   508  555s
  7548   958    0.00000  194   20    1.00000    0.00000   100%   506  560s
  7764   944    0.00000  197  146    1.00000    0.00000   100%   503  565s
  7938   978 infeasible  193         1.00000    0.00000   100%   502  570s
  8037   987 infeasible  194         1.00000    0.00000   100%   502  575s
  8272  1014    0.00000  194   92    1.00000    0.00000   100%   499  580s
  8352  1020    0.00000  193  141    1.00000    0.00000   100%   498  621s
  8407  1037    0.00000  192  214    1.00000    0.00000   100%   499  627s
  8494  1062 infeasible  196         1.00000    0.00000   100%   499  630s
  8519  1061    0.00000  189  126    1.00000    0.00000   100%   499  637s
  8634  1066    0.00000  191   30    1.00000    0.00000   100%   498  640s
  8864  1076    0.00000  193   42    1.00000    0.00000   100%   496  645s
  9071  1121    0.00000  192  189    1.00000    0.00000   100%   495  650s
  9260  1122 infeasible  194         1.00000    0.00000   100%   495  655s
  9464  1124 infeasible  203         1.00000    0.00000   100%   495  660s
  9748  1170 infeasible  195         1.00000    0.00000   100%   490  665s
  9938  1180 infeasible  192         1.00000    0.00000   100%   489  670s
 10153  1179 infeasible  197         1.00000    0.00000   100%   488  675s
 10205  1201    0.00000  191 1903    1.00000    0.00000   100%   488  686s
 10208  1203    0.00000  160 1490    1.00000    0.00000   100%   487  696s
 10210  1205    0.00000  195 1313    1.00000    0.00000   100%   487  703s
 10212  1206    0.00000   28 1079    1.00000    0.00000   100%   487  709s
 10213  1207    0.00000  198 1057    1.00000    0.00000   100%   487  710s
 10216  1209    0.00000  196 1009    1.00000    0.00000   100%   487  719s
 10217  1209    0.00000   98 1068    1.00000    0.00000   100%   487  720s
 10220  1211    0.00000  192  865    1.00000    0.00000   100%   487  729s
 10222  1213    0.00000  188 1105    1.00000    0.00000   100%   487  734s
 10224  1214    0.00000  198  957    1.00000    0.00000   100%   487  739s
 10225  1215    0.00000  192  819    1.00000    0.00000   100%   487  743s
 10227  1218    0.00000   22 1184    1.00000    0.00000   100%   519  749s
 10228  1219    0.00000   22 1061    1.00000    0.00000   100%   520  750s
 10234  1223    0.00000   25  935    1.00000    0.00000   100%   523  755s
 10243  1229    0.00000   30  893    1.00000    0.00000   100%   526  760s
 10259  1239    0.00000   38  890    1.00000    0.00000   100%   528  765s
 10274  1249    0.00000   45  859    1.00000    0.00000   100%   531  770s
 10296  1264    0.00000   56  832    1.00000    0.00000   100%   533  775s
 10325  1282    0.00000   71  779    1.00000    0.00000   100%   535  780s
 10366  1310    0.00000   91  626    1.00000    0.00000   100%   537  785s
H10382  1109                       0.0000000    0.00000  0.00%   537  790s

Cutting planes:
  Implied bound: 6
  Clique: 133
  MIR: 1
  Flow cover: 1
  Zero half: 33
  RLT: 68
  Relax-and-lift: 19
  BQP: 5

Explored 10383 nodes (5934395 simplex iterations) in 790.37 seconds (1188.79 work units)
Thread count was 1 (of 8 available processors)

Solution count 10: 0 1 3 ... 11

Optimal solution found (tolerance 0.00e+00)
Best objective 0.000000000000e+00, best bound 0.000000000000e+00, gap 0.0000%
    SAT | IdleRange(P*)=0 | time=791.39795s | config=R-DC-IRP-GRB-MIP
    Excel: /home/dclng566/projects/Business-Meeting-Scheduling-Problem/output/gurobi/table03_excel/ticf-14crafa.original.xlsx
Instance ticf-13crafa.original: 1 run(s)
[14/20] ticf-13crafa.original | reduced | gurobi_mip | P=native_linear | G=distance_closure | n/a
Set parameter WLSAccessID
Set parameter WLSSecret
Set parameter LicenseID to value 2663665
Academic license 2663665 - for non-commercial use only - registered to tu___@vnu.edu.vn
Set parameter OutputFlag to value 1
Set parameter Threads to value 1
Set parameter Seed to value 0
Set parameter MIPGap to value 0
Set parameter MIPGapAbs to value 0
Set parameter TimeLimit to value 7199.592639327
Gurobi Optimizer version 13.0.2 build v13.0.2rc1 (linux64 - "Ubuntu 22.04.5 LTS")

CPU model: INTEL(R) XEON(R) PLATINUM 8581C CPU @ 2.30GHz, instruction set [SSE2|AVX|AVX2|AVX512]
Thread count: 4 physical cores, 8 logical processors, using up to 1 threads

Non-default parameters:
TimeLimit  7199.592639327
MIPGap  0
MIPGapAbs  0
Threads  1

Academic license 2663665 - for non-commercial use only - registered to tu___@vnu.edu.vn
Optimize a model with 9110 rows, 6073 columns and 33559 nonzeros (Min)
Model fingerprint: 0x41ee57f7
Model has 1 linear objective coefficients
Variable types: 0 continuous, 6073 integer (6012 binary)
Coefficient statistics:
  Matrix range     [1e+00, 1e+00]
  Objective range  [1e+00, 1e+00]
  Bounds range     [1e+00, 2e+01]
  RHS range        [1e+00, 4e+01]

Presolve removed 1607 rows and 544 columns
Presolve time: 0.04s
Presolved: 7503 rows, 5529 columns, 26968 nonzeros
Variable types: 0 continuous, 5529 integer (5469 binary)
Found heuristic solution: objective 13.0000000

Root relaxation: objective 0.000000e+00, 11707 iterations, 1.28 seconds (2.04 work units)

    Nodes    |    Current Node    |     Objective Bounds      |     Work
 Expl Unexpl |  Obj  Depth IntInf | Incumbent    BestBd   Gap | It/Node Time

     0     0    0.00000    0 2238   13.00000    0.00000   100%     -    1s
     0     0    0.00000    0 1618   13.00000    0.00000   100%     -    2s
H    0     0                      10.0000000    0.00000   100%     -    2s
H    0     0                       9.0000000    0.00000   100%     -    2s
     0     0    0.00000    0 1618    9.00000    0.00000   100%     -    2s
     0     0    0.00000    0  936    9.00000    0.00000   100%     -    3s
H    0     0                       8.0000000    0.00000   100%     -    3s
H    0     0                       7.0000000    0.00000   100%     -    3s
     0     0    0.00000    0  974    7.00000    0.00000   100%     -    4s
H    0     0                       6.0000000    0.00000   100%     -    4s
     0     0    0.00000    0  942    6.00000    0.00000   100%     -    4s
     0     0    0.00000    0 1153    6.00000    0.00000   100%     -    4s
     0     0    0.00000    0  784    6.00000    0.00000   100%     -    5s
H    0     0                       5.0000000    0.00000   100%     -    5s
H    0     0                       4.0000000    0.00000   100%     -    5s
     0     0    0.00000    0  694    4.00000    0.00000   100%     -    5s
     0     0    0.00000    0  806    4.00000    0.00000   100%     -    5s
     0     0    0.00000    0  783    4.00000    0.00000   100%     -    5s
     0     0    0.00000    0  774    4.00000    0.00000   100%     -    5s
     0     0    0.00000    0  610    4.00000    0.00000   100%     -    5s
     0     0    0.00000    0  632    4.00000    0.00000   100%     -    5s
     0     0    0.00000    0  629    4.00000    0.00000   100%     -    5s
     0     0    0.00000    0  686    4.00000    0.00000   100%     -    6s
     0     0    0.00000    0  231    4.00000    0.00000   100%     -    6s
H    0     0                       3.0000000    0.00000   100%     -    6s
     0     0    0.00000    0  212    3.00000    0.00000   100%     -    6s
     0     0    0.00000    0  373    3.00000    0.00000   100%     -    6s
     0     0    0.00000    0  325    3.00000    0.00000   100%     -    6s
     0     0    0.00000    0  106    3.00000    0.00000   100%     -    7s
H    0     0                       2.0000000    0.00000   100%     -    7s
H    0     0                       1.0000000    0.00000   100%     -    7s
H    0     0                       0.0000000    0.00000  0.00%     -    7s
     0     0    0.00000    0  106    0.00000    0.00000  0.00%     -    7s

Cutting planes:
  Gomory: 7
  Implied bound: 19
  Clique: 39
  MIR: 6
  Flow cover: 43
  Zero half: 54
  RLT: 38
  Relax-and-lift: 42
  BQP: 15
  PSD: 2

Explored 1 nodes (73401 simplex iterations) in 7.06 seconds (10.73 work units)
Thread count was 1 (of 8 available processors)

Solution count 10: 0 1 2 ... 9

Optimal solution found (tolerance 0.00e+00)
Best objective 0.000000000000e+00, best bound 0.000000000000e+00, gap 0.0000%
    SAT | IdleRange(P*)=0 | time=7.219165s | config=R-DC-IRP-GRB-MIP
    Excel: /home/dclng566/projects/Business-Meeting-Scheduling-Problem/output/gurobi/table03_excel/ticf-13crafa.original.xlsx
Instance forumt-14.original: 1 run(s)
[15/20] forumt-14.original | reduced | gurobi_mip | P=native_linear | G=distance_closure | n/a
Set parameter WLSAccessID
Set parameter WLSSecret
Set parameter LicenseID to value 2663665
Academic license 2663665 - for non-commercial use only - registered to tu___@vnu.edu.vn
Set parameter OutputFlag to value 1
Set parameter Threads to value 1
Set parameter Seed to value 0
Set parameter MIPGap to value 0
Set parameter MIPGapAbs to value 0
Set parameter TimeLimit to value 7199.627395337
Gurobi Optimizer version 13.0.2 build v13.0.2rc1 (linux64 - "Ubuntu 22.04.5 LTS")

CPU model: INTEL(R) XEON(R) PLATINUM 8581C CPU @ 2.30GHz, instruction set [SSE2|AVX|AVX2|AVX512]
Thread count: 4 physical cores, 8 logical processors, using up to 1 threads

Non-default parameters:
TimeLimit  7199.627395337
MIPGap  0
MIPGapAbs  0
Threads  1

Academic license 2663665 - for non-commercial use only - registered to tu___@vnu.edu.vn
Optimize a model with 4826 rows, 4094 columns and 23223 nonzeros (Min)
Model fingerprint: 0xfca76b3a
Model has 1 linear objective coefficients
Variable types: 0 continuous, 4094 integer (4032 binary)
Coefficient statistics:
  Matrix range     [1e+00, 1e+00]
  Objective range  [1e+00, 1e+00]
  Bounds range     [1e+00, 7e+00]
  RHS range        [1e+00, 3e+01]

Presolve removed 3409 rows and 1394 columns
Presolve time: 0.04s
Presolved: 1417 rows, 2700 columns, 10753 nonzeros
Variable types: 0 continuous, 2700 integer (2674 binary)

Root relaxation: objective 2.000000e+00, 3090 iterations, 0.14 seconds (0.20 work units)

    Nodes    |    Current Node    |     Objective Bounds      |     Work
 Expl Unexpl |  Obj  Depth IntInf | Incumbent    BestBd   Gap | It/Node Time

     0     0    2.00000    0  267          -    2.00000      -     -    0s
H    0     0                       4.0000000    2.00000  50.0%     -    0s
     0     0    2.00000    0  266    4.00000    2.00000  50.0%     -    0s
     0     0    2.00000    0  243    4.00000    2.00000  50.0%     -    0s
     0     0    2.00000    0  304    4.00000    2.00000  50.0%     -    0s
     0     0    2.00000    0   21    4.00000    2.00000  50.0%     -    0s
H    0     0                       3.0000000    2.00000  33.3%     -    0s
     0     0    2.00000    0   60    3.00000    2.00000  33.3%     -    0s
     0     0    2.00000    0  203    3.00000    2.00000  33.3%     -    0s
*    0     0               0       2.0000000    2.00000  0.00%     -    0s

Cutting planes:
  Gomory: 1
  Clique: 9
  MIR: 1
  Flow cover: 1
  GUB cover: 1
  Zero half: 4
  RLT: 6

Explored 1 nodes (14535 simplex iterations) in 0.89 seconds (1.14 work units)
Thread count was 1 (of 8 available processors)

Solution count 3: 2 3 4 

Optimal solution found (tolerance 0.00e+00)
Best objective 2.000000000000e+00, best bound 2.000000000000e+00, gap 0.0000%
    SAT | IdleRange(P*)=2 | time=1.01345s | config=R-DC-IRP-GRB-MIP
    Excel: /home/dclng566/projects/Business-Meeting-Scheduling-Problem/output/gurobi/table03_excel/forumt-14.original.xlsx
Instance tic-14crafd.original: 1 run(s)
[16/20] tic-14crafd.original | reduced | gurobi_mip | P=native_linear | G=distance_closure | n/a
Set parameter WLSAccessID
Set parameter WLSSecret
Set parameter LicenseID to value 2663665
Academic license 2663665 - for non-commercial use only - registered to tu___@vnu.edu.vn
Set parameter OutputFlag to value 1
Set parameter Threads to value 1
Set parameter Seed to value 0
Set parameter MIPGap to value 0
Set parameter MIPGapAbs to value 0
Set parameter TimeLimit to value 7199.620506399
Gurobi Optimizer version 13.0.2 build v13.0.2rc1 (linux64 - "Ubuntu 22.04.5 LTS")

CPU model: INTEL(R) XEON(R) PLATINUM 8581C CPU @ 2.30GHz, instruction set [SSE2|AVX|AVX2|AVX512]
Thread count: 4 physical cores, 8 logical processors, using up to 1 threads

Non-default parameters:
TimeLimit  7199.620506399
MIPGap  0
MIPGapAbs  0
Threads  1

Academic license 2663665 - for non-commercial use only - registered to tu___@vnu.edu.vn
Optimize a model with 4908 rows, 4192 columns and 23878 nonzeros (Min)
Model fingerprint: 0x991ad793
Model has 1 linear objective coefficients
Variable types: 0 continuous, 4192 integer (4130 binary)
Coefficient statistics:
  Matrix range     [1e+00, 1e+00]
  Objective range  [1e+00, 1e+00]
  Bounds range     [1e+00, 8e+00]
  RHS range        [1e+00, 2e+01]

Presolve removed 3424 rows and 1395 columns
Presolve time: 0.03s
Presolved: 1484 rows, 2797 columns, 11214 nonzeros
Variable types: 0 continuous, 2797 integer (2770 binary)

Root relaxation: objective 0.000000e+00, 3571 iterations, 0.19 seconds (0.28 work units)

    Nodes    |    Current Node    |     Objective Bounds      |     Work
 Expl Unexpl |  Obj  Depth IntInf | Incumbent    BestBd   Gap | It/Node Time

     0     0    0.00000    0  533          -    0.00000      -     -    0s
     0     0    0.00000    0  676          -    0.00000      -     -    0s
     0     0    0.00000    0  677          -    0.00000      -     -    0s
     0     0    0.00000    0  655          -    0.00000      -     -    0s
     0     0    0.00000    0  242          -    0.00000      -     -    1s
     0     0    0.00000    0  238          -    0.00000      -     -    1s
     0     0    0.00000    0  503          -    0.00000      -     -    1s
     0     0    0.00000    0  438          -    0.00000      -     -    2s
H    0     0                       6.0000000    0.00000   100%     -    2s
H    0     0                       4.0000000    0.00000   100%     -    2s
     0     0    0.00000    0  432    4.00000    0.00000   100%     -    2s
     0     0    0.00000    0  600    4.00000    0.00000   100%     -    2s
     0     0    0.00000    0  371    4.00000    0.00000   100%     -    2s
     0     0    0.00000    0  445    4.00000    0.00000   100%     -    3s
     0     0    0.00000    0  573    4.00000    0.00000   100%     -    3s
     0     0    0.00000    0   97    4.00000    0.00000   100%     -    3s
     0     0    0.00000    0  461    4.00000    0.00000   100%     -    3s
     0     0    0.00000    0  402    4.00000    0.00000   100%     -    3s
H    0     0                       0.0000000    0.00000  0.00%     -    4s
     0     0    0.00000    0  402    0.00000    0.00000  0.00%     -    4s

Cutting planes:
  Gomory: 2
  Cover: 1
  Clique: 23
  Flow cover: 5
  GUB cover: 3
  Zero half: 5
  RLT: 18
  Relax-and-lift: 1
  BQP: 3

Explored 1 nodes (54565 simplex iterations) in 4.16 seconds (6.34 work units)
Thread count was 1 (of 8 available processors)

Solution count 3: 0 4 6 

Optimal solution found (tolerance 0.00e+00)
Best objective 0.000000000000e+00, best bound 0.000000000000e+00, gap 0.0000%
    SAT | IdleRange(P*)=0 | time=4.295049s | config=R-DC-IRP-GRB-MIP
    Excel: /home/dclng566/projects/Business-Meeting-Scheduling-Problem/output/gurobi/table03_excel/tic-14crafd.original.xlsx
Instance tic-13.original: 1 run(s)
[17/20] tic-13.original | reduced | gurobi_mip | P=native_linear | G=distance_closure | n/a
Set parameter WLSAccessID
Set parameter WLSSecret
Set parameter LicenseID to value 2663665
Academic license 2663665 - for non-commercial use only - registered to tu___@vnu.edu.vn
Set parameter OutputFlag to value 1
Set parameter Threads to value 1
Set parameter Seed to value 0
Set parameter MIPGap to value 0
Set parameter MIPGapAbs to value 0
Set parameter TimeLimit to value 7199.654256854
Gurobi Optimizer version 13.0.2 build v13.0.2rc1 (linux64 - "Ubuntu 22.04.5 LTS")

CPU model: INTEL(R) XEON(R) PLATINUM 8581C CPU @ 2.30GHz, instruction set [SSE2|AVX|AVX2|AVX512]
Thread count: 4 physical cores, 8 logical processors, using up to 1 threads

Non-default parameters:
TimeLimit  7199.654256854
MIPGap  0
MIPGapAbs  0
Threads  1

Academic license 2663665 - for non-commercial use only - registered to tu___@vnu.edu.vn
Optimize a model with 3746 rows, 3198 columns and 18228 nonzeros (Min)
Model fingerprint: 0xaf090f28
Model has 1 linear objective coefficients
Variable types: 0 continuous, 3198 integer (3150 binary)
Coefficient statistics:
  Matrix range     [1e+00, 1e+00]
  Objective range  [1e+00, 1e+00]
  Bounds range     [1e+00, 6e+00]
  RHS range        [1e+00, 2e+01]

Presolve removed 2628 rows and 1026 columns
Presolve time: 0.02s
Presolved: 1118 rows, 2172 columns, 8525 nonzeros
Variable types: 0 continuous, 2172 integer (2147 binary)

Root relaxation: objective 0.000000e+00, 2869 iterations, 0.12 seconds (0.18 work units)

    Nodes    |    Current Node    |     Objective Bounds      |     Work
 Expl Unexpl |  Obj  Depth IntInf | Incumbent    BestBd   Gap | It/Node Time

     0     0    0.00000    0  438          -    0.00000      -     -    0s
     0     0    0.00000    0  566          -    0.00000      -     -    0s
H    0     0                       4.0000000    0.00000   100%     -    0s
     0     0    0.00000    0  513    4.00000    0.00000   100%     -    0s
     0     0    0.00000    0  212    4.00000    0.00000   100%     -    0s
     0     0    0.00000    0  383    4.00000    0.00000   100%     -    1s
     0     0    0.00000    0  153    4.00000    0.00000   100%     -    1s
     0     0    0.00000    0  466    4.00000    0.00000   100%     -    1s
     0     0    0.00000    0  164    4.00000    0.00000   100%     -    1s
H    0     0                       1.0000000    0.00000   100%     -    1s
     0     0    0.00000    0  332    1.00000    0.00000   100%     -    1s
     0     0    0.00000    0   30    1.00000    0.00000   100%     -    2s
     0     0    0.00000    0   42    1.00000    0.00000   100%     -    2s
     0     0    0.00000    0  170    1.00000    0.00000   100%     -    2s
     0     0    0.00000    0   32    1.00000    0.00000   100%     -    2s
     0     0    0.00000    0  249    1.00000    0.00000   100%     -    2s
     0     0    0.00000    0   14    1.00000    0.00000   100%     -    2s
     0     0    0.00000    0   87    1.00000    0.00000   100%     -    2s
     0     0    0.00000    0   44    1.00000    0.00000   100%     -    2s
     0     0    0.00000    0   44    1.00000    0.00000   100%     -    2s
     0     0    0.00000    0   44    1.00000    0.00000   100%     -    2s
     0     2    0.00000    0   44    1.00000    0.00000   100%     -    3s
     7     9    0.00000    5  453    1.00000    0.00000   100%   531    5s
   181   175    0.00000  117  207    1.00000    0.00000   100%   389   10s
H  271   240                       0.0000000    0.00000  0.00%   517   15s

Cutting planes:
  Gomory: 3
  Clique: 1
  Zero half: 3

Explored 272 nodes (195240 simplex iterations) in 15.64 seconds (22.25 work units)
Thread count was 1 (of 8 available processors)

Solution count 3: 0 1 4 

Optimal solution found (tolerance 0.00e+00)
Best objective 0.000000000000e+00, best bound 0.000000000000e+00, gap 0.0000%
    SAT | IdleRange(P*)=0 | time=15.743614s | config=R-DC-IRP-GRB-MIP
    Excel: /home/dclng566/projects/Business-Meeting-Scheduling-Problem/output/gurobi/table03_excel/tic-13.original.xlsx
Instance tic-13crafb.original: 1 run(s)
[18/20] tic-13crafb.original | reduced | gurobi_mip | P=native_linear | G=distance_closure | n/a
Set parameter WLSAccessID
Set parameter WLSSecret
Set parameter LicenseID to value 2663665
Academic license 2663665 - for non-commercial use only - registered to tu___@vnu.edu.vn
Set parameter OutputFlag to value 1
Set parameter Threads to value 1
Set parameter Seed to value 0
Set parameter MIPGap to value 0
Set parameter MIPGapAbs to value 0
Set parameter TimeLimit to value 7.1996486631370008e+03
Gurobi Optimizer version 13.0.2 build v13.0.2rc1 (linux64 - "Ubuntu 22.04.5 LTS")

CPU model: INTEL(R) XEON(R) PLATINUM 8581C CPU @ 2.30GHz, instruction set [SSE2|AVX|AVX2|AVX512]
Thread count: 4 physical cores, 8 logical processors, using up to 1 threads

Non-default parameters:
TimeLimit  7.1996486631370008e+03
MIPGap  0
MIPGapAbs  0
Threads  1

Academic license 2663665 - for non-commercial use only - registered to tu___@vnu.edu.vn
Optimize a model with 3671 rows, 3207 columns and 18283 nonzeros (Min)
Model fingerprint: 0x48d090c7
Model has 1 linear objective coefficients
Variable types: 0 continuous, 3207 integer (3160 binary)
Coefficient statistics:
  Matrix range     [1e+00, 1e+00]
  Objective range  [1e+00, 1e+00]
  Bounds range     [1e+00, 8e+00]
  RHS range        [1e+00, 2e+01]

Presolve removed 2649 rows and 1075 columns
Presolve time: 0.02s
Presolved: 1022 rows, 2132 columns, 8409 nonzeros
Variable types: 0 continuous, 2132 integer (2113 binary)
Found heuristic solution: objective 5.0000000
Found heuristic solution: objective 4.0000000

Root relaxation: objective 0.000000e+00, 2548 iterations, 0.10 seconds (0.15 work units)

    Nodes    |    Current Node    |     Objective Bounds      |     Work
 Expl Unexpl |  Obj  Depth IntInf | Incumbent    BestBd   Gap | It/Node Time

     0     0    0.00000    0  313    4.00000    0.00000   100%     -    0s
H    0     0                       3.0000000    0.00000   100%     -    0s
H    0     0                       2.0000000    0.00000   100%     -    0s
     0     0    0.00000    0  426    2.00000    0.00000   100%     -    0s
     0     0    0.00000    0  546    2.00000    0.00000   100%     -    0s
     0     0    0.00000    0  128    2.00000    0.00000   100%     -    0s
     0     0    0.00000    0  371    2.00000    0.00000   100%     -    0s
     0     0    0.00000    0  231    2.00000    0.00000   100%     -    1s
     0     0    0.00000    0  361    2.00000    0.00000   100%     -    1s
     0     0    0.00000    0  151    2.00000    0.00000   100%     -    1s
     0     0    0.00000    0  250    2.00000    0.00000   100%     -    1s
     0     0    0.00000    0  315    2.00000    0.00000   100%     -    1s
     0     0    0.00000    0  285    2.00000    0.00000   100%     -    1s
     0     0    0.00000    0  357    2.00000    0.00000   100%     -    1s
     0     0    0.00000    0  248    2.00000    0.00000   100%     -    1s
     0     0    0.00000    0  248    2.00000    0.00000   100%     -    1s
     0     0    0.00000    0   74    2.00000    0.00000   100%     -    2s
     0     2    0.00000    0   74    2.00000    0.00000   100%     -    2s
H    5     5                       1.0000000    0.00000   100%   508    2s
H   16     3                       0.0000000    0.00000  0.00%   560    3s

Cutting planes:
  Cover: 1
  Clique: 15
  MIR: 1
  Flow cover: 2
  GUB cover: 1
  Zero half: 1
  RLT: 6

Explored 17 nodes (54842 simplex iterations) in 3.40 seconds (4.93 work units)
Thread count was 1 (of 8 available processors)

Solution count 6: 0 1 2 ... 5

Optimal solution found (tolerance 0.00e+00)
Best objective 0.000000000000e+00, best bound 0.000000000000e+00, gap 0.0000%
    SAT | IdleRange(P*)=0 | time=3.503711s | config=R-DC-IRP-GRB-MIP
    Excel: /home/dclng566/projects/Business-Meeting-Scheduling-Problem/output/gurobi/table03_excel/tic-13crafb.original.xlsx
Instance tic-12.original: 1 run(s)
[19/20] tic-12.original | reduced | gurobi_mip | P=native_linear | G=distance_closure | n/a
Set parameter WLSAccessID
Set parameter WLSSecret
Set parameter LicenseID to value 2663665
Academic license 2663665 - for non-commercial use only - registered to tu___@vnu.edu.vn
Set parameter OutputFlag to value 1
Set parameter Threads to value 1
Set parameter Seed to value 0
Set parameter MIPGap to value 0
Set parameter MIPGapAbs to value 0
Set parameter TimeLimit to value 7199.695257746
Gurobi Optimizer version 13.0.2 build v13.0.2rc1 (linux64 - "Ubuntu 22.04.5 LTS")

CPU model: INTEL(R) XEON(R) PLATINUM 8581C CPU @ 2.30GHz, instruction set [SSE2|AVX|AVX2|AVX512]
Thread count: 4 physical cores, 8 logical processors, using up to 1 threads

Non-default parameters:
TimeLimit  7199.695257746
MIPGap  0
MIPGapAbs  0
Threads  1

Academic license 2663665 - for non-commercial use only - registered to tu___@vnu.edu.vn
Optimize a model with 2591 rows, 1978 columns and 11096 nonzeros (Min)
Model fingerprint: 0x8de59005
Model has 1 linear objective coefficients
Variable types: 0 continuous, 1978 integer (1936 binary)
Coefficient statistics:
  Matrix range     [1e+00, 1e+00]
  Objective range  [1e+00, 1e+00]
  Bounds range     [1e+00, 6e+00]
  RHS range        [1e+00, 2e+01]

Presolve removed 1828 rows and 773 columns
Presolve time: 0.01s
Presolved: 763 rows, 1205 columns, 4914 nonzeros
Variable types: 0 continuous, 1205 integer (1189 binary)

Root relaxation: objective 0.000000e+00, 1384 iterations, 0.03 seconds (0.04 work units)

    Nodes    |    Current Node    |     Objective Bounds      |     Work
 Expl Unexpl |  Obj  Depth IntInf | Incumbent    BestBd   Gap | It/Node Time

     0     0    0.00000    0  256          -    0.00000      -     -    0s
H    0     0                       4.0000000    0.00000   100%     -    0s
H    0     0                       1.0000000    0.00000   100%     -    0s
     0     0    0.00000    0  312    1.00000    0.00000   100%     -    0s
     0     0    0.00000    0  249    1.00000    0.00000   100%     -    0s
     0     0    0.00000    0  286    1.00000    0.00000   100%     -    0s
     0     0    0.00000    0   23    1.00000    0.00000   100%     -    0s
     0     0    0.00000    0  156    1.00000    0.00000   100%     -    0s
H    0     0                       0.0000000    0.00000  0.00%     -    0s

Cutting planes:
  Gomory: 1
  Cover: 5
  Clique: 8
  Zero half: 11
  RLT: 14

Explored 1 nodes (5564 simplex iterations) in 0.29 seconds (0.37 work units)
Thread count was 1 (of 8 available processors)

Solution count 3: 0 1 4 

Optimal solution found (tolerance 0.00e+00)
Best objective 0.000000000000e+00, best bound 0.000000000000e+00, gap 0.0000%
    SAT | IdleRange(P*)=0 | time=0.350406s | config=R-DC-IRP-GRB-MIP
    Excel: /home/dclng566/projects/Business-Meeting-Scheduling-Problem/output/gurobi/table03_excel/tic-12.original.xlsx
Instance forumt-14crafd.original: 1 run(s)
[20/20] forumt-14crafd.original | reduced | gurobi_mip | P=native_linear | G=distance_closure | n/a
Set parameter WLSAccessID
Set parameter WLSSecret
Set parameter LicenseID to value 2663665
Academic license 2663665 - for non-commercial use only - registered to tu___@vnu.edu.vn
Set parameter OutputFlag to value 1
Set parameter Threads to value 1
Set parameter Seed to value 0
Set parameter MIPGap to value 0
Set parameter MIPGapAbs to value 0
Set parameter TimeLimit to value 7199.624985091
Gurobi Optimizer version 13.0.2 build v13.0.2rc1 (linux64 - "Ubuntu 22.04.5 LTS")

CPU model: INTEL(R) XEON(R) PLATINUM 8581C CPU @ 2.30GHz, instruction set [SSE2|AVX|AVX2|AVX512]
Thread count: 4 physical cores, 8 logical processors, using up to 1 threads

Non-default parameters:
TimeLimit  7199.624985091
MIPGap  0
MIPGapAbs  0
Threads  1

Academic license 2663665 - for non-commercial use only - registered to tu___@vnu.edu.vn
Optimize a model with 4826 rows, 4088 columns and 23188 nonzeros (Min)
Model fingerprint: 0xc65002bc
Model has 1 linear objective coefficients
Variable types: 0 continuous, 4088 integer (4026 binary)
Coefficient statistics:
  Matrix range     [1e+00, 1e+00]
  Objective range  [1e+00, 1e+00]
  Bounds range     [1e+00, 8e+00]
  RHS range        [1e+00, 2e+01]

Presolve removed 3387 rows and 1402 columns
Presolve time: 0.04s
Presolved: 1439 rows, 2686 columns, 10780 nonzeros
Variable types: 0 continuous, 2686 integer (2660 binary)

Root relaxation: objective 2.000000e+00, 3435 iterations, 0.17 seconds (0.27 work units)

    Nodes    |    Current Node    |     Objective Bounds      |     Work
 Expl Unexpl |  Obj  Depth IntInf | Incumbent    BestBd   Gap | It/Node Time

     0     0    2.00000    0  463          -    2.00000      -     -    0s
     0     0    2.00000    0  419          -    2.00000      -     -    0s
     0     0    2.00000    0  426          -    2.00000      -     -    0s
     0     0    2.00000    0  423          -    2.00000      -     -    0s
     0     0    2.00000    0  129          -    2.00000      -     -    1s
     0     0    2.00000    0  155          -    2.00000      -     -    1s
*    0     0               0       2.0000000    2.00000  0.00%     -    1s

Cutting planes:
  Gomory: 1
  Clique: 15
  MIR: 1
  Zero half: 21
  RLT: 2

Explored 1 nodes (21822 simplex iterations) in 1.36 seconds (1.90 work units)
Thread count was 1 (of 8 available processors)

Solution count 1: 2 

Optimal solution found (tolerance 0.00e+00)
Best objective 2.000000000000e+00, best bound 2.000000000000e+00, gap 0.0000%
    SAT | IdleRange(P*)=2 | time=1.49073s | config=R-DC-IRP-GRB-MIP
    Excel: /home/dclng566/projects/Business-Meeting-Scheduling-Problem/output/gurobi/table03_excel/forumt-14crafd.original.xlsx
Detailed CSV: /home/dclng566/projects/Business-Meeting-Scheduling-Problem/output/gurobi/table03_detailed.csv
Aggregate CSV: /home/dclng566/projects/Business-Meeting-Scheduling-Problem/output/gurobi/table03_aggregate.csv
Per-instance Excel directory: /home/dclng566/projects/Business-Meeting-Scheduling-Problem/output/gurobi/table03_excel
Completed with errors=0, timeouts=0.
